******************************************************************************
                  MSP430 Linker PC v4.3.3                      
******************************************************************************
>> Linked Sat Sep 13 20:16:21 2014

OUTPUT FILE NAME:   <HomeAutomation.out>
ENTRY POINT SYMBOL: "_c_int00"  address: 00009d0a


MEMORY CONFIGURATION

         name            origin    length      used     unused   attr    fill
----------------------  --------  ---------  --------  --------  ----  --------
  SFR                   00000000   00000010  00000000  00000010  RWIX
  PERIPHERALS_8BIT      00000010   000000f0  00000000  000000f0  RWIX
  PERIPHERALS_16BIT     00000100   00000100  00000000  00000100  RWIX
  RAM                   00000200   00000400  00000165  0000029b  RWIX
  INFOD                 00001000   00000040  00000000  00000040  RWIX
  INFOC                 00001040   00000040  00000000  00000040  RWIX
  INFOB                 00001080   00000040  00000000  00000040  RWIX
  INFOA                 000010c0   00000040  00000000  00000040  RWIX
  FLASH                 00008000   00007fde  00002105  00005ed9  RWIX
  INT00                 0000ffe0   00000002  00000000  00000002  RWIX
  INT01                 0000ffe2   00000002  00000000  00000002  RWIX
  INT02                 0000ffe4   00000002  00000002  00000000  RWIX
  INT03                 0000ffe6   00000002  00000002  00000000  RWIX
  INT04                 0000ffe8   00000002  00000000  00000002  RWIX
  INT05                 0000ffea   00000002  00000002  00000000  RWIX
  INT06                 0000ffec   00000002  00000002  00000000  RWIX
  INT07                 0000ffee   00000002  00000002  00000000  RWIX
  INT08                 0000fff0   00000002  00000002  00000000  RWIX
  INT09                 0000fff2   00000002  00000002  00000000  RWIX
  INT10                 0000fff4   00000002  00000002  00000000  RWIX
  INT11                 0000fff6   00000002  00000000  00000002  RWIX
  INT12                 0000fff8   00000002  00000002  00000000  RWIX
  INT13                 0000fffa   00000002  00000002  00000000  RWIX
  INT14                 0000fffc   00000002  00000002  00000000  RWIX
  RESET                 0000fffe   00000002  00000002  00000000  RWIX


SECTION ALLOCATION MAP

 output                                  attributes/
section   page    origin      length       input sections
--------  ----  ----------  ----------   ----------------
.init_array 
*          0    00008000    00000000     UNINITIALIZED

.bss       0    00000200    000000c1     UNINITIALIZED
                  00000200    00000034     (.common:sInFrameQ)
                  00000234    00000034     (.common:sOutFrameQ)
                  00000268    00000032     (.common:uartBuff)
                  0000029a    00000018     (.common:mrfiIncomingPacket)
                  000002b2    00000004     (.common:rxMsg)
                  000002b6    00000004     (.common:sAPAddress)
                  000002ba    00000004     (.common:sMyRAMAddress)
                  000002be    00000002     (.common:sServiceLinkID)
                  000002c0    00000001     (.common:txMsg)

.TI.noinit 
*          0    00000200    00000000     UNINITIALIZED

.data      0    000002c2    00000054     UNINITIALIZED
                  000002c2    00000026     nwk.obj (.data)
                  000002e8    00000009     mrfi.obj (.data)
                  000002f1    00000001     bsp.obj (.data)
                  000002f2    00000008     nwk_frame.obj (.data)
                  000002fa    00000007     nwk_join.obj (.data)
                  00000301    00000001     nwk_api.obj (.data)
                  00000302    00000007     nwk_link.obj (.data)
                  00000309    00000001     nwk_globals.obj (.data)
                  0000030a    00000004     main_ap.obj (.data)
                  0000030e    00000004     mrfi.obj (.data:mrfiRxFilterAddr)
                  00000312    00000003     nwk_mgmt.obj (.data)
                  00000315    00000001     nwk_ping.obj (.data)

.TI.persistent 
*          0    000002c2    00000000     UNINITIALIZED

.stack     0    000005b0    00000050     UNINITIALIZED
                  000005b0    00000002     rts430_eabi.lib : boot.obj (.stack)
                  000005b2    0000004e     --HOLE--

.text      0    00008000    00001f68     
                  00008000    000001c6     mrfi.obj (.text:MRFI_Init)
                  000081c6    00000198     nwk_link.obj (.text:smpl_send_link_reply)
                  0000835e    0000012a     nwk_QMgmt.obj (.text:nwk_QfindOldest)
                  00008488    00000102     mrfi.obj (.text:MRFI_Transmit)
                  0000858a    000000fa     nwk_join.obj (.text:nwk_join)
                  00008684    000000de     nwk.obj (.text:nwk_allocateLocalRxPort)
                  00008762    000000d8     mrfi.obj (.text:Mrfi_SyncPinRxIsr)
                  0000883a    000000b2     nwk_frame.obj (.text:nwk_retrieveFrame)
                  000088ec    000000b0     nwk_api.obj (.text:SMPL_Ioctl)
                  0000899c    000000ae     nwk_frame.obj (.text:dispatchFrame)
                  00008a4a    000000a6     main_ap.obj (.text:sRxCallback)
                  00008af0    0000009e     nwk_frame.obj (.text:nwk_buildFrame)
                  00008b8e    00000086     nwk.obj (.text:nwk_nwkInit)
                  00008c14    00000082     main_ap.obj (.text:USCI0RX_ISR)
                  00008c96    00000082     nwk_QMgmt.obj (.text:nwk_QfindSlot)
                  00008d18    00000082     mrfi.obj (.text:spiBurstFifoAccess)
                  00008d9a    0000007e     nwk_api.obj (.text:SMPL_SendOpt)
                  00008e18    0000007a     virtual_com_cmds.obj (.text:itoa)
                  00008e92    00000078     nwk_ioctl.obj (.text:nwk_radioControl)
                  00008f0a    00000076     nwk_api.obj (.text:SMPL_LinkListen)
                  00008f80    00000068     nwk.obj (.text:nwk_isConnectionValid)
                  00008fe8    00000060     main_ap.obj (.text:ap_loop)
                  00009048    0000005e     rts430_eabi.lib : copy_decompress_rle.obj (.text:__TI_decompress_rle_core)
                  000090a6    0000005e                     : autoinit.obj (.text:_auto_init)
                  00009104    00000058                     : div32u.obj (.text)
                  0000915c    00000054     mrfi.obj (.text:MRFI_WakeUp)
                  000091b0    00000054     nwk_ioctl.obj (.text:nwk_rawSend)
                  00009204    00000050     nwk.obj (.text:nwk_getNextConnection)
                  00009254    0000004c     nwk_api.obj (.text:SMPL_Receive)
                  000092a0    0000004c     rts430_eabi.lib : lsr16.obj (.text)
                  000092ec    00000048     mrfi.obj (.text:mrfiSpiCmdStrobe)
                  00009334    00000046     mrfi.obj (.text:MRFI_RxAddrIsFiltered)
                  0000937a    00000046     nwk.obj (.text:nwk_isLinkDuplicate)
                  000093c0    00000046     nwk_ping.obj (.text:smpl_send_ping_reply)
                  00009406    00000044     mrfi.obj (.text:MRFI_Rssi)
                  0000944a    00000042     mrfi.obj (.text:spiRegAccess)
                  0000948c    0000003e     nwk.obj (.text:initializeConnection)
                  000094ca    0000003c     mrfi.obj (.text:MRFI_ReplyDelay)
                  00009506    0000003c     nwk.obj (.text:nwk_putNumObjectIntoMsg)
                  00009542    0000003a     nwk_link.obj (.text:nwk_getLocalLinkID)
                  0000957c    0000003a     nwk.obj (.text:nwk_isValidReply)
                  000095b6    0000003a     nwk_mgmt.obj (.text:nwk_processMgmt)
                  000095f0    00000034     mrfi.obj (.text:MRFI_SetRFPwr)
                  00009624    00000034     mrfi.obj (.text:MRFI_SetRxAddrFilter)
                  00009658    00000034     nwk_api.obj (.text:SMPL_Init)
                  0000968c    00000034     mrfi.obj (.text:mrfiSpiInit)
                  000096c0    00000034     nwk_ioctl.obj (.text:nwk_deviceAddress)
                  000096f4    00000032     mrfi.obj (.text:MRFI_SetLogicalChannel)
                  00009726    00000032     nwk_QMgmt.obj (.text:nwk_QadjustOrder)
                  00009758    00000032     nwk.obj (.text:nwk_getConnInfo)
                  0000978a    00000032     nwk_link.obj (.text:nwk_linkInit)
                  000097bc    00000030     mrfi.obj (.text:Mrfi_DelayUsecSem)
                  000097ec    00000030     nwk.obj (.text:map_lid2idx)
                  0000981c    00000030     nwk_ioctl.obj (.text:nwk_rawReceive)
                  0000984c    00000030     nwk_frame.obj (.text:nwk_sendFrame)
                  0000987c    0000002e     mrfi.obj (.text:Mrfi_CalculateRssi)
                  000098aa    0000002e     main_ap.obj (.text:main)
                  000098d8    0000002c     mrfi.obj (.text:Mrfi_RxModeOff)
                  00009904    0000002c     rts430_eabi.lib : div16s.obj (.text)
                  00009930    0000002a     mrfi.obj (.text:Mrfi_DelayUsec)
                  0000995a    0000002a     nwk.obj (.text:nwk_checkConnInfo)
                  00009984    00000028     virtual_com_cmds.obj (.text:COM_Init)
                  000099ac    00000028     nwk_ping.obj (.text:nwk_processPing)
                  000099d4    00000026     mrfi.obj (.text:Mrfi_RandomBackoffDelay)
                  000099fa    00000026     nwk_ioctl.obj (.text:nwk_connectionControl)
                  00009a20    00000026     nwk_globals.obj (.text:nwk_globalsInit)
                  00009a46    00000026     nwk_join.obj (.text:nwk_joinInit)
                  00009a6c    00000026     nwk_link.obj (.text:nwk_processLink)
                  00009a92    00000026     rts430_eabi.lib : mult32.obj (.text)
                  00009ab8    00000024     mrfi.obj (.text:MRFI_Sleep)
                  00009adc    00000022     mrfi.obj (.text:MRFI_EnableRxAddrFilter)
                  00009afe    00000022     mrfi.obj (.text:MRFI_RxOn)
                  00009b20    00000022     rts430_eabi.lib : memcmp.obj (.text:memcmp)
                  00009b42    00000020     bsp.obj (.text:BSP_Init)
                  00009b62    00000020     bsp.obj (.text:BSP_InitBoard)
                  00009b82    00000020     nwk_frame.obj (.text:MRFI_RxCompleteISR)
                  00009ba2    00000020     mrfi.obj (.text:MRFI_RxIdle)
                  00009bc2    00000020     nwk_link.obj (.text:handleLinkRequest)
                  00009be2    00000020     rts430_eabi.lib : memmov.obj (.text:memmove)
                  00009c02    00000020     nwk_frame.obj (.text:nwk_frameInit)
                  00009c22    00000020     nwk_join.obj (.text:nwk_processJoin)
                  00009c42    0000001e     bsp.obj (.text:BSP_Delay)
                  00009c60    0000001e     mrfi.obj (.text:mrfiSpiReadReg)
                  00009c7e    0000001e     nwk_QMgmt.obj (.text:nwk_QInit)
                  00009c9c    0000001c     mrfi.obj (.text:MRFI_GpioIsr)
                  00009cb8    0000001c     virtual_com_cmds.obj (.text:TXString)
                  00009cd4    0000001c     nwk_globals.obj (.text:nwk_setMyAddress)
                  00009cf0    0000001a     mrfi.obj (.text:BSP_GpioPort1Isr)
                  00009d0a    0000001a     rts430_eabi.lib : boot.obj (.text:_c_int00_noexit)
                  00009d24    0000001a     mrfi.obj (.text:mrfiSpiWriteReg)
                  00009d3e    00000018     mrfi.obj (.text:MRFI_DelayMs)
                  00009d56    00000016     mrfi.obj (.text:MRFI_RandomByte)
                  00009d6c    00000016     mrfi.obj (.text:Mrfi_RxModeOn)
                  00009d82    00000016     rts430_eabi.lib : div16u.obj (.text)
                  00009d98    00000014                     : copy_zero_init.obj (.text:decompress:ZI:__TI_zero_init)
                  00009dac    00000014     nwk_api.obj (.text:ioctlPreInitAccessIsOK)
                  00009dc0    00000014     rts430_eabi.lib : memset.obj (.text:memset)
                  00009dd4    00000014                     : mult16.obj (.text)
                  00009de8    00000014     virtual_com_cmds.obj (.text:trace)
                  00009dfc    00000012     bsp.obj (.text:BSP_InitLeds)
                  00009e0e    00000012     rts430_eabi.lib : copy_decompress_none.obj (.text:decompress:none:__TI_decompress_none)
                  00009e20    00000012                     : memcpy.obj (.text:memcpy)
                  00009e32    00000012     nwk_globals.obj (.text:nwk_getMyAddress)
                  00009e44    00000012     nwk_link.obj (.text:nwk_setLinkToken)
                  00009e56    00000010     rts430_eabi.lib : asr32.obj (.text:l_asr)
                  00009e66    00000010                     : epilog.obj (.text)
                  00009e76    0000000e     mrfi.obj (.text:MRFI_Receive)
                  00009e84    0000000e     mrfi.obj (.text:mrfiSpiWriteTxFifo)
                  00009e92    0000000e     nwk.obj (.text:nwk_getNumObjectFromMsg)
                  00009ea0    0000000e     nwk_globals.obj (.text:nwk_setAPAddress)
                  00009eae    0000000e     nwk_link.obj (.text:nwk_setListenContext)
                  00009ebc    0000000e     rts430_eabi.lib : strlen.obj (.text:strlen)
                  00009eca    0000000c     mrfi.obj (.text:MRFI_PostKillSem)
                  00009ed6    0000000c     nwk_ping.obj (.text:handlePingRequest)
                  00009ee2    0000000c     mrfi.obj (.text:mrfiSpiReadRxFifo)
                  00009eee    0000000a     bsp.obj (.text:BSP_InitButtons)
                  00009ef8    0000000a     bsp.obj (.text:BSP_InitDrivers)
                  00009f02    0000000a     bsp.obj (.text:_system_pre_init)
                  00009f0c    0000000a     nwk_mgmt.obj (.text:nwk_mgmtInit)
                  00009f16    0000000a     nwk_ping.obj (.text:nwk_pingInit)
                  00009f20    00000008     nwk_api.obj (.text:SMPL_Send)
                  00009f28    00000006     mrfi.obj (.text:MRFI_GetRadioState)
                  00009f2e    00000006     rts430_eabi.lib : isr_trap.obj (.text:__TI_ISR_TRAP)
                  00009f34    00000006                     : copy_decompress_rle.obj (.text:decompress:rle24:__TI_decompress_rle24)
                  00009f3a    00000006     nwk.obj (.text:nwk_freeConnection)
                  00009f40    00000006     nwk_globals.obj (.text:nwk_getBCastAddress)
                  00009f46    00000006     nwk_globals.obj (.text:nwk_getFWVersion)
                  00009f4c    00000006     nwk_frame.obj (.text:nwk_getMyRxType)
                  00009f52    00000006     nwk_globals.obj (.text:nwk_getProtocolVersion)
                  00009f58    00000004     rts430_eabi.lib : exit.obj (.text:abort)
                  00009f5c    00000004     nwk_freq.obj (.text:nwk_processFreq)
                  00009f60    00000004     nwk_security.obj (.text:nwk_processSecurity)
                  00009f64    00000002     nwk_freq.obj (.text:nwk_freqInit)
                  00009f66    00000002     nwk_security.obj (.text:nwk_securityInit)

.const     0    00009f68    0000017d     
                  00009f68    000000d8     main_ap.obj (.const:.string)
                  0000a040    00000048     virtual_com_cmds.obj (.const:.string)
                  0000a088    0000003c     mrfi.obj (.const:mrfiRadioCfg)
                  0000a0c4    0000000c     nwk_frame.obj (.const:func)
                  0000a0d0    00000009     nwk_globals.obj (.const)
                  0000a0d9    00000001     --HOLE-- [fill = 0]
                  0000a0da    00000004     mrfi.obj (.const:.string:mrfiBroadcastAddr)
                  0000a0de    00000004     mrfi.obj (.const:.string:mrfiLogicalChanTable)
                  0000a0e2    00000003     mrfi.obj (.const:.string:mrfiRFPowerTable)

.cinit     0    0000a0e6    00000020     
                  0000a0e6    0000000e     (.cinit..data.load) [load image, compression = rle]
                  0000a0f4    00000006     (__TI_handler_table)
                  0000a0fa    00000004     (.cinit..bss.load) [load image, compression = zero_init]
                  0000a0fe    00000008     (__TI_cinit_table)

PORT1      0    0000ffe4    00000002     
                  0000ffe4    00000002     rts430_eabi.lib : int02.obj (.int02)

PORT2      0    0000ffe6    00000002     
                  0000ffe6    00000002     mrfi.obj (.int03)

ADC10      0    0000ffea    00000002     
                  0000ffea    00000002     rts430_eabi.lib : int05.obj (.int05)

USCIAB0TX 
*          0    0000ffec    00000002     
                  0000ffec    00000002     rts430_eabi.lib : int06.obj (.int06)

USCIAB0RX 
*          0    0000ffee    00000002     
                  0000ffee    00000002     main_ap.obj (.int07)

TIMERA1    0    0000fff0    00000002     
                  0000fff0    00000002     rts430_eabi.lib : int08.obj (.int08)

TIMERA0    0    0000fff2    00000002     
                  0000fff2    00000002     rts430_eabi.lib : int09.obj (.int09)

WDT        0    0000fff4    00000002     
                  0000fff4    00000002     rts430_eabi.lib : int10.obj (.int10)

TIMERB1    0    0000fff8    00000002     
                  0000fff8    00000002     rts430_eabi.lib : int12.obj (.int12)

TIMERB0    0    0000fffa    00000002     
                  0000fffa    00000002     rts430_eabi.lib : int13.obj (.int13)

NMI        0    0000fffc    00000002     
                  0000fffc    00000002     rts430_eabi.lib : int14.obj (.int14)

.reset     0    0000fffe    00000002     
                  0000fffe    00000002     rts430_eabi.lib : boot.obj (.reset)


LINKER GENERATED COPY TABLES

__TI_cinit_table @ 0000a0fe records: 2, size/record: 4, table size: 8
	.data: load addr=0000a0e6, load size=0000000e bytes, run addr=000002c2, run size=00000054 bytes, compression=rle
	.bss: load addr=0000a0fa, load size=00000004 bytes, run addr=00000200, run size=000000c1 bytes, compression=zero_init


LINKER GENERATED HANDLER TABLE

__TI_handler_table @ 0000a0f4 records: 3, size/record: 2, table size: 6
	index: 0, handler: __TI_zero_init
	index: 1, handler: __TI_decompress_rle24
	index: 2, handler: __TI_decompress_none


GLOBAL SYMBOLS: SORTED ALPHABETICALLY BY Name 

address    name
--------   ----
0000004a   ADC10AE0
0000004b   ADC10AE1
000001b0   ADC10CTL0
000001b2   ADC10CTL1
00000048   ADC10DTC0
00000049   ADC10DTC1
000001b4   ADC10MEM
000001bc   ADC10SA
00000057   BCSCTL1
00000058   BCSCTL2
00000053   BCSCTL3
00009c42   BSP_Delay
00009cf0   BSP_GpioPort1Isr
00009b42   BSP_Init
00009b62   BSP_InitBoard
00009eee   BSP_InitButtons
00009ef8   BSP_InitDrivers
00009dfc   BSP_InitLeds
00009f58   C$$EXIT
000010fb   CALBC1_12MHZ
000010f9   CALBC1_16MHZ
000010ff   CALBC1_1MHZ
000010fd   CALBC1_8MHZ
000010fa   CALDCO_12MHZ
000010f8   CALDCO_16MHZ
000010fe   CALDCO_1MHZ
000010fc   CALDCO_8MHZ
00009984   COM_Init
00000056   DCOCTL
00000128   FCTL1
0000012a   FCTL2
0000012c   FCTL3
00000000   IE1
00000001   IE2
00000002   IFG1
00000003   IFG2
00009d3e   MRFI_DelayMs
00009adc   MRFI_EnableRxAddrFilter
00009f28   MRFI_GetRadioState
00009c9c   MRFI_GpioIsr
00008000   MRFI_Init
00009eca   MRFI_PostKillSem
00009d56   MRFI_RandomByte
00009e76   MRFI_Receive
000094ca   MRFI_ReplyDelay
00009406   MRFI_Rssi
00009334   MRFI_RxAddrIsFiltered
00009b82   MRFI_RxCompleteISR
00009ba2   MRFI_RxIdle
00009afe   MRFI_RxOn
000096f4   MRFI_SetLogicalChannel
000095f0   MRFI_SetRFPwr
00009624   MRFI_SetRxAddrFilter
00009ab8   MRFI_Sleep
00008488   MRFI_Transmit
0000915c   MRFI_WakeUp
000000c0   OA0CTL0
000000c1   OA0CTL1
000000c2   OA1CTL0
000000c3   OA1CTL1
00000022   P1DIR
00000025   P1IE
00000024   P1IES
00000023   P1IFG
00000020   P1IN
00000021   P1OUT
00000027   P1REN
00000026   P1SEL
0000002a   P2DIR
0000002d   P2IE
0000002c   P2IES
0000002b   P2IFG
00000028   P2IN
00000029   P2OUT
0000002f   P2REN
0000002e   P2SEL
0000001a   P3DIR
00000018   P3IN
00000019   P3OUT
00000010   P3REN
0000001b   P3SEL
0000001e   P4DIR
0000001c   P4IN
0000001d   P4OUT
00000011   P4REN
0000001f   P4SEL
00009658   SMPL_Init
000088ec   SMPL_Ioctl
00008f0a   SMPL_LinkListen
00009254   SMPL_Receive
00009f20   SMPL_Send
00008d9a   SMPL_SendOpt
00000172   TACCR0
00000174   TACCR1
00000176   TACCR2
00000162   TACCTL0
00000164   TACCTL1
00000166   TACCTL2
00000160   TACTL
0000012e   TAIV
00000170   TAR
00000192   TBCCR0
00000194   TBCCR1
00000196   TBCCR2
00000182   TBCCTL0
00000184   TBCCTL1
00000186   TBCCTL2
00000180   TBCTL
0000011e   TBIV
00000190   TBR
00009cb8   TXString
0000005d   UCA0ABCTL
00000062   UCA0BR0
00000063   UCA0BR1
00000060   UCA0CTL0
00000061   UCA0CTL1
0000005f   UCA0IRRCTL
0000005e   UCA0IRTCTL
00000064   UCA0MCTL
00000066   UCA0RXBUF
00000065   UCA0STAT
00000067   UCA0TXBUF
0000006a   UCB0BR0
0000006b   UCB0BR1
00000068   UCB0CTL0
00000069   UCB0CTL1
0000006c   UCB0I2CIE
00000118   UCB0I2COA
0000011a   UCB0I2CSA
0000006e   UCB0RXBUF
0000006d   UCB0STAT
0000006f   UCB0TXBUF
00008c14   USCI0RX_ISR
00000120   WDTCTL
00000600   __STACK_END
00000050   __STACK_SIZE
0000a0fe   __TI_CINIT_Base
0000a106   __TI_CINIT_Limit
0000a0f4   __TI_Handler_Table_Base
0000a0fa   __TI_Handler_Table_Limit
UNDEFED    __TI_INITARRAY_Base
UNDEFED    __TI_INITARRAY_Limit
00009f2e   __TI_ISR_TRAP
00000001   __TI_args_main
00009e0e   __TI_decompress_none
00009f34   __TI_decompress_rle24
00000001   __TI_exit
0000ffe4   __TI_int02
0000ffe6   __TI_int03
0000ffea   __TI_int05
0000ffec   __TI_int06
0000ffee   __TI_int07
0000fff0   __TI_int08
0000fff2   __TI_int09
0000fff4   __TI_int10
0000fff8   __TI_int12
0000fffa   __TI_int13
0000fffc   __TI_int14
00009d98   __TI_zero_init
ffffffff   __binit__
ffffffff   __c_args__
00009904   __mspabi_divi
00009d82   __mspabi_divu
00009104   __mspabi_divul
00009e72   __mspabi_func_epilog_1
00009e70   __mspabi_func_epilog_2
00009e6e   __mspabi_func_epilog_3
00009e6c   __mspabi_func_epilog_4
00009e6a   __mspabi_func_epilog_5
00009e68   __mspabi_func_epilog_6
00009e66   __mspabi_func_epilog_7
00009dd4   __mspabi_mpyi
00009a92   __mspabi_mpyl
00009904   __mspabi_remi
00009d82   __mspabi_remu
00009104   __mspabi_remul
00009e56   __mspabi_sral
000092a0   __mspabi_srli
000092e6   __mspabi_srli_1
000092c2   __mspabi_srli_10
000092be   __mspabi_srli_11
000092ba   __mspabi_srli_12
000092b6   __mspabi_srli_13
000092b2   __mspabi_srli_14
000092ae   __mspabi_srli_15
000092e2   __mspabi_srli_2
000092de   __mspabi_srli_3
000092da   __mspabi_srli_4
000092d6   __mspabi_srli_5
000092d2   __mspabi_srli_6
000092ce   __mspabi_srli_7
000092ca   __mspabi_srli_8
000092c6   __mspabi_srli_9
000090a6   _auto_init
00009d0a   _c_int00
00009d0a   _c_int00_noexit
0000fffe   _reset_vector
000005b0   _stack
00009f02   _system_pre_init
00009f58   abort
ffffffff   binit
00008e18   itoa
000098aa   main
00009b20   memcmp
00009e20   memcpy
00009be2   memmove
00009dc0   memset
0000a0da   mrfiBroadcastAddr
000092ec   mrfiSpiCmdStrobe
0000968c   mrfiSpiInit
00009c60   mrfiSpiReadReg
00009ee2   mrfiSpiReadRxFifo
00009d24   mrfiSpiWriteReg
00009e84   mrfiSpiWriteTxFifo
00009c7e   nwk_QInit
00009726   nwk_QadjustOrder
0000835e   nwk_QfindOldest
00008c96   nwk_QfindSlot
00008684   nwk_allocateLocalRxPort
00008af0   nwk_buildFrame
0000995a   nwk_checkConnInfo
000099fa   nwk_connectionControl
000096c0   nwk_deviceAddress
00009c02   nwk_frameInit
00009f3a   nwk_freeConnection
00009f64   nwk_freqInit
00009f40   nwk_getBCastAddress
00009758   nwk_getConnInfo
00009f46   nwk_getFWVersion
00009542   nwk_getLocalLinkID
00009e32   nwk_getMyAddress
00009f4c   nwk_getMyRxType
00009204   nwk_getNextConnection
00009e92   nwk_getNumObjectFromMsg
00009f52   nwk_getProtocolVersion
00009a20   nwk_globalsInit
00008f80   nwk_isConnectionValid
0000937a   nwk_isLinkDuplicate
0000957c   nwk_isValidReply
0000858a   nwk_join
00009a46   nwk_joinInit
0000978a   nwk_linkInit
00009f0c   nwk_mgmtInit
00008b8e   nwk_nwkInit
00009f16   nwk_pingInit
00009f5c   nwk_processFreq
00009c22   nwk_processJoin
00009a6c   nwk_processLink
000095b6   nwk_processMgmt
000099ac   nwk_processPing
00009f60   nwk_processSecurity
00009506   nwk_putNumObjectIntoMsg
00008e92   nwk_radioControl
0000981c   nwk_rawReceive
000091b0   nwk_rawSend
0000883a   nwk_retrieveFrame
00009f66   nwk_securityInit
0000984c   nwk_sendFrame
00009ea0   nwk_setAPAddress
00009e44   nwk_setLinkToken
00009eae   nwk_setListenContext
00009cd4   nwk_setMyAddress
000002b2   rxMsg
0000030c   sendMessage
00009ebc   strlen
00009de8   trace
000002c0   txMsg
00000268   uartBuff


GLOBAL SYMBOLS: SORTED BY Symbol Address 

address    name
--------   ----
00000000   IE1
00000001   IE2
00000001   __TI_args_main
00000001   __TI_exit
00000002   IFG1
00000003   IFG2
00000010   P3REN
00000011   P4REN
00000018   P3IN
00000019   P3OUT
0000001a   P3DIR
0000001b   P3SEL
0000001c   P4IN
0000001d   P4OUT
0000001e   P4DIR
0000001f   P4SEL
00000020   P1IN
00000021   P1OUT
00000022   P1DIR
00000023   P1IFG
00000024   P1IES
00000025   P1IE
00000026   P1SEL
00000027   P1REN
00000028   P2IN
00000029   P2OUT
0000002a   P2DIR
0000002b   P2IFG
0000002c   P2IES
0000002d   P2IE
0000002e   P2SEL
0000002f   P2REN
00000048   ADC10DTC0
00000049   ADC10DTC1
0000004a   ADC10AE0
0000004b   ADC10AE1
00000050   __STACK_SIZE
00000053   BCSCTL3
00000056   DCOCTL
00000057   BCSCTL1
00000058   BCSCTL2
0000005d   UCA0ABCTL
0000005e   UCA0IRTCTL
0000005f   UCA0IRRCTL
00000060   UCA0CTL0
00000061   UCA0CTL1
00000062   UCA0BR0
00000063   UCA0BR1
00000064   UCA0MCTL
00000065   UCA0STAT
00000066   UCA0RXBUF
00000067   UCA0TXBUF
00000068   UCB0CTL0
00000069   UCB0CTL1
0000006a   UCB0BR0
0000006b   UCB0BR1
0000006c   UCB0I2CIE
0000006d   UCB0STAT
0000006e   UCB0RXBUF
0000006f   UCB0TXBUF
000000c0   OA0CTL0
000000c1   OA0CTL1
000000c2   OA1CTL0
000000c3   OA1CTL1
00000118   UCB0I2COA
0000011a   UCB0I2CSA
0000011e   TBIV
00000120   WDTCTL
00000128   FCTL1
0000012a   FCTL2
0000012c   FCTL3
0000012e   TAIV
00000160   TACTL
00000162   TACCTL0
00000164   TACCTL1
00000166   TACCTL2
00000170   TAR
00000172   TACCR0
00000174   TACCR1
00000176   TACCR2
00000180   TBCTL
00000182   TBCCTL0
00000184   TBCCTL1
00000186   TBCCTL2
00000190   TBR
00000192   TBCCR0
00000194   TBCCR1
00000196   TBCCR2
000001b0   ADC10CTL0
000001b2   ADC10CTL1
000001b4   ADC10MEM
000001bc   ADC10SA
00000268   uartBuff
000002b2   rxMsg
000002c0   txMsg
0000030c   sendMessage
000005b0   _stack
00000600   __STACK_END
000010f8   CALDCO_16MHZ
000010f9   CALBC1_16MHZ
000010fa   CALDCO_12MHZ
000010fb   CALBC1_12MHZ
000010fc   CALDCO_8MHZ
000010fd   CALBC1_8MHZ
000010fe   CALDCO_1MHZ
000010ff   CALBC1_1MHZ
00008000   MRFI_Init
0000835e   nwk_QfindOldest
00008488   MRFI_Transmit
0000858a   nwk_join
00008684   nwk_allocateLocalRxPort
0000883a   nwk_retrieveFrame
000088ec   SMPL_Ioctl
00008af0   nwk_buildFrame
00008b8e   nwk_nwkInit
00008c14   USCI0RX_ISR
00008c96   nwk_QfindSlot
00008d9a   SMPL_SendOpt
00008e18   itoa
00008e92   nwk_radioControl
00008f0a   SMPL_LinkListen
00008f80   nwk_isConnectionValid
000090a6   _auto_init
00009104   __mspabi_divul
00009104   __mspabi_remul
0000915c   MRFI_WakeUp
000091b0   nwk_rawSend
00009204   nwk_getNextConnection
00009254   SMPL_Receive
000092a0   __mspabi_srli
000092ae   __mspabi_srli_15
000092b2   __mspabi_srli_14
000092b6   __mspabi_srli_13
000092ba   __mspabi_srli_12
000092be   __mspabi_srli_11
000092c2   __mspabi_srli_10
000092c6   __mspabi_srli_9
000092ca   __mspabi_srli_8
000092ce   __mspabi_srli_7
000092d2   __mspabi_srli_6
000092d6   __mspabi_srli_5
000092da   __mspabi_srli_4
000092de   __mspabi_srli_3
000092e2   __mspabi_srli_2
000092e6   __mspabi_srli_1
000092ec   mrfiSpiCmdStrobe
00009334   MRFI_RxAddrIsFiltered
0000937a   nwk_isLinkDuplicate
00009406   MRFI_Rssi
000094ca   MRFI_ReplyDelay
00009506   nwk_putNumObjectIntoMsg
00009542   nwk_getLocalLinkID
0000957c   nwk_isValidReply
000095b6   nwk_processMgmt
000095f0   MRFI_SetRFPwr
00009624   MRFI_SetRxAddrFilter
00009658   SMPL_Init
0000968c   mrfiSpiInit
000096c0   nwk_deviceAddress
000096f4   MRFI_SetLogicalChannel
00009726   nwk_QadjustOrder
00009758   nwk_getConnInfo
0000978a   nwk_linkInit
0000981c   nwk_rawReceive
0000984c   nwk_sendFrame
000098aa   main
00009904   __mspabi_divi
00009904   __mspabi_remi
0000995a   nwk_checkConnInfo
00009984   COM_Init
000099ac   nwk_processPing
000099fa   nwk_connectionControl
00009a20   nwk_globalsInit
00009a46   nwk_joinInit
00009a6c   nwk_processLink
00009a92   __mspabi_mpyl
00009ab8   MRFI_Sleep
00009adc   MRFI_EnableRxAddrFilter
00009afe   MRFI_RxOn
00009b20   memcmp
00009b42   BSP_Init
00009b62   BSP_InitBoard
00009b82   MRFI_RxCompleteISR
00009ba2   MRFI_RxIdle
00009be2   memmove
00009c02   nwk_frameInit
00009c22   nwk_processJoin
00009c42   BSP_Delay
00009c60   mrfiSpiReadReg
00009c7e   nwk_QInit
00009c9c   MRFI_GpioIsr
00009cb8   TXString
00009cd4   nwk_setMyAddress
00009cf0   BSP_GpioPort1Isr
00009d0a   _c_int00
00009d0a   _c_int00_noexit
00009d24   mrfiSpiWriteReg
00009d3e   MRFI_DelayMs
00009d56   MRFI_RandomByte
00009d82   __mspabi_divu
00009d82   __mspabi_remu
00009d98   __TI_zero_init
00009dc0   memset
00009dd4   __mspabi_mpyi
00009de8   trace
00009dfc   BSP_InitLeds
00009e0e   __TI_decompress_none
00009e20   memcpy
00009e32   nwk_getMyAddress
00009e44   nwk_setLinkToken
00009e56   __mspabi_sral
00009e66   __mspabi_func_epilog_7
00009e68   __mspabi_func_epilog_6
00009e6a   __mspabi_func_epilog_5
00009e6c   __mspabi_func_epilog_4
00009e6e   __mspabi_func_epilog_3
00009e70   __mspabi_func_epilog_2
00009e72   __mspabi_func_epilog_1
00009e76   MRFI_Receive
00009e84   mrfiSpiWriteTxFifo
00009e92   nwk_getNumObjectFromMsg
00009ea0   nwk_setAPAddress
00009eae   nwk_setListenContext
00009ebc   strlen
00009eca   MRFI_PostKillSem
00009ee2   mrfiSpiReadRxFifo
00009eee   BSP_InitButtons
00009ef8   BSP_InitDrivers
00009f02   _system_pre_init
00009f0c   nwk_mgmtInit
00009f16   nwk_pingInit
00009f20   SMPL_Send
00009f28   MRFI_GetRadioState
00009f2e   __TI_ISR_TRAP
00009f34   __TI_decompress_rle24
00009f3a   nwk_freeConnection
00009f40   nwk_getBCastAddress
00009f46   nwk_getFWVersion
00009f4c   nwk_getMyRxType
00009f52   nwk_getProtocolVersion
00009f58   C$$EXIT
00009f58   abort
00009f5c   nwk_processFreq
00009f60   nwk_processSecurity
00009f64   nwk_freqInit
00009f66   nwk_securityInit
0000a0da   mrfiBroadcastAddr
0000a0f4   __TI_Handler_Table_Base
0000a0fa   __TI_Handler_Table_Limit
0000a0fe   __TI_CINIT_Base
0000a106   __TI_CINIT_Limit
0000ffe4   __TI_int02
0000ffe6   __TI_int03
0000ffea   __TI_int05
0000ffec   __TI_int06
0000ffee   __TI_int07
0000fff0   __TI_int08
0000fff2   __TI_int09
0000fff4   __TI_int10
0000fff8   __TI_int12
0000fffa   __TI_int13
0000fffc   __TI_int14
0000fffe   _reset_vector
ffffffff   __binit__
ffffffff   __c_args__
ffffffff   binit
UNDEFED    __TI_INITARRAY_Base
UNDEFED    __TI_INITARRAY_Limit

[268 symbols]
