<?xml version="1.0"?>
<link_info>
   <banner>MSP430 Linker PC v4.3.3</banner>
   <copyright>Copyright (c) 2003-2014 Texas Instruments Incorporated</copyright>
   <link_time>0x541489f5</link_time>
   <link_errors>0x0</link_errors>
   <output_file>HomeAutomation.out</output_file>
   <entry_point>
      <name>_c_int00</name>
      <address>0x9d0a</address>
   </entry_point>
   <input_file_list>
      <input_file id="fl-2">
         <path>.\</path>
         <kind>object</kind>
         <file>helpers.obj</file>
         <name>helpers.obj</name>
      </input_file>
      <input_file id="fl-3">
         <path>.\</path>
         <kind>object</kind>
         <file>main_ap.obj</file>
         <name>main_ap.obj</name>
      </input_file>
      <input_file id="fl-4">
         <path>.\</path>
         <kind>object</kind>
         <file>virtual_com_cmds.obj</file>
         <name>virtual_com_cmds.obj</name>
      </input_file>
      <input_file id="fl-5">
         <path>.\Components\simpliciti\nwk_applications\</path>
         <kind>object</kind>
         <file>nwk_freq.obj</file>
         <name>nwk_freq.obj</name>
      </input_file>
      <input_file id="fl-6">
         <path>.\Components\simpliciti\nwk_applications\</path>
         <kind>object</kind>
         <file>nwk_ioctl.obj</file>
         <name>nwk_ioctl.obj</name>
      </input_file>
      <input_file id="fl-7">
         <path>.\Components\simpliciti\nwk_applications\</path>
         <kind>object</kind>
         <file>nwk_join.obj</file>
         <name>nwk_join.obj</name>
      </input_file>
      <input_file id="fl-8">
         <path>.\Components\simpliciti\nwk_applications\</path>
         <kind>object</kind>
         <file>nwk_link.obj</file>
         <name>nwk_link.obj</name>
      </input_file>
      <input_file id="fl-9">
         <path>.\Components\simpliciti\nwk_applications\</path>
         <kind>object</kind>
         <file>nwk_mgmt.obj</file>
         <name>nwk_mgmt.obj</name>
      </input_file>
      <input_file id="fl-a">
         <path>.\Components\simpliciti\nwk_applications\</path>
         <kind>object</kind>
         <file>nwk_ping.obj</file>
         <name>nwk_ping.obj</name>
      </input_file>
      <input_file id="fl-b">
         <path>.\Components\simpliciti\nwk_applications\</path>
         <kind>object</kind>
         <file>nwk_security.obj</file>
         <name>nwk_security.obj</name>
      </input_file>
      <input_file id="fl-c">
         <path>.\Components\simpliciti\nwk\</path>
         <kind>object</kind>
         <file>nwk.obj</file>
         <name>nwk.obj</name>
      </input_file>
      <input_file id="fl-d">
         <path>.\Components\simpliciti\nwk\</path>
         <kind>object</kind>
         <file>nwk_QMgmt.obj</file>
         <name>nwk_QMgmt.obj</name>
      </input_file>
      <input_file id="fl-e">
         <path>.\Components\simpliciti\nwk\</path>
         <kind>object</kind>
         <file>nwk_api.obj</file>
         <name>nwk_api.obj</name>
      </input_file>
      <input_file id="fl-f">
         <path>.\Components\simpliciti\nwk\</path>
         <kind>object</kind>
         <file>nwk_frame.obj</file>
         <name>nwk_frame.obj</name>
      </input_file>
      <input_file id="fl-10">
         <path>.\Components\simpliciti\nwk\</path>
         <kind>object</kind>
         <file>nwk_globals.obj</file>
         <name>nwk_globals.obj</name>
      </input_file>
      <input_file id="fl-11">
         <path>.\Components\mrfi\</path>
         <kind>object</kind>
         <file>mrfi.obj</file>
         <name>mrfi.obj</name>
      </input_file>
      <input_file id="fl-12">
         <path>.\Components\bsp\</path>
         <kind>object</kind>
         <file>bsp.obj</file>
         <name>bsp.obj</name>
      </input_file>
      <input_file id="fl-40">
         <path>C:\PRojects\ccsv6\tools\compiler\msp430_4.3.3\lib\</path>
         <kind>archive</kind>
         <file>rts430_eabi.lib</file>
         <name>asr32.obj</name>
      </input_file>
      <input_file id="fl-41">
         <path>C:\PRojects\ccsv6\tools\compiler\msp430_4.3.3\lib\</path>
         <kind>archive</kind>
         <file>rts430_eabi.lib</file>
         <name>boot.obj</name>
      </input_file>
      <input_file id="fl-42">
         <path>C:\PRojects\ccsv6\tools\compiler\msp430_4.3.3\lib\</path>
         <kind>archive</kind>
         <file>rts430_eabi.lib</file>
         <name>copy_decompress_none.obj</name>
      </input_file>
      <input_file id="fl-43">
         <path>C:\PRojects\ccsv6\tools\compiler\msp430_4.3.3\lib\</path>
         <kind>archive</kind>
         <file>rts430_eabi.lib</file>
         <name>copy_decompress_rle.obj</name>
      </input_file>
      <input_file id="fl-44">
         <path>C:\PRojects\ccsv6\tools\compiler\msp430_4.3.3\lib\</path>
         <kind>archive</kind>
         <file>rts430_eabi.lib</file>
         <name>copy_zero_init.obj</name>
      </input_file>
      <input_file id="fl-45">
         <path>C:\PRojects\ccsv6\tools\compiler\msp430_4.3.3\lib\</path>
         <kind>archive</kind>
         <file>rts430_eabi.lib</file>
         <name>cvtfd.obj</name>
      </input_file>
      <input_file id="fl-46">
         <path>C:\PRojects\ccsv6\tools\compiler\msp430_4.3.3\lib\</path>
         <kind>archive</kind>
         <file>rts430_eabi.lib</file>
         <name>div16s.obj</name>
      </input_file>
      <input_file id="fl-47">
         <path>C:\PRojects\ccsv6\tools\compiler\msp430_4.3.3\lib\</path>
         <kind>archive</kind>
         <file>rts430_eabi.lib</file>
         <name>div16u.obj</name>
      </input_file>
      <input_file id="fl-48">
         <path>C:\PRojects\ccsv6\tools\compiler\msp430_4.3.3\lib\</path>
         <kind>archive</kind>
         <file>rts430_eabi.lib</file>
         <name>div32u.obj</name>
      </input_file>
      <input_file id="fl-49">
         <path>C:\PRojects\ccsv6\tools\compiler\msp430_4.3.3\lib\</path>
         <kind>archive</kind>
         <file>rts430_eabi.lib</file>
         <name>epilog.obj</name>
      </input_file>
      <input_file id="fl-4a">
         <path>C:\PRojects\ccsv6\tools\compiler\msp430_4.3.3\lib\</path>
         <kind>archive</kind>
         <file>rts430_eabi.lib</file>
         <name>exit.obj</name>
      </input_file>
      <input_file id="fl-4b">
         <path>C:\PRojects\ccsv6\tools\compiler\msp430_4.3.3\lib\</path>
         <kind>archive</kind>
         <file>rts430_eabi.lib</file>
         <name>fixdi.obj</name>
      </input_file>
      <input_file id="fl-4c">
         <path>C:\PRojects\ccsv6\tools\compiler\msp430_4.3.3\lib\</path>
         <kind>archive</kind>
         <file>rts430_eabi.lib</file>
         <name>fixdli.obj</name>
      </input_file>
      <input_file id="fl-4d">
         <path>C:\PRojects\ccsv6\tools\compiler\msp430_4.3.3\lib\</path>
         <kind>archive</kind>
         <file>rts430_eabi.lib</file>
         <name>fs_itof.obj</name>
      </input_file>
      <input_file id="fl-4e">
         <path>C:\PRojects\ccsv6\tools\compiler\msp430_4.3.3\lib\</path>
         <kind>archive</kind>
         <file>rts430_eabi.lib</file>
         <name>int02.obj</name>
      </input_file>
      <input_file id="fl-4f">
         <path>C:\PRojects\ccsv6\tools\compiler\msp430_4.3.3\lib\</path>
         <kind>archive</kind>
         <file>rts430_eabi.lib</file>
         <name>int05.obj</name>
      </input_file>
      <input_file id="fl-50">
         <path>C:\PRojects\ccsv6\tools\compiler\msp430_4.3.3\lib\</path>
         <kind>archive</kind>
         <file>rts430_eabi.lib</file>
         <name>int06.obj</name>
      </input_file>
      <input_file id="fl-51">
         <path>C:\PRojects\ccsv6\tools\compiler\msp430_4.3.3\lib\</path>
         <kind>archive</kind>
         <file>rts430_eabi.lib</file>
         <name>int08.obj</name>
      </input_file>
      <input_file id="fl-52">
         <path>C:\PRojects\ccsv6\tools\compiler\msp430_4.3.3\lib\</path>
         <kind>archive</kind>
         <file>rts430_eabi.lib</file>
         <name>int09.obj</name>
      </input_file>
      <input_file id="fl-53">
         <path>C:\PRojects\ccsv6\tools\compiler\msp430_4.3.3\lib\</path>
         <kind>archive</kind>
         <file>rts430_eabi.lib</file>
         <name>int10.obj</name>
      </input_file>
      <input_file id="fl-54">
         <path>C:\PRojects\ccsv6\tools\compiler\msp430_4.3.3\lib\</path>
         <kind>archive</kind>
         <file>rts430_eabi.lib</file>
         <name>int12.obj</name>
      </input_file>
      <input_file id="fl-55">
         <path>C:\PRojects\ccsv6\tools\compiler\msp430_4.3.3\lib\</path>
         <kind>archive</kind>
         <file>rts430_eabi.lib</file>
         <name>int13.obj</name>
      </input_file>
      <input_file id="fl-56">
         <path>C:\PRojects\ccsv6\tools\compiler\msp430_4.3.3\lib\</path>
         <kind>archive</kind>
         <file>rts430_eabi.lib</file>
         <name>int14.obj</name>
      </input_file>
      <input_file id="fl-57">
         <path>C:\PRojects\ccsv6\tools\compiler\msp430_4.3.3\lib\</path>
         <kind>archive</kind>
         <file>rts430_eabi.lib</file>
         <name>isr_trap.obj</name>
      </input_file>
      <input_file id="fl-58">
         <path>C:\PRojects\ccsv6\tools\compiler\msp430_4.3.3\lib\</path>
         <kind>archive</kind>
         <file>rts430_eabi.lib</file>
         <name>lsl16.obj</name>
      </input_file>
      <input_file id="fl-59">
         <path>C:\PRojects\ccsv6\tools\compiler\msp430_4.3.3\lib\</path>
         <kind>archive</kind>
         <file>rts430_eabi.lib</file>
         <name>lsl32.obj</name>
      </input_file>
      <input_file id="fl-5a">
         <path>C:\PRojects\ccsv6\tools\compiler\msp430_4.3.3\lib\</path>
         <kind>archive</kind>
         <file>rts430_eabi.lib</file>
         <name>lsr16.obj</name>
      </input_file>
      <input_file id="fl-5b">
         <path>C:\PRojects\ccsv6\tools\compiler\msp430_4.3.3\lib\</path>
         <kind>archive</kind>
         <file>rts430_eabi.lib</file>
         <name>lsr32.obj</name>
      </input_file>
      <input_file id="fl-5c">
         <path>C:\PRojects\ccsv6\tools\compiler\msp430_4.3.3\lib\</path>
         <kind>archive</kind>
         <file>rts430_eabi.lib</file>
         <name>memcmp.obj</name>
      </input_file>
      <input_file id="fl-5d">
         <path>C:\PRojects\ccsv6\tools\compiler\msp430_4.3.3\lib\</path>
         <kind>archive</kind>
         <file>rts430_eabi.lib</file>
         <name>memcpy.obj</name>
      </input_file>
      <input_file id="fl-5e">
         <path>C:\PRojects\ccsv6\tools\compiler\msp430_4.3.3\lib\</path>
         <kind>archive</kind>
         <file>rts430_eabi.lib</file>
         <name>memmov.obj</name>
      </input_file>
      <input_file id="fl-5f">
         <path>C:\PRojects\ccsv6\tools\compiler\msp430_4.3.3\lib\</path>
         <kind>archive</kind>
         <file>rts430_eabi.lib</file>
         <name>memset.obj</name>
      </input_file>
      <input_file id="fl-60">
         <path>C:\PRojects\ccsv6\tools\compiler\msp430_4.3.3\lib\</path>
         <kind>archive</kind>
         <file>rts430_eabi.lib</file>
         <name>mpu_init.obj</name>
      </input_file>
      <input_file id="fl-61">
         <path>C:\PRojects\ccsv6\tools\compiler\msp430_4.3.3\lib\</path>
         <kind>archive</kind>
         <file>rts430_eabi.lib</file>
         <name>mpyd.obj</name>
      </input_file>
      <input_file id="fl-62">
         <path>C:\PRojects\ccsv6\tools\compiler\msp430_4.3.3\lib\</path>
         <kind>archive</kind>
         <file>rts430_eabi.lib</file>
         <name>mult16.obj</name>
      </input_file>
      <input_file id="fl-63">
         <path>C:\PRojects\ccsv6\tools\compiler\msp430_4.3.3\lib\</path>
         <kind>archive</kind>
         <file>rts430_eabi.lib</file>
         <name>mult32.obj</name>
      </input_file>
      <input_file id="fl-64">
         <path>C:\PRojects\ccsv6\tools\compiler\msp430_4.3.3\lib\</path>
         <kind>archive</kind>
         <file>rts430_eabi.lib</file>
         <name>strlen.obj</name>
      </input_file>
      <input_file id="fl-65">
         <path>C:\PRojects\ccsv6\tools\compiler\msp430_4.3.3\lib\</path>
         <kind>archive</kind>
         <file>rts430_eabi.lib</file>
         <name>_lock.obj</name>
      </input_file>
      <input_file id="fl-66">
         <path>C:\PRojects\ccsv6\tools\compiler\msp430_4.3.3\lib\</path>
         <kind>archive</kind>
         <file>rts430_eabi.lib</file>
         <name>args_main.obj</name>
      </input_file>
      <input_file id="fl-67">
         <path>C:\PRojects\ccsv6\tools\compiler\msp430_4.3.3\lib\</path>
         <kind>archive</kind>
         <file>rts430_eabi.lib</file>
         <name>asr16.obj</name>
      </input_file>
      <input_file id="fl-68">
         <path>C:\PRojects\ccsv6\tools\compiler\msp430_4.3.3\lib\</path>
         <kind>archive</kind>
         <file>rts430_eabi.lib</file>
         <name>autoinit.obj</name>
      </input_file>
      <input_file id="fl-69">
         <path>C:\PRojects\ccsv6\tools\compiler\msp430_4.3.3\lib\</path>
         <kind>archive</kind>
         <file>rts430_eabi.lib</file>
         <name>frcmpyd.obj</name>
      </input_file>
   </input_file_list>
   <object_component_list>
      <object_component id="oc-50">
         <name>.stack</name>
         <uninitialized>true</uninitialized>
         <run_address>0x5b0</run_address>
         <size>0x2</size>
         <input_file_ref idref="fl-41"/>
      </object_component>
      <object_component id="oc-54b">
         <name>.stack</name>
         <uninitialized>true</uninitialized>
         <run_address>0x5b0</run_address>
         <size>0x0</size>
      </object_component>
      <object_component id="oc-15b">
         <name>.text:MRFI_Init</name>
         <load_address>0x8000</load_address>
         <run_address>0x8000</run_address>
         <size>0x1c6</size>
         <input_file_ref idref="fl-11"/>
      </object_component>
      <object_component id="oc-4db">
         <name>.text:smpl_send_link_reply</name>
         <load_address>0x81c6</load_address>
         <run_address>0x81c6</run_address>
         <size>0x198</size>
         <input_file_ref idref="fl-8"/>
      </object_component>
      <object_component id="oc-376">
         <name>.text:nwk_QfindOldest</name>
         <load_address>0x835e</load_address>
         <run_address>0x835e</run_address>
         <size>0x12a</size>
         <input_file_ref idref="fl-d"/>
      </object_component>
      <object_component id="oc-46a">
         <name>.text:MRFI_Transmit</name>
         <load_address>0x8488</load_address>
         <run_address>0x8488</run_address>
         <size>0x102</size>
         <input_file_ref idref="fl-11"/>
      </object_component>
      <object_component id="oc-17f">
         <name>.text:nwk_join</name>
         <load_address>0x858a</load_address>
         <run_address>0x858a</run_address>
         <size>0xfa</size>
         <input_file_ref idref="fl-7"/>
      </object_component>
      <object_component id="oc-4f7">
         <name>.text:nwk_allocateLocalRxPort</name>
         <load_address>0x8684</load_address>
         <run_address>0x8684</run_address>
         <size>0xde</size>
         <input_file_ref idref="fl-c"/>
      </object_component>
      <object_component id="oc-fb">
         <name>.text:Mrfi_SyncPinRxIsr</name>
         <load_address>0x8762</load_address>
         <run_address>0x8762</run_address>
         <size>0xd8</size>
         <input_file_ref idref="fl-11"/>
      </object_component>
      <object_component id="oc-204">
         <name>.text:nwk_retrieveFrame</name>
         <load_address>0x883a</load_address>
         <run_address>0x883a</run_address>
         <size>0xb2</size>
         <input_file_ref idref="fl-f"/>
      </object_component>
      <object_component id="oc-18d">
         <name>.text:SMPL_Ioctl</name>
         <load_address>0x88ec</load_address>
         <run_address>0x88ec</run_address>
         <size>0xb0</size>
         <input_file_ref idref="fl-e"/>
      </object_component>
      <object_component id="oc-35a">
         <name>.text:dispatchFrame</name>
         <load_address>0x899c</load_address>
         <run_address>0x899c</run_address>
         <size>0xae</size>
         <input_file_ref idref="fl-f"/>
      </object_component>
      <object_component id="oc-d4">
         <name>.text:sRxCallback</name>
         <load_address>0x8a4a</load_address>
         <run_address>0x8a4a</run_address>
         <size>0xa6</size>
         <input_file_ref idref="fl-3"/>
      </object_component>
      <object_component id="oc-418">
         <name>.text:nwk_buildFrame</name>
         <load_address>0x8af0</load_address>
         <run_address>0x8af0</run_address>
         <size>0x9e</size>
         <input_file_ref idref="fl-f"/>
      </object_component>
      <object_component id="oc-161">
         <name>.text:nwk_nwkInit</name>
         <load_address>0x8b8e</load_address>
         <run_address>0x8b8e</run_address>
         <size>0x86</size>
         <input_file_ref idref="fl-c"/>
      </object_component>
      <object_component id="oc-5f">
         <name>.text:USCI0RX_ISR</name>
         <load_address>0x8c14</load_address>
         <run_address>0x8c14</run_address>
         <size>0x82</size>
         <input_file_ref idref="fl-3"/>
      </object_component>
      <object_component id="oc-34e">
         <name>.text:nwk_QfindSlot</name>
         <load_address>0x8c96</load_address>
         <run_address>0x8c96</run_address>
         <size>0x82</size>
         <input_file_ref idref="fl-d"/>
      </object_component>
      <object_component id="oc-341">
         <name>.text:spiBurstFifoAccess</name>
         <load_address>0x8d18</load_address>
         <run_address>0x8d18</run_address>
         <size>0x82</size>
         <input_file_ref idref="fl-11"/>
      </object_component>
      <object_component id="oc-331">
         <name>.text:SMPL_SendOpt</name>
         <load_address>0x8d9a</load_address>
         <run_address>0x8d9a</run_address>
         <size>0x7e</size>
         <input_file_ref idref="fl-e"/>
      </object_component>
      <object_component id="oc-147">
         <name>.text:itoa</name>
         <load_address>0x8e18</load_address>
         <run_address>0x8e18</run_address>
         <size>0x7a</size>
         <input_file_ref idref="fl-4"/>
      </object_component>
      <object_component id="oc-31d">
         <name>.text:nwk_radioControl</name>
         <load_address>0x8e92</load_address>
         <run_address>0x8e92</run_address>
         <size>0x78</size>
         <input_file_ref idref="fl-6"/>
      </object_component>
      <object_component id="oc-187">
         <name>.text:SMPL_LinkListen</name>
         <load_address>0x8f0a</load_address>
         <run_address>0x8f0a</run_address>
         <size>0x76</size>
         <input_file_ref idref="fl-e"/>
      </object_component>
      <object_component id="oc-439">
         <name>.text:nwk_isConnectionValid</name>
         <load_address>0x8f80</load_address>
         <run_address>0x8f80</run_address>
         <size>0x68</size>
         <input_file_ref idref="fl-c"/>
      </object_component>
      <object_component id="oc-e0">
         <name>.text:ap_loop</name>
         <load_address>0x8fe8</load_address>
         <run_address>0x8fe8</run_address>
         <size>0x60</size>
         <input_file_ref idref="fl-3"/>
      </object_component>
      <object_component id="oc-92">
         <name>.text:__TI_decompress_rle_core</name>
         <load_address>0x9048</load_address>
         <run_address>0x9048</run_address>
         <size>0x5e</size>
         <input_file_ref idref="fl-43"/>
      </object_component>
      <object_component id="oc-6b">
         <name>.text:_auto_init</name>
         <load_address>0x90a6</load_address>
         <run_address>0x90a6</run_address>
         <size>0x5e</size>
         <input_file_ref idref="fl-68"/>
      </object_component>
      <object_component id="oc-24b">
         <name>.text</name>
         <load_address>0x9104</load_address>
         <run_address>0x9104</run_address>
         <size>0x58</size>
         <input_file_ref idref="fl-48"/>
      </object_component>
      <object_component id="oc-167">
         <name>.text:MRFI_WakeUp</name>
         <load_address>0x915c</load_address>
         <run_address>0x915c</run_address>
         <size>0x54</size>
         <input_file_ref idref="fl-11"/>
      </object_component>
      <object_component id="oc-323">
         <name>.text:nwk_rawSend</name>
         <load_address>0x91b0</load_address>
         <run_address>0x91b0</run_address>
         <size>0x54</size>
         <input_file_ref idref="fl-6"/>
      </object_component>
      <object_component id="oc-4f1">
         <name>.text:nwk_getNextConnection</name>
         <load_address>0x9204</load_address>
         <run_address>0x9204</run_address>
         <size>0x50</size>
         <input_file_ref idref="fl-c"/>
      </object_component>
      <object_component id="oc-13f">
         <name>.text:SMPL_Receive</name>
         <load_address>0x9254</load_address>
         <run_address>0x9254</run_address>
         <size>0x4c</size>
         <input_file_ref idref="fl-e"/>
      </object_component>
      <object_component id="oc-250">
         <name>.text</name>
         <load_address>0x92a0</load_address>
         <run_address>0x92a0</run_address>
         <size>0x4c</size>
         <input_file_ref idref="fl-5a"/>
      </object_component>
      <object_component id="oc-1d6">
         <name>.text:mrfiSpiCmdStrobe</name>
         <load_address>0x92ec</load_address>
         <run_address>0x92ec</run_address>
         <size>0x48</size>
         <input_file_ref idref="fl-11"/>
      </object_component>
      <object_component id="oc-1c1">
         <name>.text:MRFI_RxAddrIsFiltered</name>
         <load_address>0x9334</load_address>
         <run_address>0x9334</run_address>
         <size>0x46</size>
         <input_file_ref idref="fl-11"/>
      </object_component>
      <object_component id="oc-4eb">
         <name>.text:nwk_isLinkDuplicate</name>
         <load_address>0x937a</load_address>
         <run_address>0x937a</run_address>
         <size>0x46</size>
         <input_file_ref idref="fl-c"/>
      </object_component>
      <object_component id="oc-4d4">
         <name>.text:smpl_send_ping_reply</name>
         <load_address>0x93c0</load_address>
         <run_address>0x93c0</run_address>
         <size>0x46</size>
         <input_file_ref idref="fl-a"/>
      </object_component>
      <object_component id="oc-411">
         <name>.text:MRFI_Rssi</name>
         <load_address>0x9406</load_address>
         <run_address>0x9406</run_address>
         <size>0x44</size>
         <input_file_ref idref="fl-11"/>
      </object_component>
      <object_component id="oc-33a">
         <name>.text:spiRegAccess</name>
         <load_address>0x944a</load_address>
         <run_address>0x944a</run_address>
         <size>0x42</size>
         <input_file_ref idref="fl-11"/>
      </object_component>
      <object_component id="oc-507">
         <name>.text:initializeConnection</name>
         <load_address>0x948c</load_address>
         <run_address>0x948c</run_address>
         <size>0x3e</size>
         <input_file_ref idref="fl-c"/>
      </object_component>
      <object_component id="oc-2c7">
         <name>.text:MRFI_ReplyDelay</name>
         <load_address>0x94ca</load_address>
         <run_address>0x94ca</run_address>
         <size>0x3c</size>
         <input_file_ref idref="fl-11"/>
      </object_component>
      <object_component id="oc-2b5">
         <name>.text:nwk_putNumObjectIntoMsg</name>
         <load_address>0x9506</load_address>
         <run_address>0x9506</run_address>
         <size>0x3c</size>
         <input_file_ref idref="fl-c"/>
      </object_component>
      <object_component id="oc-2fe">
         <name>.text:nwk_getLocalLinkID</name>
         <load_address>0x9542</load_address>
         <run_address>0x9542</run_address>
         <size>0x3a</size>
         <input_file_ref idref="fl-8"/>
      </object_component>
      <object_component id="oc-4b7">
         <name>.text:nwk_isValidReply</name>
         <load_address>0x957c</load_address>
         <run_address>0x957c</run_address>
         <size>0x3a</size>
         <input_file_ref idref="fl-c"/>
      </object_component>
      <object_component id="oc-491">
         <name>.text:nwk_processMgmt</name>
         <load_address>0x95b6</load_address>
         <run_address>0x95b6</run_address>
         <size>0x3a</size>
         <input_file_ref idref="fl-9"/>
      </object_component>
      <object_component id="oc-235">
         <name>.text:MRFI_SetRFPwr</name>
         <load_address>0x95f0</load_address>
         <run_address>0x95f0</run_address>
         <size>0x34</size>
         <input_file_ref idref="fl-11"/>
      </object_component>
      <object_component id="oc-173">
         <name>.text:MRFI_SetRxAddrFilter</name>
         <load_address>0x9624</load_address>
         <run_address>0x9624</run_address>
         <size>0x34</size>
         <input_file_ref idref="fl-11"/>
      </object_component>
      <object_component id="oc-da">
         <name>.text:SMPL_Init</name>
         <load_address>0x9658</load_address>
         <run_address>0x9658</run_address>
         <size>0x34</size>
         <input_file_ref idref="fl-e"/>
      </object_component>
      <object_component id="oc-21a">
         <name>.text:mrfiSpiInit</name>
         <load_address>0x968c</load_address>
         <run_address>0x968c</run_address>
         <size>0x34</size>
         <input_file_ref idref="fl-11"/>
      </object_component>
      <object_component id="oc-317">
         <name>.text:nwk_deviceAddress</name>
         <load_address>0x96c0</load_address>
         <run_address>0x96c0</run_address>
         <size>0x34</size>
         <input_file_ref idref="fl-6"/>
      </object_component>
      <object_component id="oc-22f">
         <name>.text:MRFI_SetLogicalChannel</name>
         <load_address>0x96f4</load_address>
         <run_address>0x96f4</run_address>
         <size>0x32</size>
         <input_file_ref idref="fl-11"/>
      </object_component>
      <object_component id="oc-37c">
         <name>.text:nwk_QadjustOrder</name>
         <load_address>0x9726</load_address>
         <run_address>0x9726</run_address>
         <size>0x32</size>
         <input_file_ref idref="fl-d"/>
      </object_component>
      <object_component id="oc-1f8">
         <name>.text:nwk_getConnInfo</name>
         <load_address>0x9758</load_address>
         <run_address>0x9758</run_address>
         <size>0x32</size>
         <input_file_ref idref="fl-c"/>
      </object_component>
      <object_component id="oc-285">
         <name>.text:nwk_linkInit</name>
         <load_address>0x978a</load_address>
         <run_address>0x978a</run_address>
         <size>0x32</size>
         <input_file_ref idref="fl-8"/>
      </object_component>
      <object_component id="oc-3ec">
         <name>.text:Mrfi_DelayUsecSem</name>
         <load_address>0x97bc</load_address>
         <run_address>0x97bc</run_address>
         <size>0x30</size>
         <input_file_ref idref="fl-11"/>
      </object_component>
      <object_component id="oc-36e">
         <name>.text:map_lid2idx</name>
         <load_address>0x97ec</load_address>
         <run_address>0x97ec</run_address>
         <size>0x30</size>
         <input_file_ref idref="fl-c"/>
      </object_component>
      <object_component id="oc-329">
         <name>.text:nwk_rawReceive</name>
         <load_address>0x981c</load_address>
         <run_address>0x981c</run_address>
         <size>0x30</size>
         <input_file_ref idref="fl-6"/>
      </object_component>
      <object_component id="oc-41e">
         <name>.text:nwk_sendFrame</name>
         <load_address>0x984c</load_address>
         <run_address>0x984c</run_address>
         <size>0x30</size>
         <input_file_ref idref="fl-f"/>
      </object_component>
      <object_component id="oc-1c8">
         <name>.text:Mrfi_CalculateRssi</name>
         <load_address>0x987c</load_address>
         <run_address>0x987c</run_address>
         <size>0x2e</size>
         <input_file_ref idref="fl-11"/>
      </object_component>
      <object_component id="oc-71">
         <name>.text:main</name>
         <load_address>0x98aa</load_address>
         <run_address>0x98aa</run_address>
         <size>0x2e</size>
         <input_file_ref idref="fl-3"/>
      </object_component>
      <object_component id="oc-23b">
         <name>.text:Mrfi_RxModeOff</name>
         <load_address>0x98d8</load_address>
         <run_address>0x98d8</run_address>
         <size>0x2c</size>
         <input_file_ref idref="fl-11"/>
      </object_component>
      <object_component id="oc-20b">
         <name>.text</name>
         <load_address>0x9904</load_address>
         <run_address>0x9904</run_address>
         <size>0x2c</size>
         <input_file_ref idref="fl-46"/>
      </object_component>
      <object_component id="oc-220">
         <name>.text:Mrfi_DelayUsec</name>
         <load_address>0x9930</load_address>
         <run_address>0x9930</run_address>
         <size>0x2a</size>
         <input_file_ref idref="fl-11"/>
      </object_component>
      <object_component id="oc-1fe">
         <name>.text:nwk_checkConnInfo</name>
         <load_address>0x995a</load_address>
         <run_address>0x995a</run_address>
         <size>0x2a</size>
         <input_file_ref idref="fl-c"/>
      </object_component>
      <object_component id="oc-ce">
         <name>.text:COM_Init</name>
         <load_address>0x9984</load_address>
         <run_address>0x9984</run_address>
         <size>0x28</size>
         <input_file_ref idref="fl-4"/>
      </object_component>
      <object_component id="oc-473">
         <name>.text:nwk_processPing</name>
         <load_address>0x99ac</load_address>
         <run_address>0x99ac</run_address>
         <size>0x28</size>
         <input_file_ref idref="fl-a"/>
      </object_component>
      <object_component id="oc-4ae">
         <name>.text:Mrfi_RandomBackoffDelay</name>
         <load_address>0x99d4</load_address>
         <run_address>0x99d4</run_address>
         <size>0x26</size>
         <input_file_ref idref="fl-11"/>
      </object_component>
      <object_component id="oc-311">
         <name>.text:nwk_connectionControl</name>
         <load_address>0x99fa</load_address>
         <run_address>0x99fa</run_address>
         <size>0x26</size>
         <input_file_ref idref="fl-6"/>
      </object_component>
      <object_component id="oc-25b">
         <name>.text:nwk_globalsInit</name>
         <load_address>0x9a20</load_address>
         <run_address>0x9a20</run_address>
         <size>0x26</size>
         <input_file_ref idref="fl-10"/>
      </object_component>
      <object_component id="oc-279">
         <name>.text:nwk_joinInit</name>
         <load_address>0x9a46</load_address>
         <run_address>0x9a46</run_address>
         <size>0x26</size>
         <input_file_ref idref="fl-7"/>
      </object_component>
      <object_component id="oc-479">
         <name>.text:nwk_processLink</name>
         <load_address>0x9a6c</load_address>
         <run_address>0x9a6c</run_address>
         <size>0x26</size>
         <input_file_ref idref="fl-8"/>
      </object_component>
      <object_component id="oc-246">
         <name>.text</name>
         <load_address>0x9a92</load_address>
         <run_address>0x9a92</run_address>
         <size>0x26</size>
         <input_file_ref idref="fl-63"/>
      </object_component>
      <object_component id="oc-2d3">
         <name>.text:MRFI_Sleep</name>
         <load_address>0x9ab8</load_address>
         <run_address>0x9ab8</run_address>
         <size>0x24</size>
         <input_file_ref idref="fl-11"/>
      </object_component>
      <object_component id="oc-179">
         <name>.text:MRFI_EnableRxAddrFilter</name>
         <load_address>0x9adc</load_address>
         <run_address>0x9adc</run_address>
         <size>0x22</size>
         <input_file_ref idref="fl-11"/>
      </object_component>
      <object_component id="oc-2c1">
         <name>.text:MRFI_RxOn</name>
         <load_address>0x9afe</load_address>
         <run_address>0x9afe</run_address>
         <size>0x22</size>
         <input_file_ref idref="fl-11"/>
      </object_component>
      <object_component id="oc-430">
         <name>.text:memcmp</name>
         <load_address>0x9b20</load_address>
         <run_address>0x9b20</run_address>
         <size>0x22</size>
         <input_file_ref idref="fl-5c"/>
      </object_component>
      <object_component id="oc-c8">
         <name>.text:BSP_Init</name>
         <load_address>0x9b42</load_address>
         <run_address>0x9b42</run_address>
         <size>0x20</size>
         <input_file_ref idref="fl-12"/>
      </object_component>
      <object_component id="oc-130">
         <name>.text:BSP_InitBoard</name>
         <load_address>0x9b62</load_address>
         <run_address>0x9b62</run_address>
         <size>0x20</size>
         <input_file_ref idref="fl-12"/>
      </object_component>
      <object_component id="oc-1d0">
         <name>.text:MRFI_RxCompleteISR</name>
         <load_address>0x9b82</load_address>
         <run_address>0x9b82</run_address>
         <size>0x20</size>
         <input_file_ref idref="fl-f"/>
      </object_component>
      <object_component id="oc-2cd">
         <name>.text:MRFI_RxIdle</name>
         <load_address>0x9ba2</load_address>
         <run_address>0x9ba2</run_address>
         <size>0x20</size>
         <input_file_ref idref="fl-11"/>
      </object_component>
      <object_component id="oc-4c4">
         <name>.text:handleLinkRequest</name>
         <load_address>0x9bc2</load_address>
         <run_address>0x9bc2</run_address>
         <size>0x20</size>
         <input_file_ref idref="fl-8"/>
      </object_component>
      <object_component id="oc-3e3">
         <name>.text:memmove</name>
         <load_address>0x9be2</load_address>
         <run_address>0x9be2</run_address>
         <size>0x20</size>
         <input_file_ref idref="fl-5e"/>
      </object_component>
      <object_component id="oc-261">
         <name>.text:nwk_frameInit</name>
         <load_address>0x9c02</load_address>
         <run_address>0x9c02</run_address>
         <size>0x20</size>
         <input_file_ref idref="fl-f"/>
      </object_component>
      <object_component id="oc-47f">
         <name>.text:nwk_processJoin</name>
         <load_address>0x9c22</load_address>
         <run_address>0x9c22</run_address>
         <size>0x20</size>
         <input_file_ref idref="fl-7"/>
      </object_component>
      <object_component id="oc-38b">
         <name>.text:BSP_Delay</name>
         <load_address>0x9c42</load_address>
         <run_address>0x9c42</run_address>
         <size>0x1e</size>
         <input_file_ref idref="fl-12"/>
      </object_component>
      <object_component id="oc-1a7">
         <name>.text:mrfiSpiReadReg</name>
         <load_address>0x9c60</load_address>
         <run_address>0x9c60</run_address>
         <size>0x1e</size>
         <input_file_ref idref="fl-11"/>
      </object_component>
      <object_component id="oc-267">
         <name>.text:nwk_QInit</name>
         <load_address>0x9c7e</load_address>
         <run_address>0x9c7e</run_address>
         <size>0x1e</size>
         <input_file_ref idref="fl-d"/>
      </object_component>
      <object_component id="oc-a7">
         <name>.text:MRFI_GpioIsr</name>
         <load_address>0x9c9c</load_address>
         <run_address>0x9c9c</run_address>
         <size>0x1c</size>
         <input_file_ref idref="fl-11"/>
      </object_component>
      <object_component id="oc-108">
         <name>.text:TXString</name>
         <load_address>0x9cb8</load_address>
         <run_address>0x9cb8</run_address>
         <size>0x1c</size>
         <input_file_ref idref="fl-4"/>
      </object_component>
      <object_component id="oc-40a">
         <name>.text:nwk_setMyAddress</name>
         <load_address>0x9cd4</load_address>
         <run_address>0x9cd4</run_address>
         <size>0x1c</size>
         <input_file_ref idref="fl-10"/>
      </object_component>
      <object_component id="oc-59">
         <name>.text:BSP_GpioPort1Isr</name>
         <load_address>0x9cf0</load_address>
         <run_address>0x9cf0</run_address>
         <size>0x1a</size>
         <input_file_ref idref="fl-11"/>
      </object_component>
      <object_component id="oc-38">
         <name>.text:_c_int00_noexit</name>
         <load_address>0x9d0a</load_address>
         <run_address>0x9d0a</run_address>
         <size>0x1a</size>
         <input_file_ref idref="fl-41"/>
      </object_component>
      <object_component id="oc-226">
         <name>.text:mrfiSpiWriteReg</name>
         <load_address>0x9d24</load_address>
         <run_address>0x9d24</run_address>
         <size>0x1a</size>
         <input_file_ref idref="fl-11"/>
      </object_component>
      <object_component id="oc-194">
         <name>.text:MRFI_DelayMs</name>
         <load_address>0x9d3e</load_address>
         <run_address>0x9d3e</run_address>
         <size>0x18</size>
         <input_file_ref idref="fl-11"/>
      </object_component>
      <object_component id="oc-3b5">
         <name>.text:MRFI_RandomByte</name>
         <load_address>0x9d56</load_address>
         <run_address>0x9d56</run_address>
         <size>0x16</size>
         <input_file_ref idref="fl-11"/>
      </object_component>
      <object_component id="oc-398">
         <name>.text:Mrfi_RxModeOn</name>
         <load_address>0x9d6c</load_address>
         <run_address>0x9d6c</run_address>
         <size>0x16</size>
         <input_file_ref idref="fl-11"/>
      </object_component>
      <object_component id="oc-383">
         <name>.text</name>
         <load_address>0x9d82</load_address>
         <run_address>0x9d82</run_address>
         <size>0x16</size>
         <input_file_ref idref="fl-47"/>
      </object_component>
      <object_component id="oc-44">
         <name>.text:decompress:ZI:__TI_zero_init</name>
         <load_address>0x9d98</load_address>
         <run_address>0x9d98</run_address>
         <size>0x14</size>
         <input_file_ref idref="fl-44"/>
      </object_component>
      <object_component id="oc-305">
         <name>.text:ioctlPreInitAccessIsOK</name>
         <load_address>0x9dac</load_address>
         <run_address>0x9dac</run_address>
         <size>0x14</size>
         <input_file_ref idref="fl-e"/>
      </object_component>
      <object_component id="oc-1b6">
         <name>.text:memset</name>
         <load_address>0x9dc0</load_address>
         <run_address>0x9dc0</run_address>
         <size>0x14</size>
         <input_file_ref idref="fl-5f"/>
      </object_component>
      <object_component id="oc-210">
         <name>.text</name>
         <load_address>0x9dd4</load_address>
         <run_address>0x9dd4</run_address>
         <size>0x14</size>
         <input_file_ref idref="fl-62"/>
      </object_component>
      <object_component id="oc-af">
         <name>.text:trace</name>
         <load_address>0x9de8</load_address>
         <run_address>0x9de8</run_address>
         <size>0x14</size>
         <input_file_ref idref="fl-4"/>
      </object_component>
      <object_component id="oc-1eb">
         <name>.text:BSP_InitLeds</name>
         <load_address>0x9dfc</load_address>
         <run_address>0x9dfc</run_address>
         <size>0x12</size>
         <input_file_ref idref="fl-12"/>
      </object_component>
      <object_component id="oc-3e">
         <name>.text:decompress:none:__TI_decompress_none</name>
         <load_address>0x9e0e</load_address>
         <run_address>0x9e0e</run_address>
         <size>0x12</size>
         <input_file_ref idref="fl-42"/>
      </object_component>
      <object_component id="oc-7e">
         <name>.text:memcpy</name>
         <load_address>0x9e20</load_address>
         <run_address>0x9e20</run_address>
         <size>0x12</size>
         <input_file_ref idref="fl-5d"/>
      </object_component>
      <object_component id="oc-16d">
         <name>.text:nwk_getMyAddress</name>
         <load_address>0x9e32</load_address>
         <run_address>0x9e32</run_address>
         <size>0x12</size>
         <input_file_ref idref="fl-10"/>
      </object_component>
      <object_component id="oc-2d9">
         <name>.text:nwk_setLinkToken</name>
         <load_address>0x9e44</load_address>
         <run_address>0x9e44</run_address>
         <size>0x12</size>
         <input_file_ref idref="fl-8"/>
      </object_component>
      <object_component id="oc-241">
         <name>.text:l_asr</name>
         <load_address>0x9e56</load_address>
         <run_address>0x9e56</run_address>
         <size>0x10</size>
         <input_file_ref idref="fl-40"/>
      </object_component>
      <object_component id="oc-c1">
         <name>.text</name>
         <load_address>0x9e66</load_address>
         <run_address>0x9e66</run_address>
         <size>0x10</size>
         <input_file_ref idref="fl-49"/>
      </object_component>
      <object_component id="oc-354">
         <name>.text:MRFI_Receive</name>
         <load_address>0x9e76</load_address>
         <run_address>0x9e76</run_address>
         <size>0xe</size>
         <input_file_ref idref="fl-11"/>
      </object_component>
      <object_component id="oc-4a8">
         <name>.text:mrfiSpiWriteTxFifo</name>
         <load_address>0x9e84</load_address>
         <run_address>0x9e84</run_address>
         <size>0xe</size>
         <input_file_ref idref="fl-11"/>
      </object_component>
      <object_component id="oc-4e5">
         <name>.text:nwk_getNumObjectFromMsg</name>
         <load_address>0x9e92</load_address>
         <run_address>0x9e92</run_address>
         <size>0xe</size>
         <input_file_ref idref="fl-c"/>
      </object_component>
      <object_component id="oc-2df">
         <name>.text:nwk_setAPAddress</name>
         <load_address>0x9ea0</load_address>
         <run_address>0x9ea0</run_address>
         <size>0xe</size>
         <input_file_ref idref="fl-10"/>
      </object_component>
      <object_component id="oc-2f8">
         <name>.text:nwk_setListenContext</name>
         <load_address>0x9eae</load_address>
         <run_address>0x9eae</run_address>
         <size>0xe</size>
         <input_file_ref idref="fl-8"/>
      </object_component>
      <object_component id="oc-102">
         <name>.text:strlen</name>
         <load_address>0x9ebc</load_address>
         <run_address>0x9ebc</run_address>
         <size>0xe</size>
         <input_file_ref idref="fl-64"/>
      </object_component>
      <object_component id="oc-499">
         <name>.text:MRFI_PostKillSem</name>
         <load_address>0x9eca</load_address>
         <run_address>0x9eca</run_address>
         <size>0xc</size>
         <input_file_ref idref="fl-11"/>
      </object_component>
      <object_component id="oc-4bd">
         <name>.text:handlePingRequest</name>
         <load_address>0x9ed6</load_address>
         <run_address>0x9ed6</run_address>
         <size>0xc</size>
         <input_file_ref idref="fl-a"/>
      </object_component>
      <object_component id="oc-1ad">
         <name>.text:mrfiSpiReadRxFifo</name>
         <load_address>0x9ee2</load_address>
         <run_address>0x9ee2</run_address>
         <size>0xc</size>
         <input_file_ref idref="fl-11"/>
      </object_component>
      <object_component id="oc-1f1">
         <name>.text:BSP_InitButtons</name>
         <load_address>0x9eee</load_address>
         <run_address>0x9eee</run_address>
         <size>0xa</size>
         <input_file_ref idref="fl-12"/>
      </object_component>
      <object_component id="oc-136">
         <name>.text:BSP_InitDrivers</name>
         <load_address>0x9ef8</load_address>
         <run_address>0x9ef8</run_address>
         <size>0xa</size>
         <input_file_ref idref="fl-12"/>
      </object_component>
      <object_component id="oc-65">
         <name>.text:_system_pre_init</name>
         <load_address>0x9f02</load_address>
         <run_address>0x9f02</run_address>
         <size>0xa</size>
         <input_file_ref idref="fl-12"/>
      </object_component>
      <object_component id="oc-27f">
         <name>.text:nwk_mgmtInit</name>
         <load_address>0x9f0c</load_address>
         <run_address>0x9f0c</run_address>
         <size>0xa</size>
         <input_file_ref idref="fl-9"/>
      </object_component>
      <object_component id="oc-273">
         <name>.text:nwk_pingInit</name>
         <load_address>0x9f16</load_address>
         <run_address>0x9f16</run_address>
         <size>0xa</size>
         <input_file_ref idref="fl-a"/>
      </object_component>
      <object_component id="oc-19b">
         <name>.text:SMPL_Send</name>
         <load_address>0x9f20</load_address>
         <run_address>0x9f20</run_address>
         <size>0x8</size>
         <input_file_ref idref="fl-e"/>
      </object_component>
      <object_component id="oc-2ac">
         <name>.text:MRFI_GetRadioState</name>
         <load_address>0x9f28</load_address>
         <run_address>0x9f28</run_address>
         <size>0x6</size>
         <input_file_ref idref="fl-11"/>
      </object_component>
      <object_component id="oc-54">
         <name>.text:__TI_ISR_TRAP</name>
         <load_address>0x9f2e</load_address>
         <run_address>0x9f2e</run_address>
         <size>0x6</size>
         <input_file_ref idref="fl-57"/>
      </object_component>
      <object_component id="oc-4a">
         <name>.text:decompress:rle24:__TI_decompress_rle24</name>
         <load_address>0x9f34</load_address>
         <run_address>0x9f34</run_address>
         <size>0x6</size>
         <input_file_ref idref="fl-43"/>
      </object_component>
      <object_component id="oc-402">
         <name>.text:nwk_freeConnection</name>
         <load_address>0x9f3a</load_address>
         <run_address>0x9f3a</run_address>
         <size>0x6</size>
         <input_file_ref idref="fl-c"/>
      </object_component>
      <object_component id="oc-291">
         <name>.text:nwk_getBCastAddress</name>
         <load_address>0x9f40</load_address>
         <run_address>0x9f40</run_address>
         <size>0x6</size>
         <input_file_ref idref="fl-10"/>
      </object_component>
      <object_component id="oc-30b">
         <name>.text:nwk_getFWVersion</name>
         <load_address>0x9f46</load_address>
         <run_address>0x9f46</run_address>
         <size>0x6</size>
         <input_file_ref idref="fl-10"/>
      </object_component>
      <object_component id="oc-4fe">
         <name>.text:nwk_getMyRxType</name>
         <load_address>0x9f4c</load_address>
         <run_address>0x9f4c</run_address>
         <size>0x6</size>
         <input_file_ref idref="fl-f"/>
      </object_component>
      <object_component id="oc-2bb">
         <name>.text:nwk_getProtocolVersion</name>
         <load_address>0x9f52</load_address>
         <run_address>0x9f52</run_address>
         <size>0x6</size>
         <input_file_ref idref="fl-10"/>
      </object_component>
      <object_component id="oc-77">
         <name>.text:abort</name>
         <load_address>0x9f58</load_address>
         <run_address>0x9f58</run_address>
         <size>0x4</size>
         <input_file_ref idref="fl-4a"/>
      </object_component>
      <object_component id="oc-48b">
         <name>.text:nwk_processFreq</name>
         <load_address>0x9f5c</load_address>
         <run_address>0x9f5c</run_address>
         <size>0x4</size>
         <input_file_ref idref="fl-5"/>
      </object_component>
      <object_component id="oc-485">
         <name>.text:nwk_processSecurity</name>
         <load_address>0x9f60</load_address>
         <run_address>0x9f60</run_address>
         <size>0x4</size>
         <input_file_ref idref="fl-b"/>
      </object_component>
      <object_component id="oc-26d">
         <name>.text:nwk_freqInit</name>
         <load_address>0x9f64</load_address>
         <run_address>0x9f64</run_address>
         <size>0x2</size>
         <input_file_ref idref="fl-5"/>
      </object_component>
      <object_component id="oc-28b">
         <name>.text:nwk_securityInit</name>
         <load_address>0x9f66</load_address>
         <run_address>0x9f66</run_address>
         <size>0x2</size>
         <input_file_ref idref="fl-b"/>
      </object_component>
      <object_component id="oc-54a">
         <name>.cinit..data.load</name>
         <load_address>0xa0e6</load_address>
         <run_address>0xa0e6</run_address>
         <size>0xe</size>
      </object_component>
      <object_component id="oc-547">
         <name>__TI_handler_table</name>
         <load_address>0xa0f4</load_address>
         <run_address>0xa0f4</run_address>
         <size>0x6</size>
      </object_component>
      <object_component id="oc-549">
         <name>.cinit..bss.load</name>
         <load_address>0xa0fa</load_address>
         <run_address>0xa0fa</run_address>
         <size>0x4</size>
      </object_component>
      <object_component id="oc-548">
         <name>__TI_cinit_table</name>
         <load_address>0xa0fe</load_address>
         <run_address>0xa0fe</run_address>
         <size>0x8</size>
      </object_component>
      <object_component id="oc-ae">
         <name>.const:.string</name>
         <load_address>0x9f68</load_address>
         <run_address>0x9f68</run_address>
         <size>0xd8</size>
         <input_file_ref idref="fl-3"/>
      </object_component>
      <object_component id="oc-215">
         <name>.const:.string</name>
         <load_address>0xa040</load_address>
         <run_address>0xa040</run_address>
         <size>0x48</size>
         <input_file_ref idref="fl-4"/>
      </object_component>
      <object_component id="oc-22c">
         <name>.const:mrfiRadioCfg</name>
         <load_address>0xa088</load_address>
         <run_address>0xa088</run_address>
         <size>0x3c</size>
         <input_file_ref idref="fl-11"/>
      </object_component>
      <object_component id="oc-436">
         <name>.const:func</name>
         <load_address>0xa0c4</load_address>
         <run_address>0xa0c4</run_address>
         <size>0xc</size>
         <input_file_ref idref="fl-f"/>
      </object_component>
      <object_component id="oc-2a0">
         <name>.const</name>
         <load_address>0xa0d0</load_address>
         <run_address>0xa0d0</run_address>
         <size>0x9</size>
         <input_file_ref idref="fl-10"/>
      </object_component>
      <object_component id="oc-2a4">
         <name>.const:.string:mrfiBroadcastAddr</name>
         <load_address>0xa0da</load_address>
         <run_address>0xa0da</run_address>
         <size>0x4</size>
         <input_file_ref idref="fl-11"/>
      </object_component>
      <object_component id="oc-395">
         <name>.const:.string:mrfiLogicalChanTable</name>
         <load_address>0xa0de</load_address>
         <run_address>0xa0de</run_address>
         <size>0x4</size>
         <input_file_ref idref="fl-11"/>
      </object_component>
      <object_component id="oc-39f">
         <name>.const:.string:mrfiRFPowerTable</name>
         <load_address>0xa0e2</load_address>
         <run_address>0xa0e2</run_address>
         <size>0x3</size>
         <input_file_ref idref="fl-11"/>
      </object_component>
      <object_component id="oc-2d">
         <name>.int02</name>
         <load_address>0xffe4</load_address>
         <run_address>0xffe4</run_address>
         <size>0x2</size>
         <input_file_ref idref="fl-4e"/>
      </object_component>
      <object_component id="oc-2e">
         <name>.int03</name>
         <load_address>0xffe6</load_address>
         <run_address>0xffe6</run_address>
         <size>0x2</size>
         <input_file_ref idref="fl-11"/>
      </object_component>
      <object_component id="oc-2f">
         <name>.int05</name>
         <load_address>0xffea</load_address>
         <run_address>0xffea</run_address>
         <size>0x2</size>
         <input_file_ref idref="fl-4f"/>
      </object_component>
      <object_component id="oc-30">
         <name>.int06</name>
         <load_address>0xffec</load_address>
         <run_address>0xffec</run_address>
         <size>0x2</size>
         <input_file_ref idref="fl-50"/>
      </object_component>
      <object_component id="oc-31">
         <name>.int07</name>
         <load_address>0xffee</load_address>
         <run_address>0xffee</run_address>
         <size>0x2</size>
         <input_file_ref idref="fl-3"/>
      </object_component>
      <object_component id="oc-32">
         <name>.int08</name>
         <load_address>0xfff0</load_address>
         <run_address>0xfff0</run_address>
         <size>0x2</size>
         <input_file_ref idref="fl-51"/>
      </object_component>
      <object_component id="oc-33">
         <name>.int09</name>
         <load_address>0xfff2</load_address>
         <run_address>0xfff2</run_address>
         <size>0x2</size>
         <input_file_ref idref="fl-52"/>
      </object_component>
      <object_component id="oc-34">
         <name>.int10</name>
         <load_address>0xfff4</load_address>
         <run_address>0xfff4</run_address>
         <size>0x2</size>
         <input_file_ref idref="fl-53"/>
      </object_component>
      <object_component id="oc-35">
         <name>.int12</name>
         <load_address>0xfff8</load_address>
         <run_address>0xfff8</run_address>
         <size>0x2</size>
         <input_file_ref idref="fl-54"/>
      </object_component>
      <object_component id="oc-36">
         <name>.int13</name>
         <load_address>0xfffa</load_address>
         <run_address>0xfffa</run_address>
         <size>0x2</size>
         <input_file_ref idref="fl-55"/>
      </object_component>
      <object_component id="oc-37">
         <name>.int14</name>
         <load_address>0xfffc</load_address>
         <run_address>0xfffc</run_address>
         <size>0x2</size>
         <input_file_ref idref="fl-56"/>
      </object_component>
      <object_component id="oc-53">
         <name>.reset</name>
         <load_address>0xfffe</load_address>
         <run_address>0xfffe</run_address>
         <size>0x2</size>
         <input_file_ref idref="fl-41"/>
      </object_component>
      <object_component id="oc-156">
         <name>.common:uartBuff</name>
         <uninitialized>true</uninitialized>
         <run_address>0x268</run_address>
         <size>0x32</size>
      </object_component>
      <object_component id="oc-19a">
         <name>.common:txMsg</name>
         <uninitialized>true</uninitialized>
         <run_address>0x2c0</run_address>
         <size>0x1</size>
      </object_component>
      <object_component id="oc-154">
         <name>.common:rxMsg</name>
         <uninitialized>true</uninitialized>
         <run_address>0x2b2</run_address>
         <size>0x4</size>
      </object_component>
      <object_component id="oc-4fd">
         <name>.common:sServiceLinkID</name>
         <uninitialized>true</uninitialized>
         <run_address>0x2be</run_address>
         <size>0x2</size>
      </object_component>
      <object_component id="oc-445">
         <name>.common:sInFrameQ</name>
         <uninitialized>true</uninitialized>
         <run_address>0x200</run_address>
         <size>0x34</size>
      </object_component>
      <object_component id="oc-42c">
         <name>.common:sOutFrameQ</name>
         <uninitialized>true</uninitialized>
         <run_address>0x234</run_address>
         <size>0x34</size>
      </object_component>
      <object_component id="oc-3f6">
         <name>.common:sAPAddress</name>
         <uninitialized>true</uninitialized>
         <run_address>0x2b6</run_address>
         <size>0x4</size>
      </object_component>
      <object_component id="oc-466">
         <name>.common:sMyRAMAddress</name>
         <uninitialized>true</uninitialized>
         <run_address>0x2ba</run_address>
         <size>0x4</size>
      </object_component>
      <object_component id="oc-42e">
         <name>.common:mrfiIncomingPacket</name>
         <uninitialized>true</uninitialized>
         <run_address>0x29a</run_address>
         <size>0x18</size>
      </object_component>
      <object_component id="oc-bc">
         <name>.data</name>
         <load_address>0x30a</load_address>
         <run_address>0x30a</run_address>
         <size>0x4</size>
         <input_file_ref idref="fl-3"/>
      </object_component>
      <object_component id="oc-158">
         <name>.data</name>
         <load_address>0x301</load_address>
         <run_address>0x301</run_address>
         <size>0x1</size>
         <input_file_ref idref="fl-e"/>
      </object_component>
      <object_component id="oc-1a4">
         <name>.data</name>
         <load_address>0x2e8</load_address>
         <run_address>0x2e8</run_address>
         <size>0x9</size>
         <input_file_ref idref="fl-11"/>
      </object_component>
      <object_component id="oc-1e7">
         <name>.data</name>
         <load_address>0x2f1</load_address>
         <run_address>0x2f1</run_address>
         <size>0x1</size>
         <input_file_ref idref="fl-12"/>
      </object_component>
      <object_component id="oc-258">
         <name>.data</name>
         <load_address>0x2c2</load_address>
         <run_address>0x2c2</run_address>
         <size>0x26</size>
         <input_file_ref idref="fl-c"/>
      </object_component>
      <object_component id="oc-29a">
         <name>.data</name>
         <load_address>0x309</load_address>
         <run_address>0x309</run_address>
         <size>0x1</size>
         <input_file_ref idref="fl-10"/>
      </object_component>
      <object_component id="oc-2a7">
         <name>.data:mrfiRxFilterAddr</name>
         <load_address>0x30e</load_address>
         <run_address>0x30e</run_address>
         <size>0x4</size>
         <input_file_ref idref="fl-11"/>
      </object_component>
      <object_component id="oc-2b2">
         <name>.data</name>
         <load_address>0x2fa</load_address>
         <run_address>0x2fa</run_address>
         <size>0x7</size>
         <input_file_ref idref="fl-7"/>
      </object_component>
      <object_component id="oc-3b2">
         <name>.data</name>
         <load_address>0x2f2</load_address>
         <run_address>0x2f2</run_address>
         <size>0x8</size>
         <input_file_ref idref="fl-f"/>
      </object_component>
      <object_component id="oc-3c2">
         <name>.data</name>
         <load_address>0x315</load_address>
         <run_address>0x315</run_address>
         <size>0x1</size>
         <input_file_ref idref="fl-a"/>
      </object_component>
      <object_component id="oc-3c7">
         <name>.data</name>
         <load_address>0x312</load_address>
         <run_address>0x312</run_address>
         <size>0x3</size>
         <input_file_ref idref="fl-9"/>
      </object_component>
      <object_component id="oc-3cb">
         <name>.data</name>
         <load_address>0x302</load_address>
         <run_address>0x302</run_address>
         <size>0x7</size>
         <input_file_ref idref="fl-8"/>
      </object_component>
      <object_component id="oc-39">
         <name>.debug_info</name>
         <load_address>0x0</load_address>
         <run_address>0x0</run_address>
         <size>0x125</size>
         <input_file_ref idref="fl-41"/>
      </object_component>
      <object_component id="oc-40">
         <name>.debug_info</name>
         <load_address>0x125</load_address>
         <run_address>0x125</run_address>
         <size>0x194</size>
         <input_file_ref idref="fl-42"/>
      </object_component>
      <object_component id="oc-45">
         <name>.debug_info</name>
         <load_address>0x2b9</load_address>
         <run_address>0x2b9</run_address>
         <size>0x16a</size>
         <input_file_ref idref="fl-44"/>
      </object_component>
      <object_component id="oc-4c">
         <name>.debug_info</name>
         <load_address>0x423</load_address>
         <run_address>0x423</run_address>
         <size>0x18e</size>
         <input_file_ref idref="fl-43"/>
      </object_component>
      <object_component id="oc-51">
         <name>.debug_info</name>
         <load_address>0x5b1</load_address>
         <run_address>0x5b1</run_address>
         <size>0xaa</size>
         <input_file_ref idref="fl-41"/>
      </object_component>
      <object_component id="oc-57">
         <name>.debug_info</name>
         <load_address>0x65b</load_address>
         <run_address>0x65b</run_address>
         <size>0xc2</size>
         <input_file_ref idref="fl-57"/>
      </object_component>
      <object_component id="oc-5a">
         <name>.debug_info</name>
         <load_address>0x71d</load_address>
         <run_address>0x71d</run_address>
         <size>0x1fe</size>
         <input_file_ref idref="fl-11"/>
      </object_component>
      <object_component id="oc-60">
         <name>.debug_info</name>
         <load_address>0x91b</load_address>
         <run_address>0x91b</run_address>
         <size>0x11c</size>
         <input_file_ref idref="fl-3"/>
      </object_component>
      <object_component id="oc-66">
         <name>.debug_info</name>
         <load_address>0xa37</load_address>
         <run_address>0xa37</run_address>
         <size>0x1d0</size>
         <input_file_ref idref="fl-12"/>
      </object_component>
      <object_component id="oc-6c">
         <name>.debug_info</name>
         <load_address>0xc07</load_address>
         <run_address>0xc07</run_address>
         <size>0x153</size>
         <input_file_ref idref="fl-68"/>
      </object_component>
      <object_component id="oc-72">
         <name>.debug_info</name>
         <load_address>0xd5a</load_address>
         <run_address>0xd5a</run_address>
         <size>0x14e</size>
         <input_file_ref idref="fl-3"/>
      </object_component>
      <object_component id="oc-7a">
         <name>.debug_info</name>
         <load_address>0xea8</load_address>
         <run_address>0xea8</run_address>
         <size>0xcc</size>
         <input_file_ref idref="fl-4a"/>
      </object_component>
      <object_component id="oc-81">
         <name>.debug_info</name>
         <load_address>0xf74</load_address>
         <run_address>0xf74</run_address>
         <size>0x157</size>
         <input_file_ref idref="fl-5d"/>
      </object_component>
      <object_component id="oc-85">
         <name>.debug_info</name>
         <load_address>0x10cb</load_address>
         <run_address>0x10cb</run_address>
         <size>0x46</size>
         <input_file_ref idref="fl-42"/>
      </object_component>
      <object_component id="oc-8a">
         <name>.debug_info</name>
         <load_address>0x1111</load_address>
         <run_address>0x1111</run_address>
         <size>0x167</size>
         <input_file_ref idref="fl-42"/>
      </object_component>
      <object_component id="oc-8c">
         <name>.debug_info</name>
         <load_address>0x1278</load_address>
         <run_address>0x1278</run_address>
         <size>0x46</size>
         <input_file_ref idref="fl-44"/>
      </object_component>
      <object_component id="oc-91">
         <name>.debug_info</name>
         <load_address>0x12be</load_address>
         <run_address>0x12be</run_address>
         <size>0x11f</size>
         <input_file_ref idref="fl-44"/>
      </object_component>
      <object_component id="oc-94">
         <name>.debug_info</name>
         <load_address>0x13dd</load_address>
         <run_address>0x13dd</run_address>
         <size>0x1ef</size>
         <input_file_ref idref="fl-43"/>
      </object_component>
      <object_component id="oc-99">
         <name>.debug_info</name>
         <load_address>0x15cc</load_address>
         <run_address>0x15cc</run_address>
         <size>0x129</size>
         <input_file_ref idref="fl-43"/>
      </object_component>
      <object_component id="oc-9a">
         <name>.debug_info</name>
         <load_address>0x16f5</load_address>
         <run_address>0x16f5</run_address>
         <size>0x39</size>
         <input_file_ref idref="fl-43"/>
      </object_component>
      <object_component id="oc-a1">
         <name>.debug_info</name>
         <load_address>0x172e</load_address>
         <run_address>0x172e</run_address>
         <size>0x84</size>
         <input_file_ref idref="fl-2"/>
      </object_component>
      <object_component id="oc-a8">
         <name>.debug_info</name>
         <load_address>0x17b2</load_address>
         <run_address>0x17b2</run_address>
         <size>0x1e5</size>
         <input_file_ref idref="fl-11"/>
      </object_component>
      <object_component id="oc-b0">
         <name>.debug_info</name>
         <load_address>0x1997</load_address>
         <run_address>0x1997</run_address>
         <size>0x162</size>
         <input_file_ref idref="fl-4"/>
      </object_component>
      <object_component id="oc-b6">
         <name>.debug_info</name>
         <load_address>0x1af9</load_address>
         <run_address>0x1af9</run_address>
         <size>0x416</size>
         <input_file_ref idref="fl-3"/>
      </object_component>
      <object_component id="oc-bd">
         <name>.debug_info</name>
         <load_address>0x1f0f</load_address>
         <run_address>0x1f0f</run_address>
         <size>0x126</size>
         <input_file_ref idref="fl-3"/>
      </object_component>
      <object_component id="oc-c4">
         <name>.debug_info</name>
         <load_address>0x2035</load_address>
         <run_address>0x2035</run_address>
         <size>0xe1</size>
         <input_file_ref idref="fl-49"/>
      </object_component>
      <object_component id="oc-c7">
         <name>.debug_info</name>
         <load_address>0x2116</load_address>
         <run_address>0x2116</run_address>
         <size>0x2ba</size>
         <input_file_ref idref="fl-68"/>
      </object_component>
      <object_component id="oc-c9">
         <name>.debug_info</name>
         <load_address>0x23d0</load_address>
         <run_address>0x23d0</run_address>
         <size>0x1ce</size>
         <input_file_ref idref="fl-12"/>
      </object_component>
      <object_component id="oc-cf">
         <name>.debug_info</name>
         <load_address>0x259e</load_address>
         <run_address>0x259e</run_address>
         <size>0x117</size>
         <input_file_ref idref="fl-4"/>
      </object_component>
      <object_component id="oc-d5">
         <name>.debug_info</name>
         <load_address>0x26b5</load_address>
         <run_address>0x26b5</run_address>
         <size>0x1ca</size>
         <input_file_ref idref="fl-3"/>
      </object_component>
      <object_component id="oc-db">
         <name>.debug_info</name>
         <load_address>0x287f</load_address>
         <run_address>0x287f</run_address>
         <size>0x27b</size>
         <input_file_ref idref="fl-e"/>
      </object_component>
      <object_component id="oc-e1">
         <name>.debug_info</name>
         <load_address>0x2afa</load_address>
         <run_address>0x2afa</run_address>
         <size>0x161</size>
         <input_file_ref idref="fl-3"/>
      </object_component>
      <object_component id="oc-e9">
         <name>.debug_info</name>
         <load_address>0x2c5b</load_address>
         <run_address>0x2c5b</run_address>
         <size>0x127</size>
         <input_file_ref idref="fl-5d"/>
      </object_component>
      <object_component id="oc-ea">
         <name>.debug_info</name>
         <load_address>0x2d82</load_address>
         <run_address>0x2d82</run_address>
         <size>0x2c</size>
         <input_file_ref idref="fl-3"/>
      </object_component>
      <object_component id="oc-ef">
         <name>.debug_info</name>
         <load_address>0x2dae</load_address>
         <run_address>0x2dae</run_address>
         <size>0x2c</size>
         <input_file_ref idref="fl-42"/>
      </object_component>
      <object_component id="oc-fc">
         <name>.debug_info</name>
         <load_address>0x2dda</load_address>
         <run_address>0x2dda</run_address>
         <size>0x35e</size>
         <input_file_ref idref="fl-11"/>
      </object_component>
      <object_component id="oc-103">
         <name>.debug_info</name>
         <load_address>0x3138</load_address>
         <run_address>0x3138</run_address>
         <size>0x153</size>
         <input_file_ref idref="fl-64"/>
      </object_component>
      <object_component id="oc-109">
         <name>.debug_info</name>
         <load_address>0x328b</load_address>
         <run_address>0x328b</run_address>
         <size>0x182</size>
         <input_file_ref idref="fl-4"/>
      </object_component>
      <object_component id="oc-10f">
         <name>.debug_info</name>
         <load_address>0x340d</load_address>
         <run_address>0x340d</run_address>
         <size>0x310</size>
         <input_file_ref idref="fl-4"/>
      </object_component>
      <object_component id="oc-112">
         <name>.debug_info</name>
         <load_address>0x371d</load_address>
         <run_address>0x371d</run_address>
         <size>0x5e</size>
         <input_file_ref idref="fl-3"/>
      </object_component>
      <object_component id="oc-117">
         <name>.debug_info</name>
         <load_address>0x377b</load_address>
         <run_address>0x377b</run_address>
         <size>0x692</size>
         <input_file_ref idref="fl-3"/>
      </object_component>
      <object_component id="oc-11c">
         <name>.debug_info</name>
         <load_address>0x3e0d</load_address>
         <run_address>0x3e0d</run_address>
         <size>0x6d</size>
         <input_file_ref idref="fl-2"/>
      </object_component>
      <object_component id="oc-121">
         <name>.debug_info</name>
         <load_address>0x3e7a</load_address>
         <run_address>0x3e7a</run_address>
         <size>0x5a</size>
         <input_file_ref idref="fl-3"/>
      </object_component>
      <object_component id="oc-12b">
         <name>.debug_info</name>
         <load_address>0x3ed4</load_address>
         <run_address>0x3ed4</run_address>
         <size>0x39</size>
         <input_file_ref idref="fl-68"/>
      </object_component>
      <object_component id="oc-131">
         <name>.debug_info</name>
         <load_address>0x3f0d</load_address>
         <run_address>0x3f0d</run_address>
         <size>0x1c6</size>
         <input_file_ref idref="fl-12"/>
      </object_component>
      <object_component id="oc-137">
         <name>.debug_info</name>
         <load_address>0x40d3</load_address>
         <run_address>0x40d3</run_address>
         <size>0x1f7</size>
         <input_file_ref idref="fl-12"/>
      </object_component>
      <object_component id="oc-140">
         <name>.debug_info</name>
         <load_address>0x42ca</load_address>
         <run_address>0x42ca</run_address>
         <size>0x2a0</size>
         <input_file_ref idref="fl-e"/>
      </object_component>
      <object_component id="oc-148">
         <name>.debug_info</name>
         <load_address>0x456a</load_address>
         <run_address>0x456a</run_address>
         <size>0x201</size>
         <input_file_ref idref="fl-4"/>
      </object_component>
      <object_component id="oc-159">
         <name>.debug_info</name>
         <load_address>0x476b</load_address>
         <run_address>0x476b</run_address>
         <size>0x110</size>
         <input_file_ref idref="fl-e"/>
      </object_component>
      <object_component id="oc-15c">
         <name>.debug_info</name>
         <load_address>0x487b</load_address>
         <run_address>0x487b</run_address>
         <size>0x448</size>
         <input_file_ref idref="fl-11"/>
      </object_component>
      <object_component id="oc-162">
         <name>.debug_info</name>
         <load_address>0x4cc3</load_address>
         <run_address>0x4cc3</run_address>
         <size>0x2b7</size>
         <input_file_ref idref="fl-c"/>
      </object_component>
      <object_component id="oc-168">
         <name>.debug_info</name>
         <load_address>0x4f7a</load_address>
         <run_address>0x4f7a</run_address>
         <size>0x23b</size>
         <input_file_ref idref="fl-11"/>
      </object_component>
      <object_component id="oc-16e">
         <name>.debug_info</name>
         <load_address>0x51b5</load_address>
         <run_address>0x51b5</run_address>
         <size>0x1df</size>
         <input_file_ref idref="fl-10"/>
      </object_component>
      <object_component id="oc-174">
         <name>.debug_info</name>
         <load_address>0x5394</load_address>
         <run_address>0x5394</run_address>
         <size>0x224</size>
         <input_file_ref idref="fl-11"/>
      </object_component>
      <object_component id="oc-17a">
         <name>.debug_info</name>
         <load_address>0x55b8</load_address>
         <run_address>0x55b8</run_address>
         <size>0x1f5</size>
         <input_file_ref idref="fl-11"/>
      </object_component>
      <object_component id="oc-180">
         <name>.debug_info</name>
         <load_address>0x57ad</load_address>
         <run_address>0x57ad</run_address>
         <size>0x3bb</size>
         <input_file_ref idref="fl-7"/>
      </object_component>
      <object_component id="oc-186">
         <name>.debug_info</name>
         <load_address>0x5b68</load_address>
         <run_address>0x5b68</run_address>
         <size>0x74e</size>
         <input_file_ref idref="fl-e"/>
      </object_component>
      <object_component id="oc-188">
         <name>.debug_info</name>
         <load_address>0x62b6</load_address>
         <run_address>0x62b6</run_address>
         <size>0x2fe</size>
         <input_file_ref idref="fl-e"/>
      </object_component>
      <object_component id="oc-18e">
         <name>.debug_info</name>
         <load_address>0x65b4</load_address>
         <run_address>0x65b4</run_address>
         <size>0x319</size>
         <input_file_ref idref="fl-e"/>
      </object_component>
      <object_component id="oc-195">
         <name>.debug_info</name>
         <load_address>0x68cd</load_address>
         <run_address>0x68cd</run_address>
         <size>0x224</size>
         <input_file_ref idref="fl-11"/>
      </object_component>
      <object_component id="oc-19c">
         <name>.debug_info</name>
         <load_address>0x6af1</load_address>
         <run_address>0x6af1</run_address>
         <size>0x205</size>
         <input_file_ref idref="fl-e"/>
      </object_component>
      <object_component id="oc-1a5">
         <name>.debug_info</name>
         <load_address>0x6cf6</load_address>
         <run_address>0x6cf6</run_address>
         <size>0x21f</size>
         <input_file_ref idref="fl-11"/>
      </object_component>
      <object_component id="oc-1a8">
         <name>.debug_info</name>
         <load_address>0x6f15</load_address>
         <run_address>0x6f15</run_address>
         <size>0x203</size>
         <input_file_ref idref="fl-11"/>
      </object_component>
      <object_component id="oc-1ae">
         <name>.debug_info</name>
         <load_address>0x7118</load_address>
         <run_address>0x7118</run_address>
         <size>0x230</size>
         <input_file_ref idref="fl-11"/>
      </object_component>
      <object_component id="oc-1b4">
         <name>.debug_info</name>
         <load_address>0x7348</load_address>
         <run_address>0x7348</run_address>
         <size>0x4d8</size>
         <input_file_ref idref="fl-11"/>
      </object_component>
      <object_component id="oc-1b9">
         <name>.debug_info</name>
         <load_address>0x7820</load_address>
         <run_address>0x7820</run_address>
         <size>0x183</size>
         <input_file_ref idref="fl-5f"/>
      </object_component>
      <object_component id="oc-1c2">
         <name>.debug_info</name>
         <load_address>0x79a3</load_address>
         <run_address>0x79a3</run_address>
         <size>0x285</size>
         <input_file_ref idref="fl-11"/>
      </object_component>
      <object_component id="oc-1c9">
         <name>.debug_info</name>
         <load_address>0x7c28</load_address>
         <run_address>0x7c28</run_address>
         <size>0x233</size>
         <input_file_ref idref="fl-11"/>
      </object_component>
      <object_component id="oc-1d1">
         <name>.debug_info</name>
         <load_address>0x7e5b</load_address>
         <run_address>0x7e5b</run_address>
         <size>0x230</size>
         <input_file_ref idref="fl-f"/>
      </object_component>
      <object_component id="oc-1d7">
         <name>.debug_info</name>
         <load_address>0x808b</load_address>
         <run_address>0x808b</run_address>
         <size>0x21c</size>
         <input_file_ref idref="fl-11"/>
      </object_component>
      <object_component id="oc-1dd">
         <name>.debug_info</name>
         <load_address>0x82a7</load_address>
         <run_address>0x82a7</run_address>
         <size>0x2c</size>
         <input_file_ref idref="fl-2"/>
      </object_component>
      <object_component id="oc-1e3">
         <name>.debug_info</name>
         <load_address>0x82d3</load_address>
         <run_address>0x82d3</run_address>
         <size>0x111</size>
         <input_file_ref idref="fl-64"/>
      </object_component>
      <object_component id="oc-1e8">
         <name>.debug_info</name>
         <load_address>0x83e4</load_address>
         <run_address>0x83e4</run_address>
         <size>0x111</size>
         <input_file_ref idref="fl-12"/>
      </object_component>
      <object_component id="oc-1ec">
         <name>.debug_info</name>
         <load_address>0x84f5</load_address>
         <run_address>0x84f5</run_address>
         <size>0x1be</size>
         <input_file_ref idref="fl-12"/>
      </object_component>
      <object_component id="oc-1f2">
         <name>.debug_info</name>
         <load_address>0x86b3</load_address>
         <run_address>0x86b3</run_address>
         <size>0x1ca</size>
         <input_file_ref idref="fl-12"/>
      </object_component>
      <object_component id="oc-1f9">
         <name>.debug_info</name>
         <load_address>0x887d</load_address>
         <run_address>0x887d</run_address>
         <size>0x227</size>
         <input_file_ref idref="fl-c"/>
      </object_component>
      <object_component id="oc-1ff">
         <name>.debug_info</name>
         <load_address>0x8aa4</load_address>
         <run_address>0x8aa4</run_address>
         <size>0x221</size>
         <input_file_ref idref="fl-c"/>
      </object_component>
      <object_component id="oc-205">
         <name>.debug_info</name>
         <load_address>0x8cc5</load_address>
         <run_address>0x8cc5</run_address>
         <size>0x32d</size>
         <input_file_ref idref="fl-f"/>
      </object_component>
      <object_component id="oc-20e">
         <name>.debug_info</name>
         <load_address>0x8ff2</load_address>
         <run_address>0x8ff2</run_address>
         <size>0xe8</size>
         <input_file_ref idref="fl-46"/>
      </object_component>
      <object_component id="oc-212">
         <name>.debug_info</name>
         <load_address>0x90da</load_address>
         <run_address>0x90da</run_address>
         <size>0xd4</size>
         <input_file_ref idref="fl-62"/>
      </object_component>
      <object_component id="oc-21b">
         <name>.debug_info</name>
         <load_address>0x91ae</load_address>
         <run_address>0x91ae</run_address>
         <size>0x1c4</size>
         <input_file_ref idref="fl-11"/>
      </object_component>
      <object_component id="oc-221">
[...]
         <value>0x937a</value>
         <object_component_ref idref="oc-4eb"/>
      </symbol>
      <symbol id="sm-31c">
         <name>nwk_isConnectionValid</name>
         <value>0x8f80</value>
         <object_component_ref idref="oc-439"/>
      </symbol>
      <symbol id="sm-31d">
         <name>nwk_isValidReply</name>
         <value>0x957c</value>
         <object_component_ref idref="oc-4b7"/>
      </symbol>
      <symbol id="sm-31e">
         <name>nwk_putNumObjectIntoMsg</name>
         <value>0x9506</value>
         <object_component_ref idref="oc-2b5"/>
      </symbol>
      <symbol id="sm-31f">
         <name>nwk_allocateLocalRxPort</name>
         <value>0x8684</value>
         <object_component_ref idref="oc-4f7"/>
      </symbol>
      <symbol id="sm-320">
         <name>nwk_nwkInit</name>
         <value>0x8b8e</value>
         <object_component_ref idref="oc-161"/>
      </symbol>
      <symbol id="sm-321">
         <name>nwk_getConnInfo</name>
         <value>0x9758</value>
         <object_component_ref idref="oc-1f8"/>
      </symbol>
      <symbol id="sm-322">
         <name>nwk_getNumObjectFromMsg</name>
         <value>0x9e92</value>
         <object_component_ref idref="oc-4e5"/>
      </symbol>
      <symbol id="sm-369">
         <name>nwk_QadjustOrder</name>
         <value>0x9726</value>
         <object_component_ref idref="oc-37c"/>
      </symbol>
      <symbol id="sm-36a">
         <name>nwk_QfindSlot</name>
         <value>0x8c96</value>
         <object_component_ref idref="oc-34e"/>
      </symbol>
      <symbol id="sm-36b">
         <name>nwk_QInit</name>
         <value>0x9c7e</value>
         <object_component_ref idref="oc-267"/>
      </symbol>
      <symbol id="sm-36c">
         <name>nwk_QfindOldest</name>
         <value>0x835e</value>
         <object_component_ref idref="oc-376"/>
      </symbol>
      <symbol id="sm-3cb">
         <name>SMPL_Receive</name>
         <value>0x9254</value>
         <object_component_ref idref="oc-13f"/>
      </symbol>
      <symbol id="sm-3cc">
         <name>SMPL_Send</name>
         <value>0x9f20</value>
         <object_component_ref idref="oc-19b"/>
      </symbol>
      <symbol id="sm-3cd">
         <name>SMPL_Init</name>
         <value>0x9658</value>
         <object_component_ref idref="oc-da"/>
      </symbol>
      <symbol id="sm-3ce">
         <name>SMPL_SendOpt</name>
         <value>0x8d9a</value>
         <object_component_ref idref="oc-331"/>
      </symbol>
      <symbol id="sm-3cf">
         <name>SMPL_LinkListen</name>
         <value>0x8f0a</value>
         <object_component_ref idref="oc-187"/>
      </symbol>
      <symbol id="sm-3d0">
         <name>SMPL_Ioctl</name>
         <value>0x88ec</value>
         <object_component_ref idref="oc-18d"/>
      </symbol>
      <symbol id="sm-42d">
         <name>nwk_buildFrame</name>
         <value>0x8af0</value>
         <object_component_ref idref="oc-418"/>
      </symbol>
      <symbol id="sm-42e">
         <name>nwk_sendFrame</name>
         <value>0x984c</value>
         <object_component_ref idref="oc-41e"/>
      </symbol>
      <symbol id="sm-42f">
         <name>nwk_getMyRxType</name>
         <value>0x9f4c</value>
         <object_component_ref idref="oc-4fe"/>
      </symbol>
      <symbol id="sm-430">
         <name>nwk_frameInit</name>
         <value>0x9c02</value>
         <object_component_ref idref="oc-261"/>
      </symbol>
      <symbol id="sm-431">
         <name>nwk_retrieveFrame</name>
         <value>0x883a</value>
         <object_component_ref idref="oc-204"/>
      </symbol>
      <symbol id="sm-432">
         <name>MRFI_RxCompleteISR</name>
         <value>0x9b82</value>
         <object_component_ref idref="oc-1d0"/>
      </symbol>
      <symbol id="sm-47c">
         <name>nwk_getProtocolVersion</name>
         <value>0x9f52</value>
         <object_component_ref idref="oc-2bb"/>
      </symbol>
      <symbol id="sm-47d">
         <name>nwk_getFWVersion</name>
         <value>0x9f46</value>
         <object_component_ref idref="oc-30b"/>
      </symbol>
      <symbol id="sm-47e">
         <name>nwk_globalsInit</name>
         <value>0x9a20</value>
         <object_component_ref idref="oc-25b"/>
      </symbol>
      <symbol id="sm-47f">
         <name>nwk_setAPAddress</name>
         <value>0x9ea0</value>
         <object_component_ref idref="oc-2df"/>
      </symbol>
      <symbol id="sm-480">
         <name>nwk_setMyAddress</name>
         <value>0x9cd4</value>
         <object_component_ref idref="oc-40a"/>
      </symbol>
      <symbol id="sm-481">
         <name>nwk_getBCastAddress</name>
         <value>0x9f40</value>
         <object_component_ref idref="oc-291"/>
      </symbol>
      <symbol id="sm-482">
         <name>nwk_getMyAddress</name>
         <value>0x9e32</value>
         <object_component_ref idref="oc-16d"/>
      </symbol>
      <symbol id="sm-62f">
         <name>MRFI_Sleep</name>
         <value>0x9ab8</value>
         <object_component_ref idref="oc-2d3"/>
      </symbol>
      <symbol id="sm-630">
         <name>MRFI_PostKillSem</name>
         <value>0x9eca</value>
         <object_component_ref idref="oc-499"/>
      </symbol>
      <symbol id="sm-631">
         <name>MRFI_SetLogicalChannel</name>
         <value>0x96f4</value>
         <object_component_ref idref="oc-22f"/>
      </symbol>
      <symbol id="sm-632">
         <name>MRFI_Rssi</name>
         <value>0x9406</value>
         <object_component_ref idref="oc-411"/>
      </symbol>
      <symbol id="sm-633">
         <name>MRFI_Init</name>
         <value>0x8000</value>
         <object_component_ref idref="oc-15b"/>
      </symbol>
      <symbol id="sm-634">
         <name>mrfiSpiCmdStrobe</name>
         <value>0x92ec</value>
         <object_component_ref idref="oc-1d6"/>
      </symbol>
      <symbol id="sm-635">
         <name>__TI_int03</name>
         <value>0xffe6</value>
         <object_component_ref idref="oc-2e"/>
      </symbol>
      <symbol id="sm-636">
         <name>MRFI_RxAddrIsFiltered</name>
         <value>0x9334</value>
         <object_component_ref idref="oc-1c1"/>
      </symbol>
      <symbol id="sm-637">
         <name>MRFI_SetRxAddrFilter</name>
         <value>0x9624</value>
         <object_component_ref idref="oc-173"/>
      </symbol>
      <symbol id="sm-638">
         <name>MRFI_RandomByte</name>
         <value>0x9d56</value>
         <object_component_ref idref="oc-3b5"/>
      </symbol>
      <symbol id="sm-639">
         <name>MRFI_RxOn</name>
         <value>0x9afe</value>
         <object_component_ref idref="oc-2c1"/>
      </symbol>
      <symbol id="sm-63a">
         <name>MRFI_GpioIsr</name>
         <value>0x9c9c</value>
         <object_component_ref idref="oc-a7"/>
      </symbol>
      <symbol id="sm-63b">
         <name>mrfiBroadcastAddr</name>
         <value>0xa0da</value>
         <object_component_ref idref="oc-2a4"/>
      </symbol>
      <symbol id="sm-63c">
         <name>mrfiSpiReadReg</name>
         <value>0x9c60</value>
         <object_component_ref idref="oc-1a7"/>
      </symbol>
      <symbol id="sm-63d">
         <name>mrfiSpiReadRxFifo</name>
         <value>0x9ee2</value>
         <object_component_ref idref="oc-1ad"/>
      </symbol>
      <symbol id="sm-63e">
         <name>MRFI_ReplyDelay</name>
         <value>0x94ca</value>
         <object_component_ref idref="oc-2c7"/>
      </symbol>
      <symbol id="sm-63f">
         <name>MRFI_WakeUp</name>
         <value>0x915c</value>
         <object_component_ref idref="oc-167"/>
      </symbol>
      <symbol id="sm-640">
         <name>MRFI_Transmit</name>
         <value>0x8488</value>
         <object_component_ref idref="oc-46a"/>
      </symbol>
      <symbol id="sm-641">
         <name>mrfiSpiWriteReg</name>
         <value>0x9d24</value>
         <object_component_ref idref="oc-226"/>
      </symbol>
      <symbol id="sm-642">
         <name>mrfiSpiWriteTxFifo</name>
         <value>0x9e84</value>
         <object_component_ref idref="oc-4a8"/>
      </symbol>
      <symbol id="sm-643">
         <name>MRFI_RxIdle</name>
         <value>0x9ba2</value>
         <object_component_ref idref="oc-2cd"/>
      </symbol>
      <symbol id="sm-644">
         <name>MRFI_GetRadioState</name>
         <value>0x9f28</value>
         <object_component_ref idref="oc-2ac"/>
      </symbol>
      <symbol id="sm-645">
         <name>MRFI_DelayMs</name>
         <value>0x9d3e</value>
         <object_component_ref idref="oc-194"/>
      </symbol>
      <symbol id="sm-646">
         <name>MRFI_EnableRxAddrFilter</name>
         <value>0x9adc</value>
         <object_component_ref idref="oc-179"/>
      </symbol>
      <symbol id="sm-647">
         <name>MRFI_SetRFPwr</name>
         <value>0x95f0</value>
         <object_component_ref idref="oc-235"/>
      </symbol>
      <symbol id="sm-648">
         <name>mrfiSpiInit</name>
         <value>0x968c</value>
         <object_component_ref idref="oc-21a"/>
      </symbol>
      <symbol id="sm-649">
         <name>MRFI_Receive</name>
         <value>0x9e76</value>
         <object_component_ref idref="oc-354"/>
      </symbol>
      <symbol id="sm-64a">
         <name>BSP_GpioPort1Isr</name>
         <value>0x9cf0</value>
         <object_component_ref idref="oc-59"/>
      </symbol>
      <symbol id="sm-689">
         <name>BSP_Init</name>
         <value>0x9b42</value>
         <object_component_ref idref="oc-c8"/>
      </symbol>
      <symbol id="sm-68a">
         <name>BSP_InitButtons</name>
         <value>0x9eee</value>
         <object_component_ref idref="oc-1f1"/>
      </symbol>
      <symbol id="sm-68b">
         <name>BSP_InitBoard</name>
         <value>0x9b62</value>
         <object_component_ref idref="oc-130"/>
      </symbol>
      <symbol id="sm-68c">
         <name>BSP_InitLeds</name>
         <value>0x9dfc</value>
         <object_component_ref idref="oc-1eb"/>
      </symbol>
      <symbol id="sm-68d">
         <name>BSP_Delay</name>
         <value>0x9c42</value>
         <object_component_ref idref="oc-38b"/>
      </symbol>
      <symbol id="sm-68e">
         <name>BSP_InitDrivers</name>
         <value>0x9ef8</value>
         <object_component_ref idref="oc-136"/>
      </symbol>
      <symbol id="sm-68f">
         <name>_system_pre_init</name>
         <value>0x9f02</value>
         <object_component_ref idref="oc-65"/>
      </symbol>
      <symbol id="sm-699">
         <name>__mspabi_sral</name>
         <value>0x9e56</value>
         <object_component_ref idref="oc-241"/>
      </symbol>
      <symbol id="sm-6a9">
         <name>_c_int00_noexit</name>
         <value>0x9d0a</value>
         <object_component_ref idref="oc-38"/>
      </symbol>
      <symbol id="sm-6aa">
         <name>_c_int00</name>
         <value>0x9d0a</value>
         <object_component_ref idref="oc-38"/>
      </symbol>
      <symbol id="sm-6ab">
         <name>_stack</name>
         <value>0x5b0</value>
         <object_component_ref idref="oc-50"/>
      </symbol>
      <symbol id="sm-6ac">
         <name>_reset_vector</name>
         <value>0xfffe</value>
         <object_component_ref idref="oc-53"/>
      </symbol>
      <symbol id="sm-6c2">
         <name>__TI_decompress_none</name>
         <value>0x9e0e</value>
         <object_component_ref idref="oc-3e"/>
      </symbol>
      <symbol id="sm-6e4">
         <name>__TI_decompress_rle24</name>
         <value>0x9f34</value>
         <object_component_ref idref="oc-4a"/>
      </symbol>
      <symbol id="sm-6f7">
         <name>__TI_zero_init</name>
         <value>0x9d98</value>
         <object_component_ref idref="oc-44"/>
      </symbol>
      <symbol id="sm-704">
         <name>__mspabi_remi</name>
         <value>0x9904</value>
         <object_component_ref idref="oc-20b"/>
      </symbol>
      <symbol id="sm-705">
         <name>__mspabi_divi</name>
         <value>0x9904</value>
         <object_component_ref idref="oc-20b"/>
      </symbol>
      <symbol id="sm-70f">
         <name>__mspabi_remu</name>
         <value>0x9d82</value>
         <object_component_ref idref="oc-383"/>
      </symbol>
      <symbol id="sm-710">
         <name>__mspabi_divu</name>
         <value>0x9d82</value>
         <object_component_ref idref="oc-383"/>
      </symbol>
      <symbol id="sm-71e">
         <name>__mspabi_remul</name>
         <value>0x9104</value>
         <object_component_ref idref="oc-24b"/>
      </symbol>
      <symbol id="sm-71f">
         <name>__mspabi_divul</name>
         <value>0x9104</value>
         <object_component_ref idref="oc-24b"/>
      </symbol>
      <symbol id="sm-728">
         <name>__mspabi_func_epilog_2</name>
         <value>0x9e70</value>
         <object_component_ref idref="oc-c1"/>
      </symbol>
      <symbol id="sm-729">
         <name>__mspabi_func_epilog_3</name>
         <value>0x9e6e</value>
         <object_component_ref idref="oc-c1"/>
      </symbol>
      <symbol id="sm-72a">
         <name>__mspabi_func_epilog_1</name>
         <value>0x9e72</value>
         <object_component_ref idref="oc-c1"/>
      </symbol>
      <symbol id="sm-72b">
         <name>__mspabi_func_epilog_6</name>
         <value>0x9e68</value>
         <object_component_ref idref="oc-c1"/>
      </symbol>
      <symbol id="sm-72c">
         <name>__mspabi_func_epilog_7</name>
         <value>0x9e66</value>
         <object_component_ref idref="oc-c1"/>
      </symbol>
      <symbol id="sm-72d">
         <name>__mspabi_func_epilog_4</name>
         <value>0x9e6c</value>
         <object_component_ref idref="oc-c1"/>
      </symbol>
      <symbol id="sm-72e">
         <name>__mspabi_func_epilog_5</name>
         <value>0x9e6a</value>
         <object_component_ref idref="oc-c1"/>
      </symbol>
      <symbol id="sm-738">
         <name>C$$EXIT</name>
         <value>0x9f58</value>
         <object_component_ref idref="oc-77"/>
      </symbol>
      <symbol id="sm-739">
         <name>abort</name>
         <value>0x9f58</value>
         <object_component_ref idref="oc-77"/>
      </symbol>
      <symbol id="sm-73f">
         <name>__TI_int02</name>
         <value>0xffe4</value>
         <object_component_ref idref="oc-2d"/>
      </symbol>
      <symbol id="sm-742">
         <name>__TI_int05</name>
         <value>0xffea</value>
         <object_component_ref idref="oc-2f"/>
      </symbol>
      <symbol id="sm-745">
         <name>__TI_int06</name>
         <value>0xffec</value>
         <object_component_ref idref="oc-30"/>
      </symbol>
      <symbol id="sm-748">
         <name>__TI_int08</name>
         <value>0xfff0</value>
         <object_component_ref idref="oc-32"/>
      </symbol>
      <symbol id="sm-74b">
         <name>__TI_int09</name>
         <value>0xfff2</value>
         <object_component_ref idref="oc-33"/>
      </symbol>
      <symbol id="sm-74e">
         <name>__TI_int10</name>
         <value>0xfff4</value>
         <object_component_ref idref="oc-34"/>
      </symbol>
      <symbol id="sm-751">
         <name>__TI_int12</name>
         <value>0xfff8</value>
         <object_component_ref idref="oc-35"/>
      </symbol>
      <symbol id="sm-754">
         <name>__TI_int13</name>
         <value>0xfffa</value>
         <object_component_ref idref="oc-36"/>
      </symbol>
      <symbol id="sm-757">
         <name>__TI_int14</name>
         <value>0xfffc</value>
         <object_component_ref idref="oc-37"/>
      </symbol>
      <symbol id="sm-75f">
         <name>__TI_ISR_TRAP</name>
         <value>0x9f2e</value>
         <object_component_ref idref="oc-54"/>
      </symbol>
      <symbol id="sm-769">
         <name>__mspabi_srli_8</name>
         <value>0x92ca</value>
         <object_component_ref idref="oc-250"/>
      </symbol>
      <symbol id="sm-76a">
         <name>__mspabi_srli_9</name>
         <value>0x92c6</value>
         <object_component_ref idref="oc-250"/>
      </symbol>
      <symbol id="sm-76b">
         <name>__mspabi_srli_6</name>
         <value>0x92d2</value>
         <object_component_ref idref="oc-250"/>
      </symbol>
      <symbol id="sm-76c">
         <name>__mspabi_srli_7</name>
         <value>0x92ce</value>
         <object_component_ref idref="oc-250"/>
      </symbol>
      <symbol id="sm-76d">
         <name>__mspabi_srli_4</name>
         <value>0x92da</value>
         <object_component_ref idref="oc-250"/>
      </symbol>
      <symbol id="sm-76e">
         <name>__mspabi_srli_5</name>
         <value>0x92d6</value>
         <object_component_ref idref="oc-250"/>
      </symbol>
      <symbol id="sm-76f">
         <name>__mspabi_srli_2</name>
         <value>0x92e2</value>
         <object_component_ref idref="oc-250"/>
      </symbol>
      <symbol id="sm-770">
         <name>__mspabi_srli_3</name>
         <value>0x92de</value>
         <object_component_ref idref="oc-250"/>
      </symbol>
      <symbol id="sm-771">
         <name>__mspabi_srli_1</name>
         <value>0x92e6</value>
         <object_component_ref idref="oc-250"/>
      </symbol>
      <symbol id="sm-772">
         <name>__mspabi_srli</name>
         <value>0x92a0</value>
         <object_component_ref idref="oc-250"/>
      </symbol>
      <symbol id="sm-773">
         <name>__mspabi_srli_15</name>
         <value>0x92ae</value>
         <object_component_ref idref="oc-250"/>
      </symbol>
      <symbol id="sm-774">
         <name>__mspabi_srli_14</name>
         <value>0x92b2</value>
         <object_component_ref idref="oc-250"/>
      </symbol>
      <symbol id="sm-775">
         <name>__mspabi_srli_13</name>
         <value>0x92b6</value>
         <object_component_ref idref="oc-250"/>
      </symbol>
      <symbol id="sm-776">
         <name>__mspabi_srli_12</name>
         <value>0x92ba</value>
         <object_component_ref idref="oc-250"/>
      </symbol>
      <symbol id="sm-777">
         <name>__mspabi_srli_11</name>
         <value>0x92be</value>
         <object_component_ref idref="oc-250"/>
      </symbol>
      <symbol id="sm-778">
         <name>__mspabi_srli_10</name>
         <value>0x92c2</value>
         <object_component_ref idref="oc-250"/>
      </symbol>
      <symbol id="sm-788">
         <name>memcmp</name>
         <value>0x9b20</value>
         <object_component_ref idref="oc-430"/>
      </symbol>
      <symbol id="sm-796">
         <name>memcpy</name>
         <value>0x9e20</value>
         <object_component_ref idref="oc-7e"/>
      </symbol>
      <symbol id="sm-7a5">
         <name>memmove</name>
         <value>0x9be2</value>
         <object_component_ref idref="oc-3e3"/>
      </symbol>
      <symbol id="sm-7b3">
         <name>memset</name>
         <value>0x9dc0</value>
         <object_component_ref idref="oc-1b6"/>
      </symbol>
      <symbol id="sm-7bf">
         <name>__mspabi_mpyi</name>
         <value>0x9dd4</value>
         <object_component_ref idref="oc-210"/>
      </symbol>
      <symbol id="sm-7c9">
         <name>__mspabi_mpyl</name>
         <value>0x9a92</value>
         <object_component_ref idref="oc-246"/>
      </symbol>
      <symbol id="sm-7d6">
         <name>strlen</name>
         <value>0x9ebc</value>
         <object_component_ref idref="oc-102"/>
      </symbol>
      <symbol id="sm-7ef">
         <name>_auto_init</name>
         <value>0x90a6</value>
         <object_component_ref idref="oc-6b"/>
      </symbol>
      <symbol id="sm-7f1">
         <name>__TI_exit</name>
         <value>0x1</value>
      </symbol>
      <symbol id="sm-7f2">
         <name>__TI_args_main</name>
         <value>0x1</value>
      </symbol>
      <symbol id="sm-7f3">
         <name>__TI_INITARRAY_Base</name>
         <value>0x0</value>
      </symbol>
      <symbol id="sm-7f4">
         <name>__TI_INITARRAY_Limit</name>
         <value>0x0</value>
      </symbol>
   </symbol_table>
   <title>Link successful</title>
</link_info>
