<?xml version="1.0"?>
<link_info>
   <banner>MSP430 Linker PC v4.3.3</banner>
   <copyright>Copyright (c) 2003-2014 Texas Instruments Incorporated</copyright>
   <link_time>0x54144796</link_time>
   <link_errors>0x0</link_errors>
   <output_file>TestSimpl.out</output_file>
   <entry_point>
      <name>_c_int00</name>
      <address>0x9c2e</address>
   </entry_point>
   <input_file_list>
      <input_file id="fl-2">
         <path>.\</path>
         <kind>object</kind>
         <file>helpers.obj</file>
         <name>helpers.obj</name>
      </input_file>
      <input_file id="fl-3">
         <path>.\</path>
         <kind>object</kind>
         <file>main_ap.obj</file>
         <name>main_ap.obj</name>
      </input_file>
      <input_file id="fl-4">
         <path>.\</path>
         <kind>object</kind>
         <file>virtual_com_cmds.obj</file>
         <name>virtual_com_cmds.obj</name>
      </input_file>
      <input_file id="fl-5">
         <path>.\Components\simpliciti\nwk_applications\</path>
         <kind>object</kind>
         <file>nwk_freq.obj</file>
         <name>nwk_freq.obj</name>
      </input_file>
      <input_file id="fl-6">
         <path>.\Components\simpliciti\nwk_applications\</path>
         <kind>object</kind>
         <file>nwk_ioctl.obj</file>
         <name>nwk_ioctl.obj</name>
      </input_file>
      <input_file id="fl-7">
         <path>.\Components\simpliciti\nwk_applications\</path>
         <kind>object</kind>
         <file>nwk_join.obj</file>
         <name>nwk_join.obj</name>
      </input_file>
      <input_file id="fl-8">
         <path>.\Components\simpliciti\nwk_applications\</path>
         <kind>object</kind>
         <file>nwk_link.obj</file>
         <name>nwk_link.obj</name>
      </input_file>
      <input_file id="fl-9">
         <path>.\Components\simpliciti\nwk_applications\</path>
         <kind>object</kind>
         <file>nwk_mgmt.obj</file>
         <name>nwk_mgmt.obj</name>
      </input_file>
      <input_file id="fl-a">
         <path>.\Components\simpliciti\nwk_applications\</path>
         <kind>object</kind>
         <file>nwk_ping.obj</file>
         <name>nwk_ping.obj</name>
      </input_file>
      <input_file id="fl-b">
         <path>.\Components\simpliciti\nwk_applications\</path>
         <kind>object</kind>
         <file>nwk_security.obj</file>
         <name>nwk_security.obj</name>
      </input_file>
      <input_file id="fl-c">
         <path>.\Components\simpliciti\nwk\</path>
         <kind>object</kind>
         <file>nwk.obj</file>
         <name>nwk.obj</name>
      </input_file>
      <input_file id="fl-d">
         <path>.\Components\simpliciti\nwk\</path>
         <kind>object</kind>
         <file>nwk_QMgmt.obj</file>
         <name>nwk_QMgmt.obj</name>
      </input_file>
      <input_file id="fl-e">
         <path>.\Components\simpliciti\nwk\</path>
         <kind>object</kind>
         <file>nwk_api.obj</file>
         <name>nwk_api.obj</name>
      </input_file>
      <input_file id="fl-f">
         <path>.\Components\simpliciti\nwk\</path>
         <kind>object</kind>
         <file>nwk_frame.obj</file>
         <name>nwk_frame.obj</name>
      </input_file>
      <input_file id="fl-10">
         <path>.\Components\simpliciti\nwk\</path>
         <kind>object</kind>
         <file>nwk_globals.obj</file>
         <name>nwk_globals.obj</name>
      </input_file>
      <input_file id="fl-11">
         <path>.\Components\mrfi\</path>
         <kind>object</kind>
         <file>mrfi.obj</file>
         <name>mrfi.obj</name>
      </input_file>
      <input_file id="fl-12">
         <path>.\Components\bsp\</path>
         <kind>object</kind>
         <file>bsp.obj</file>
         <name>bsp.obj</name>
      </input_file>
      <input_file id="fl-40">
         <path>C:\PRojects\ccsv6\tools\compiler\msp430_4.3.3\lib\</path>
         <kind>archive</kind>
         <file>rts430_eabi.lib</file>
         <name>asr32.obj</name>
      </input_file>
      <input_file id="fl-41">
         <path>C:\PRojects\ccsv6\tools\compiler\msp430_4.3.3\lib\</path>
         <kind>archive</kind>
         <file>rts430_eabi.lib</file>
         <name>boot.obj</name>
      </input_file>
      <input_file id="fl-42">
         <path>C:\PRojects\ccsv6\tools\compiler\msp430_4.3.3\lib\</path>
         <kind>archive</kind>
         <file>rts430_eabi.lib</file>
         <name>copy_decompress_none.obj</name>
      </input_file>
      <input_file id="fl-43">
         <path>C:\PRojects\ccsv6\tools\compiler\msp430_4.3.3\lib\</path>
         <kind>archive</kind>
         <file>rts430_eabi.lib</file>
         <name>copy_decompress_rle.obj</name>
      </input_file>
      <input_file id="fl-44">
         <path>C:\PRojects\ccsv6\tools\compiler\msp430_4.3.3\lib\</path>
         <kind>archive</kind>
         <file>rts430_eabi.lib</file>
         <name>copy_zero_init.obj</name>
      </input_file>
      <input_file id="fl-45">
         <path>C:\PRojects\ccsv6\tools\compiler\msp430_4.3.3\lib\</path>
         <kind>archive</kind>
         <file>rts430_eabi.lib</file>
         <name>cvtfd.obj</name>
      </input_file>
      <input_file id="fl-46">
         <path>C:\PRojects\ccsv6\tools\compiler\msp430_4.3.3\lib\</path>
         <kind>archive</kind>
         <file>rts430_eabi.lib</file>
         <name>div16s.obj</name>
      </input_file>
      <input_file id="fl-47">
         <path>C:\PRojects\ccsv6\tools\compiler\msp430_4.3.3\lib\</path>
         <kind>archive</kind>
         <file>rts430_eabi.lib</file>
         <name>div16u.obj</name>
      </input_file>
      <input_file id="fl-48">
         <path>C:\PRojects\ccsv6\tools\compiler\msp430_4.3.3\lib\</path>
         <kind>archive</kind>
         <file>rts430_eabi.lib</file>
         <name>div32u.obj</name>
      </input_file>
      <input_file id="fl-49">
         <path>C:\PRojects\ccsv6\tools\compiler\msp430_4.3.3\lib\</path>
         <kind>archive</kind>
         <file>rts430_eabi.lib</file>
         <name>epilog.obj</name>
      </input_file>
      <input_file id="fl-4a">
         <path>C:\PRojects\ccsv6\tools\compiler\msp430_4.3.3\lib\</path>
         <kind>archive</kind>
         <file>rts430_eabi.lib</file>
         <name>exit.obj</name>
      </input_file>
      <input_file id="fl-4b">
         <path>C:\PRojects\ccsv6\tools\compiler\msp430_4.3.3\lib\</path>
         <kind>archive</kind>
         <file>rts430_eabi.lib</file>
         <name>fixdi.obj</name>
      </input_file>
      <input_file id="fl-4c">
         <path>C:\PRojects\ccsv6\tools\compiler\msp430_4.3.3\lib\</path>
         <kind>archive</kind>
         <file>rts430_eabi.lib</file>
         <name>fixdli.obj</name>
      </input_file>
      <input_file id="fl-4d">
         <path>C:\PRojects\ccsv6\tools\compiler\msp430_4.3.3\lib\</path>
         <kind>archive</kind>
         <file>rts430_eabi.lib</file>
         <name>fs_itof.obj</name>
      </input_file>
      <input_file id="fl-4e">
         <path>C:\PRojects\ccsv6\tools\compiler\msp430_4.3.3\lib\</path>
         <kind>archive</kind>
         <file>rts430_eabi.lib</file>
         <name>int02.obj</name>
      </input_file>
      <input_file id="fl-4f">
         <path>C:\PRojects\ccsv6\tools\compiler\msp430_4.3.3\lib\</path>
         <kind>archive</kind>
         <file>rts430_eabi.lib</file>
         <name>int05.obj</name>
      </input_file>
      <input_file id="fl-50">
         <path>C:\PRojects\ccsv6\tools\compiler\msp430_4.3.3\lib\</path>
         <kind>archive</kind>
         <file>rts430_eabi.lib</file>
         <name>int06.obj</name>
      </input_file>
      <input_file id="fl-51">
         <path>C:\PRojects\ccsv6\tools\compiler\msp430_4.3.3\lib\</path>
         <kind>archive</kind>
         <file>rts430_eabi.lib</file>
         <name>int08.obj</name>
      </input_file>
      <input_file id="fl-52">
         <path>C:\PRojects\ccsv6\tools\compiler\msp430_4.3.3\lib\</path>
         <kind>archive</kind>
         <file>rts430_eabi.lib</file>
         <name>int09.obj</name>
      </input_file>
      <input_file id="fl-53">
         <path>C:\PRojects\ccsv6\tools\compiler\msp430_4.3.3\lib\</path>
         <kind>archive</kind>
         <file>rts430_eabi.lib</file>
         <name>int10.obj</name>
      </input_file>
      <input_file id="fl-54">
         <path>C:\PRojects\ccsv6\tools\compiler\msp430_4.3.3\lib\</path>
         <kind>archive</kind>
         <file>rts430_eabi.lib</file>
         <name>int12.obj</name>
      </input_file>
      <input_file id="fl-55">
         <path>C:\PRojects\ccsv6\tools\compiler\msp430_4.3.3\lib\</path>
         <kind>archive</kind>
         <file>rts430_eabi.lib</file>
         <name>int13.obj</name>
      </input_file>
      <input_file id="fl-56">
         <path>C:\PRojects\ccsv6\tools\compiler\msp430_4.3.3\lib\</path>
         <kind>archive</kind>
         <file>rts430_eabi.lib</file>
         <name>int14.obj</name>
      </input_file>
      <input_file id="fl-57">
         <path>C:\PRojects\ccsv6\tools\compiler\msp430_4.3.3\lib\</path>
         <kind>archive</kind>
         <file>rts430_eabi.lib</file>
         <name>isr_trap.obj</name>
      </input_file>
      <input_file id="fl-58">
         <path>C:\PRojects\ccsv6\tools\compiler\msp430_4.3.3\lib\</path>
         <kind>archive</kind>
         <file>rts430_eabi.lib</file>
         <name>lsl16.obj</name>
      </input_file>
      <input_file id="fl-59">
         <path>C:\PRojects\ccsv6\tools\compiler\msp430_4.3.3\lib\</path>
         <kind>archive</kind>
         <file>rts430_eabi.lib</file>
         <name>lsl32.obj</name>
      </input_file>
      <input_file id="fl-5a">
         <path>C:\PRojects\ccsv6\tools\compiler\msp430_4.3.3\lib\</path>
         <kind>archive</kind>
         <file>rts430_eabi.lib</file>
         <name>lsr16.obj</name>
      </input_file>
      <input_file id="fl-5b">
         <path>C:\PRojects\ccsv6\tools\compiler\msp430_4.3.3\lib\</path>
         <kind>archive</kind>
         <file>rts430_eabi.lib</file>
         <name>lsr32.obj</name>
      </input_file>
      <input_file id="fl-5c">
         <path>C:\PRojects\ccsv6\tools\compiler\msp430_4.3.3\lib\</path>
         <kind>archive</kind>
         <file>rts430_eabi.lib</file>
         <name>memcmp.obj</name>
      </input_file>
      <input_file id="fl-5d">
         <path>C:\PRojects\ccsv6\tools\compiler\msp430_4.3.3\lib\</path>
         <kind>archive</kind>
         <file>rts430_eabi.lib</file>
         <name>memcpy.obj</name>
      </input_file>
      <input_file id="fl-5e">
         <path>C:\PRojects\ccsv6\tools\compiler\msp430_4.3.3\lib\</path>
         <kind>archive</kind>
         <file>rts430_eabi.lib</file>
         <name>memmov.obj</name>
      </input_file>
      <input_file id="fl-5f">
         <path>C:\PRojects\ccsv6\tools\compiler\msp430_4.3.3\lib\</path>
         <kind>archive</kind>
         <file>rts430_eabi.lib</file>
         <name>memset.obj</name>
      </input_file>
      <input_file id="fl-60">
         <path>C:\PRojects\ccsv6\tools\compiler\msp430_4.3.3\lib\</path>
         <kind>archive</kind>
         <file>rts430_eabi.lib</file>
         <name>mpu_init.obj</name>
      </input_file>
      <input_file id="fl-61">
         <path>C:\PRojects\ccsv6\tools\compiler\msp430_4.3.3\lib\</path>
         <kind>archive</kind>
         <file>rts430_eabi.lib</file>
         <name>mpyd.obj</name>
      </input_file>
      <input_file id="fl-62">
         <path>C:\PRojects\ccsv6\tools\compiler\msp430_4.3.3\lib\</path>
         <kind>archive</kind>
         <file>rts430_eabi.lib</file>
         <name>mult16.obj</name>
      </input_file>
      <input_file id="fl-63">
         <path>C:\PRojects\ccsv6\tools\compiler\msp430_4.3.3\lib\</path>
         <kind>archive</kind>
         <file>rts430_eabi.lib</file>
         <name>mult32.obj</name>
      </input_file>
      <input_file id="fl-64">
         <path>C:\PRojects\ccsv6\tools\compiler\msp430_4.3.3\lib\</path>
         <kind>archive</kind>
         <file>rts430_eabi.lib</file>
         <name>strlen.obj</name>
      </input_file>
      <input_file id="fl-65">
         <path>C:\PRojects\ccsv6\tools\compiler\msp430_4.3.3\lib\</path>
         <kind>archive</kind>
         <file>rts430_eabi.lib</file>
         <name>_lock.obj</name>
      </input_file>
      <input_file id="fl-66">
         <path>C:\PRojects\ccsv6\tools\compiler\msp430_4.3.3\lib\</path>
         <kind>archive</kind>
         <file>rts430_eabi.lib</file>
         <name>args_main.obj</name>
      </input_file>
      <input_file id="fl-67">
         <path>C:\PRojects\ccsv6\tools\compiler\msp430_4.3.3\lib\</path>
         <kind>archive</kind>
         <file>rts430_eabi.lib</file>
         <name>asr16.obj</name>
      </input_file>
      <input_file id="fl-68">
         <path>C:\PRojects\ccsv6\tools\compiler\msp430_4.3.3\lib\</path>
         <kind>archive</kind>
         <file>rts430_eabi.lib</file>
         <name>autoinit.obj</name>
      </input_file>
      <input_file id="fl-69">
         <path>C:\PRojects\ccsv6\tools\compiler\msp430_4.3.3\lib\</path>
         <kind>archive</kind>
         <file>rts430_eabi.lib</file>
         <name>frcmpyd.obj</name>
      </input_file>
   </input_file_list>
   <object_component_list>
      <object_component id="oc-50">
         <name>.stack</name>
         <uninitialized>true</uninitialized>
         <run_address>0x5b0</run_address>
         <size>0x2</size>
         <input_file_ref idref="fl-41"/>
      </object_component>
      <object_component id="oc-535">
         <name>.stack</name>
         <uninitialized>true</uninitialized>
         <run_address>0x5b0</run_address>
         <size>0x0</size>
      </object_component>
      <object_component id="oc-13f">
         <name>.text:MRFI_Init</name>
         <load_address>0x8000</load_address>
         <run_address>0x8000</run_address>
         <size>0x1c6</size>
         <input_file_ref idref="fl-11"/>
      </object_component>
      <object_component id="oc-4c5">
         <name>.text:smpl_send_link_reply</name>
         <load_address>0x81c6</load_address>
         <run_address>0x81c6</run_address>
         <size>0x198</size>
         <input_file_ref idref="fl-8"/>
      </object_component>
      <object_component id="oc-35f">
         <name>.text:nwk_QfindOldest</name>
         <load_address>0x835e</load_address>
         <run_address>0x835e</run_address>
         <size>0x12a</size>
         <input_file_ref idref="fl-d"/>
      </object_component>
      <object_component id="oc-453">
         <name>.text:MRFI_Transmit</name>
         <load_address>0x8488</load_address>
         <run_address>0x8488</run_address>
         <size>0x102</size>
         <input_file_ref idref="fl-11"/>
      </object_component>
      <object_component id="oc-163">
         <name>.text:nwk_join</name>
         <load_address>0x858a</load_address>
         <run_address>0x858a</run_address>
         <size>0xfa</size>
         <input_file_ref idref="fl-7"/>
      </object_component>
      <object_component id="oc-4e1">
         <name>.text:nwk_allocateLocalRxPort</name>
         <load_address>0x8684</load_address>
         <run_address>0x8684</run_address>
         <size>0xde</size>
         <input_file_ref idref="fl-c"/>
      </object_component>
      <object_component id="oc-f4">
         <name>.text:Mrfi_SyncPinRxIsr</name>
         <load_address>0x8762</load_address>
         <run_address>0x8762</run_address>
         <size>0xd8</size>
         <input_file_ref idref="fl-11"/>
      </object_component>
      <object_component id="oc-1e2">
         <name>.text:nwk_retrieveFrame</name>
         <load_address>0x883a</load_address>
         <run_address>0x883a</run_address>
         <size>0xb2</size>
         <input_file_ref idref="fl-f"/>
      </object_component>
      <object_component id="oc-171">
         <name>.text:SMPL_Ioctl</name>
         <load_address>0x88ec</load_address>
         <run_address>0x88ec</run_address>
         <size>0xb0</size>
         <input_file_ref idref="fl-e"/>
      </object_component>
      <object_component id="oc-343">
         <name>.text:dispatchFrame</name>
         <load_address>0x899c</load_address>
         <run_address>0x899c</run_address>
         <size>0xae</size>
         <input_file_ref idref="fl-f"/>
      </object_component>
      <object_component id="oc-3fc">
         <name>.text:nwk_buildFrame</name>
         <load_address>0x8a4a</load_address>
         <run_address>0x8a4a</run_address>
         <size>0x9e</size>
         <input_file_ref idref="fl-f"/>
      </object_component>
      <object_component id="oc-cd">
         <name>.text:sRxCallback</name>
         <load_address>0x8ae8</load_address>
         <run_address>0x8ae8</run_address>
         <size>0x8e</size>
         <input_file_ref idref="fl-3"/>
      </object_component>
      <object_component id="oc-145">
         <name>.text:nwk_nwkInit</name>
         <load_address>0x8b76</load_address>
         <run_address>0x8b76</run_address>
         <size>0x86</size>
         <input_file_ref idref="fl-c"/>
      </object_component>
      <object_component id="oc-337">
         <name>.text:nwk_QfindSlot</name>
         <load_address>0x8bfc</load_address>
         <run_address>0x8bfc</run_address>
         <size>0x82</size>
         <input_file_ref idref="fl-d"/>
      </object_component>
      <object_component id="oc-325">
         <name>.text:spiBurstFifoAccess</name>
         <load_address>0x8c7e</load_address>
         <run_address>0x8c7e</run_address>
         <size>0x82</size>
         <input_file_ref idref="fl-11"/>
      </object_component>
      <object_component id="oc-315">
         <name>.text:SMPL_SendOpt</name>
         <load_address>0x8d00</load_address>
         <run_address>0x8d00</run_address>
         <size>0x7e</size>
         <input_file_ref idref="fl-e"/>
      </object_component>
      <object_component id="oc-302">
         <name>.text:nwk_radioControl</name>
         <load_address>0x8d7e</load_address>
         <run_address>0x8d7e</run_address>
         <size>0x78</size>
         <input_file_ref idref="fl-6"/>
      </object_component>
      <object_component id="oc-16b">
         <name>.text:SMPL_LinkListen</name>
         <load_address>0x8df6</load_address>
         <run_address>0x8df6</run_address>
         <size>0x76</size>
         <input_file_ref idref="fl-e"/>
      </object_component>
      <object_component id="oc-423">
         <name>.text:nwk_isConnectionValid</name>
         <load_address>0x8e6c</load_address>
         <run_address>0x8e6c</run_address>
         <size>0x68</size>
         <input_file_ref idref="fl-c"/>
      </object_component>
      <object_component id="oc-92">
         <name>.text:__TI_decompress_rle_core</name>
         <load_address>0x8ed4</load_address>
         <run_address>0x8ed4</run_address>
         <size>0x5e</size>
         <input_file_ref idref="fl-43"/>
      </object_component>
      <object_component id="oc-6b">
         <name>.text:_auto_init</name>
         <load_address>0x8f32</load_address>
         <run_address>0x8f32</run_address>
         <size>0x5e</size>
         <input_file_ref idref="fl-68"/>
      </object_component>
      <object_component id="oc-225">
         <name>.text</name>
         <load_address>0x8f90</load_address>
         <run_address>0x8f90</run_address>
         <size>0x58</size>
         <input_file_ref idref="fl-48"/>
      </object_component>
      <object_component id="oc-14b">
         <name>.text:MRFI_WakeUp</name>
         <load_address>0x8fe8</load_address>
         <run_address>0x8fe8</run_address>
         <size>0x54</size>
         <input_file_ref idref="fl-11"/>
      </object_component>
      <object_component id="oc-308">
         <name>.text:nwk_rawSend</name>
         <load_address>0x903c</load_address>
         <run_address>0x903c</run_address>
         <size>0x54</size>
         <input_file_ref idref="fl-6"/>
      </object_component>
      <object_component id="oc-5f">
         <name>.text:USCI0RX_ISR</name>
         <load_address>0x9090</load_address>
         <run_address>0x9090</run_address>
         <size>0x50</size>
         <input_file_ref idref="fl-4"/>
      </object_component>
      <object_component id="oc-4db">
         <name>.text:nwk_getNextConnection</name>
         <load_address>0x90e0</load_address>
         <run_address>0x90e0</run_address>
         <size>0x50</size>
         <input_file_ref idref="fl-c"/>
      </object_component>
      <object_component id="oc-129">
         <name>.text:SMPL_Receive</name>
         <load_address>0x9130</load_address>
         <run_address>0x9130</run_address>
         <size>0x4c</size>
         <input_file_ref idref="fl-e"/>
      </object_component>
      <object_component id="oc-22a">
         <name>.text</name>
         <load_address>0x917c</load_address>
         <run_address>0x917c</run_address>
         <size>0x4c</size>
         <input_file_ref idref="fl-5a"/>
      </object_component>
      <object_component id="oc-d9">
         <name>.text:ap_loop</name>
         <load_address>0x91c8</load_address>
         <run_address>0x91c8</run_address>
         <size>0x48</size>
         <input_file_ref idref="fl-3"/>
      </object_component>
      <object_component id="oc-1b2">
         <name>.text:mrfiSpiCmdStrobe</name>
         <load_address>0x9210</load_address>
         <run_address>0x9210</run_address>
         <size>0x48</size>
         <input_file_ref idref="fl-11"/>
      </object_component>
      <object_component id="oc-19d">
         <name>.text:MRFI_RxAddrIsFiltered</name>
         <load_address>0x9258</load_address>
         <run_address>0x9258</run_address>
         <size>0x46</size>
         <input_file_ref idref="fl-11"/>
      </object_component>
      <object_component id="oc-4d5">
         <name>.text:nwk_isLinkDuplicate</name>
         <load_address>0x929e</load_address>
         <run_address>0x929e</run_address>
         <size>0x46</size>
         <input_file_ref idref="fl-c"/>
      </object_component>
      <object_component id="oc-4be">
         <name>.text:smpl_send_ping_reply</name>
         <load_address>0x92e4</load_address>
         <run_address>0x92e4</run_address>
         <size>0x46</size>
         <input_file_ref idref="fl-a"/>
      </object_component>
      <object_component id="oc-3f5">
         <name>.text:MRFI_Rssi</name>
         <load_address>0x932a</load_address>
         <run_address>0x932a</run_address>
         <size>0x44</size>
         <input_file_ref idref="fl-11"/>
      </object_component>
      <object_component id="oc-31e">
         <name>.text:spiRegAccess</name>
         <load_address>0x936e</load_address>
         <run_address>0x936e</run_address>
         <size>0x42</size>
         <input_file_ref idref="fl-11"/>
      </object_component>
      <object_component id="oc-4f1">
         <name>.text:initializeConnection</name>
         <load_address>0x93b0</load_address>
         <run_address>0x93b0</run_address>
         <size>0x3e</size>
         <input_file_ref idref="fl-c"/>
      </object_component>
      <object_component id="oc-2a6">
         <name>.text:MRFI_ReplyDelay</name>
         <load_address>0x93ee</load_address>
         <run_address>0x93ee</run_address>
         <size>0x3c</size>
         <input_file_ref idref="fl-11"/>
      </object_component>
      <object_component id="oc-294">
         <name>.text:nwk_putNumObjectIntoMsg</name>
         <load_address>0x942a</load_address>
         <run_address>0x942a</run_address>
         <size>0x3c</size>
         <input_file_ref idref="fl-c"/>
      </object_component>
      <object_component id="oc-2dd">
         <name>.text:nwk_getLocalLinkID</name>
         <load_address>0x9466</load_address>
         <run_address>0x9466</run_address>
         <size>0x3a</size>
         <input_file_ref idref="fl-8"/>
      </object_component>
      <object_component id="oc-4a1">
         <name>.text:nwk_isValidReply</name>
         <load_address>0x94a0</load_address>
         <run_address>0x94a0</run_address>
         <size>0x3a</size>
         <input_file_ref idref="fl-c"/>
      </object_component>
      <object_component id="oc-47b">
         <name>.text:nwk_processMgmt</name>
         <load_address>0x94da</load_address>
         <run_address>0x94da</run_address>
         <size>0x3a</size>
         <input_file_ref idref="fl-9"/>
      </object_component>
      <object_component id="oc-20f">
         <name>.text:MRFI_SetRFPwr</name>
         <load_address>0x9514</load_address>
         <run_address>0x9514</run_address>
         <size>0x34</size>
         <input_file_ref idref="fl-11"/>
      </object_component>
      <object_component id="oc-157">
         <name>.text:MRFI_SetRxAddrFilter</name>
         <load_address>0x9548</load_address>
         <run_address>0x9548</run_address>
         <size>0x34</size>
         <input_file_ref idref="fl-11"/>
      </object_component>
      <object_component id="oc-d3">
         <name>.text:SMPL_Init</name>
         <load_address>0x957c</load_address>
         <run_address>0x957c</run_address>
         <size>0x34</size>
         <input_file_ref idref="fl-e"/>
      </object_component>
      <object_component id="oc-1f4">
         <name>.text:mrfiSpiInit</name>
         <load_address>0x95b0</load_address>
         <run_address>0x95b0</run_address>
         <size>0x34</size>
         <input_file_ref idref="fl-11"/>
      </object_component>
      <object_component id="oc-2fc">
         <name>.text:nwk_deviceAddress</name>
         <load_address>0x95e4</load_address>
         <run_address>0x95e4</run_address>
         <size>0x34</size>
         <input_file_ref idref="fl-6"/>
      </object_component>
      <object_component id="oc-209">
         <name>.text:MRFI_SetLogicalChannel</name>
         <load_address>0x9618</load_address>
         <run_address>0x9618</run_address>
         <size>0x32</size>
         <input_file_ref idref="fl-11"/>
      </object_component>
      <object_component id="oc-365">
         <name>.text:nwk_QadjustOrder</name>
         <load_address>0x964a</load_address>
         <run_address>0x964a</run_address>
         <size>0x32</size>
         <input_file_ref idref="fl-d"/>
      </object_component>
      <object_component id="oc-1d6">
         <name>.text:nwk_getConnInfo</name>
         <load_address>0x967c</load_address>
         <run_address>0x967c</run_address>
         <size>0x32</size>
         <input_file_ref idref="fl-c"/>
      </object_component>
      <object_component id="oc-264">
         <name>.text:nwk_linkInit</name>
         <load_address>0x96ae</load_address>
         <run_address>0x96ae</run_address>
         <size>0x32</size>
         <input_file_ref idref="fl-8"/>
      </object_component>
      <object_component id="oc-3cf">
         <name>.text:Mrfi_DelayUsecSem</name>
         <load_address>0x96e0</load_address>
         <run_address>0x96e0</run_address>
         <size>0x30</size>
         <input_file_ref idref="fl-11"/>
      </object_component>
      <object_component id="oc-357">
         <name>.text:map_lid2idx</name>
         <load_address>0x9710</load_address>
         <run_address>0x9710</run_address>
         <size>0x30</size>
         <input_file_ref idref="fl-c"/>
      </object_component>
      <object_component id="oc-30e">
         <name>.text:nwk_rawReceive</name>
         <load_address>0x9740</load_address>
         <run_address>0x9740</run_address>
         <size>0x30</size>
         <input_file_ref idref="fl-6"/>
      </object_component>
      <object_component id="oc-402">
         <name>.text:nwk_sendFrame</name>
         <load_address>0x9770</load_address>
         <run_address>0x9770</run_address>
         <size>0x30</size>
         <input_file_ref idref="fl-f"/>
      </object_component>
      <object_component id="oc-1a4">
         <name>.text:Mrfi_CalculateRssi</name>
         <load_address>0x97a0</load_address>
         <run_address>0x97a0</run_address>
         <size>0x2e</size>
         <input_file_ref idref="fl-11"/>
      </object_component>
      <object_component id="oc-71">
         <name>.text:main</name>
         <load_address>0x97ce</load_address>
         <run_address>0x97ce</run_address>
         <size>0x2e</size>
         <input_file_ref idref="fl-3"/>
      </object_component>
      <object_component id="oc-215">
         <name>.text:Mrfi_RxModeOff</name>
         <load_address>0x97fc</load_address>
         <run_address>0x97fc</run_address>
         <size>0x2c</size>
         <input_file_ref idref="fl-11"/>
      </object_component>
      <object_component id="oc-331">
         <name>.text</name>
         <load_address>0x9828</load_address>
         <run_address>0x9828</run_address>
         <size>0x2c</size>
         <input_file_ref idref="fl-46"/>
      </object_component>
      <object_component id="oc-1fa">
         <name>.text:Mrfi_DelayUsec</name>
         <load_address>0x9854</load_address>
         <run_address>0x9854</run_address>
         <size>0x2a</size>
         <input_file_ref idref="fl-11"/>
      </object_component>
      <object_component id="oc-1dc">
         <name>.text:nwk_checkConnInfo</name>
         <load_address>0x987e</load_address>
         <run_address>0x987e</run_address>
         <size>0x2a</size>
         <input_file_ref idref="fl-c"/>
      </object_component>
      <object_component id="oc-c0">
         <name>.text:COM_Init</name>
         <load_address>0x98a8</load_address>
         <run_address>0x98a8</run_address>
         <size>0x28</size>
         <input_file_ref idref="fl-4"/>
      </object_component>
      <object_component id="oc-45d">
         <name>.text:nwk_processPing</name>
         <load_address>0x98d0</load_address>
         <run_address>0x98d0</run_address>
         <size>0x28</size>
         <input_file_ref idref="fl-a"/>
      </object_component>
      <object_component id="oc-498">
         <name>.text:Mrfi_RandomBackoffDelay</name>
         <load_address>0x98f8</load_address>
         <run_address>0x98f8</run_address>
         <size>0x26</size>
         <input_file_ref idref="fl-11"/>
      </object_component>
      <object_component id="oc-2f6">
         <name>.text:nwk_connectionControl</name>
         <load_address>0x991e</load_address>
         <run_address>0x991e</run_address>
         <size>0x26</size>
         <input_file_ref idref="fl-6"/>
      </object_component>
      <object_component id="oc-23a">
         <name>.text:nwk_globalsInit</name>
         <load_address>0x9944</load_address>
         <run_address>0x9944</run_address>
         <size>0x26</size>
         <input_file_ref idref="fl-10"/>
      </object_component>
      <object_component id="oc-258">
         <name>.text:nwk_joinInit</name>
         <load_address>0x996a</load_address>
         <run_address>0x996a</run_address>
         <size>0x26</size>
         <input_file_ref idref="fl-7"/>
      </object_component>
      <object_component id="oc-463">
         <name>.text:nwk_processLink</name>
         <load_address>0x9990</load_address>
         <run_address>0x9990</run_address>
         <size>0x26</size>
         <input_file_ref idref="fl-8"/>
      </object_component>
      <object_component id="oc-220">
         <name>.text</name>
         <load_address>0x99b6</load_address>
         <run_address>0x99b6</run_address>
         <size>0x26</size>
         <input_file_ref idref="fl-63"/>
      </object_component>
      <object_component id="oc-2b2">
         <name>.text:MRFI_Sleep</name>
         <load_address>0x99dc</load_address>
         <run_address>0x99dc</run_address>
         <size>0x24</size>
         <input_file_ref idref="fl-11"/>
      </object_component>
      <object_component id="oc-15d">
         <name>.text:MRFI_EnableRxAddrFilter</name>
         <load_address>0x9a00</load_address>
         <run_address>0x9a00</run_address>
         <size>0x22</size>
         <input_file_ref idref="fl-11"/>
      </object_component>
      <object_component id="oc-2a0">
         <name>.text:MRFI_RxOn</name>
         <load_address>0x9a22</load_address>
         <run_address>0x9a22</run_address>
         <size>0x22</size>
         <input_file_ref idref="fl-11"/>
      </object_component>
      <object_component id="oc-41a">
         <name>.text:memcmp</name>
         <load_address>0x9a44</load_address>
         <run_address>0x9a44</run_address>
         <size>0x22</size>
         <input_file_ref idref="fl-5c"/>
      </object_component>
      <object_component id="oc-ba">
         <name>.text:BSP_Init</name>
         <load_address>0x9a66</load_address>
         <run_address>0x9a66</run_address>
         <size>0x20</size>
         <input_file_ref idref="fl-12"/>
      </object_component>
      <object_component id="oc-105">
         <name>.text:BSP_InitBoard</name>
         <load_address>0x9a86</load_address>
         <run_address>0x9a86</run_address>
         <size>0x20</size>
         <input_file_ref idref="fl-12"/>
      </object_component>
      <object_component id="oc-1ac">
         <name>.text:MRFI_RxCompleteISR</name>
         <load_address>0x9aa6</load_address>
         <run_address>0x9aa6</run_address>
         <size>0x20</size>
         <input_file_ref idref="fl-f"/>
      </object_component>
      <object_component id="oc-2ac">
         <name>.text:MRFI_RxIdle</name>
         <load_address>0x9ac6</load_address>
         <run_address>0x9ac6</run_address>
         <size>0x20</size>
         <input_file_ref idref="fl-11"/>
      </object_component>
      <object_component id="oc-4ae">
         <name>.text:handleLinkRequest</name>
         <load_address>0x9ae6</load_address>
         <run_address>0x9ae6</run_address>
         <size>0x20</size>
         <input_file_ref idref="fl-8"/>
      </object_component>
      <object_component id="oc-3c6">
         <name>.text:memmove</name>
         <load_address>0x9b06</load_address>
         <run_address>0x9b06</run_address>
         <size>0x20</size>
         <input_file_ref idref="fl-5e"/>
      </object_component>
      <object_component id="oc-240">
         <name>.text:nwk_frameInit</name>
         <load_address>0x9b26</load_address>
         <run_address>0x9b26</run_address>
         <size>0x20</size>
         <input_file_ref idref="fl-f"/>
      </object_component>
      <object_component id="oc-469">
         <name>.text:nwk_processJoin</name>
         <load_address>0x9b46</load_address>
         <run_address>0x9b46</run_address>
         <size>0x20</size>
         <input_file_ref idref="fl-7"/>
      </object_component>
      <object_component id="oc-36d">
         <name>.text:BSP_Delay</name>
         <load_address>0x9b66</load_address>
         <run_address>0x9b66</run_address>
         <size>0x1e</size>
         <input_file_ref idref="fl-12"/>
      </object_component>
      <object_component id="oc-183">
         <name>.text:mrfiSpiReadReg</name>
         <load_address>0x9b84</load_address>
         <run_address>0x9b84</run_address>
         <size>0x1e</size>
         <input_file_ref idref="fl-11"/>
      </object_component>
      <object_component id="oc-246">
         <name>.text:nwk_QInit</name>
         <load_address>0x9ba2</load_address>
         <run_address>0x9ba2</run_address>
         <size>0x1e</size>
         <input_file_ref idref="fl-d"/>
      </object_component>
      <object_component id="oc-a7">
         <name>.text:MRFI_GpioIsr</name>
         <load_address>0x9bc0</load_address>
         <run_address>0x9bc0</run_address>
         <size>0x1c</size>
         <input_file_ref idref="fl-11"/>
      </object_component>
      <object_component id="oc-11e">
         <name>.text:TXString</name>
         <load_address>0x9bdc</load_address>
         <run_address>0x9bdc</run_address>
         <size>0x1c</size>
         <input_file_ref idref="fl-4"/>
      </object_component>
      <object_component id="oc-3ee">
         <name>.text:nwk_setMyAddress</name>
         <load_address>0x9bf8</load_address>
         <run_address>0x9bf8</run_address>
         <size>0x1c</size>
         <input_file_ref idref="fl-10"/>
      </object_component>
      <object_component id="oc-59">
         <name>.text:BSP_GpioPort1Isr</name>
         <load_address>0x9c14</load_address>
         <run_address>0x9c14</run_address>
         <size>0x1a</size>
         <input_file_ref idref="fl-11"/>
      </object_component>
      <object_component id="oc-38">
         <name>.text:_c_int00_noexit</name>
         <load_address>0x9c2e</load_address>
         <run_address>0x9c2e</run_address>
         <size>0x1a</size>
         <input_file_ref idref="fl-41"/>
      </object_component>
      <object_component id="oc-200">
         <name>.text:mrfiSpiWriteReg</name>
         <load_address>0x9c48</load_address>
         <run_address>0x9c48</run_address>
         <size>0x1a</size>
         <input_file_ref idref="fl-11"/>
      </object_component>
      <object_component id="oc-2e3">
         <name>.text:MRFI_DelayMs</name>
         <load_address>0x9c62</load_address>
         <run_address>0x9c62</run_address>
         <size>0x18</size>
         <input_file_ref idref="fl-11"/>
      </object_component>
      <object_component id="oc-398">
         <name>.text:MRFI_RandomByte</name>
         <load_address>0x9c7a</load_address>
         <run_address>0x9c7a</run_address>
         <size>0x16</size>
         <input_file_ref idref="fl-11"/>
      </object_component>
      <object_component id="oc-37a">
         <name>.text:Mrfi_RxModeOn</name>
         <load_address>0x9c90</load_address>
         <run_address>0x9c90</run_address>
         <size>0x16</size>
         <input_file_ref idref="fl-11"/>
      </object_component>
      <object_component id="oc-40f">
         <name>.text</name>
         <load_address>0x9ca6</load_address>
         <run_address>0x9ca6</run_address>
         <size>0x16</size>
         <input_file_ref idref="fl-47"/>
      </object_component>
      <object_component id="oc-44">
         <name>.text:decompress:ZI:__TI_zero_init</name>
         <load_address>0x9cbc</load_address>
         <run_address>0x9cbc</run_address>
         <size>0x14</size>
         <input_file_ref idref="fl-44"/>
      </object_component>
      <object_component id="oc-2ea">
         <name>.text:ioctlPreInitAccessIsOK</name>
         <load_address>0x9cd0</load_address>
         <run_address>0x9cd0</run_address>
         <size>0x14</size>
         <input_file_ref idref="fl-e"/>
      </object_component>
      <object_component id="oc-192">
         <name>.text:memset</name>
         <load_address>0x9ce4</load_address>
         <run_address>0x9ce4</run_address>
         <size>0x14</size>
         <input_file_ref idref="fl-5f"/>
      </object_component>
      <object_component id="oc-22f">
         <name>.text</name>
         <load_address>0x9cf8</load_address>
         <run_address>0x9cf8</run_address>
         <size>0x14</size>
         <input_file_ref idref="fl-62"/>
      </object_component>
      <object_component id="oc-12f">
         <name>.text:toggleLED</name>
         <load_address>0x9d0c</load_address>
         <run_address>0x9d0c</run_address>
         <size>0x14</size>
         <input_file_ref idref="fl-2"/>
      </object_component>
      <object_component id="oc-c7">
         <name>.text:trace</name>
         <load_address>0x9d20</load_address>
         <run_address>0x9d20</run_address>
         <size>0x14</size>
         <input_file_ref idref="fl-4"/>
      </object_component>
      <object_component id="oc-1c2">
         <name>.text:BSP_InitLeds</name>
         <load_address>0x9d34</load_address>
         <run_address>0x9d34</run_address>
         <size>0x12</size>
         <input_file_ref idref="fl-12"/>
      </object_component>
      <object_component id="oc-3e">
         <name>.text:decompress:none:__TI_decompress_none</name>
         <load_address>0x9d46</load_address>
         <run_address>0x9d46</run_address>
         <size>0x12</size>
         <input_file_ref idref="fl-42"/>
      </object_component>
      <object_component id="oc-7e">
         <name>.text:memcpy</name>
         <load_address>0x9d58</load_address>
         <run_address>0x9d58</run_address>
         <size>0x12</size>
         <input_file_ref idref="fl-5d"/>
      </object_component>
      <object_component id="oc-151">
         <name>.text:nwk_getMyAddress</name>
         <load_address>0x9d6a</load_address>
         <run_address>0x9d6a</run_address>
         <size>0x12</size>
         <input_file_ref idref="fl-10"/>
      </object_component>
      <object_component id="oc-2b8">
         <name>.text:nwk_setLinkToken</name>
         <load_address>0x9d7c</load_address>
         <run_address>0x9d7c</run_address>
         <size>0x12</size>
         <input_file_ref idref="fl-8"/>
      </object_component>
      <object_component id="oc-21b">
         <name>.text:l_asr</name>
         <load_address>0x9d8e</load_address>
         <run_address>0x9d8e</run_address>
         <size>0x10</size>
         <input_file_ref idref="fl-40"/>
      </object_component>
      <object_component id="oc-b3">
         <name>.text</name>
         <load_address>0x9d9e</load_address>
         <run_address>0x9d9e</run_address>
         <size>0x10</size>
         <input_file_ref idref="fl-49"/>
      </object_component>
      <object_component id="oc-33d">
         <name>.text:MRFI_Receive</name>
         <load_address>0x9dae</load_address>
         <run_address>0x9dae</run_address>
         <size>0xe</size>
         <input_file_ref idref="fl-11"/>
      </object_component>
      <object_component id="oc-492">
         <name>.text:mrfiSpiWriteTxFifo</name>
         <load_address>0x9dbc</load_address>
         <run_address>0x9dbc</run_address>
         <size>0xe</size>
         <input_file_ref idref="fl-11"/>
      </object_component>
      <object_component id="oc-4cf">
         <name>.text:nwk_getNumObjectFromMsg</name>
         <load_address>0x9dca</load_address>
         <run_address>0x9dca</run_address>
         <size>0xe</size>
         <input_file_ref idref="fl-c"/>
      </object_component>
      <object_component id="oc-2be">
         <name>.text:nwk_setAPAddress</name>
         <load_address>0x9dd8</load_address>
         <run_address>0x9dd8</run_address>
         <size>0xe</size>
         <input_file_ref idref="fl-10"/>
      </object_component>
      <object_component id="oc-2d7">
         <name>.text:nwk_setListenContext</name>
         <load_address>0x9de6</load_address>
         <run_address>0x9de6</run_address>
         <size>0xe</size>
         <input_file_ref idref="fl-8"/>
      </object_component>
      <object_component id="oc-118">
         <name>.text:strlen</name>
         <load_address>0x9df4</load_address>
         <run_address>0x9df4</run_address>
         <size>0xe</size>
         <input_file_ref idref="fl-64"/>
      </object_component>
      <object_component id="oc-483">
         <name>.text:MRFI_PostKillSem</name>
         <load_address>0x9e02</load_address>
         <run_address>0x9e02</run_address>
         <size>0xc</size>
         <input_file_ref idref="fl-11"/>
      </object_component>
      <object_component id="oc-4a7">
         <name>.text:handlePingRequest</name>
         <load_address>0x9e0e</load_address>
         <run_address>0x9e0e</run_address>
         <size>0xc</size>
         <input_file_ref idref="fl-a"/>
      </object_component>
      <object_component id="oc-189">
         <name>.text:mrfiSpiReadRxFifo</name>
         <load_address>0x9e1a</load_address>
         <run_address>0x9e1a</run_address>
         <size>0xc</size>
         <input_file_ref idref="fl-11"/>
      </object_component>
      <object_component id="oc-1c8">
         <name>.text:BSP_InitButtons</name>
         <load_address>0x9e26</load_address>
         <run_address>0x9e26</run_address>
         <size>0xa</size>
         <input_file_ref idref="fl-12"/>
      </object_component>
      <object_component id="oc-10b">
         <name>.text:BSP_InitDrivers</name>
         <load_address>0x9e30</load_address>
         <run_address>0x9e30</run_address>
         <size>0xa</size>
         <input_file_ref idref="fl-12"/>
      </object_component>
      <object_component id="oc-65">
         <name>.text:_system_pre_init</name>
         <load_address>0x9e3a</load_address>
         <run_address>0x9e3a</run_address>
         <size>0xa</size>
         <input_file_ref idref="fl-12"/>
      </object_component>
      <object_component id="oc-25e">
         <name>.text:nwk_mgmtInit</name>
         <load_address>0x9e44</load_address>
         <run_address>0x9e44</run_address>
         <size>0xa</size>
         <input_file_ref idref="fl-9"/>
      </object_component>
      <object_component id="oc-252">
         <name>.text:nwk_pingInit</name>
         <load_address>0x9e4e</load_address>
         <run_address>0x9e4e</run_address>
         <size>0xa</size>
         <input_file_ref idref="fl-a"/>
      </object_component>
      <object_component id="oc-177">
         <name>.text:SMPL_Send</name>
         <load_address>0x9e58</load_address>
         <run_address>0x9e58</run_address>
         <size>0x8</size>
         <input_file_ref idref="fl-e"/>
      </object_component>
      <object_component id="oc-28b">
         <name>.text:MRFI_GetRadioState</name>
         <load_address>0x9e60</load_address>
         <run_address>0x9e60</run_address>
         <size>0x6</size>
         <input_file_ref idref="fl-11"/>
      </object_component>
      <object_component id="oc-54">
         <name>.text:__TI_ISR_TRAP</name>
         <load_address>0x9e66</load_address>
         <run_address>0x9e66</run_address>
         <size>0x6</size>
         <input_file_ref idref="fl-57"/>
      </object_component>
      <object_component id="oc-4a">
         <name>.text:decompress:rle24:__TI_decompress_rle24</name>
         <load_address>0x9e6c</load_address>
         <run_address>0x9e6c</run_address>
         <size>0x6</size>
         <input_file_ref idref="fl-43"/>
      </object_component>
      <object_component id="oc-3e6">
         <name>.text:nwk_freeConnection</name>
         <load_address>0x9e72</load_address>
         <run_address>0x9e72</run_address>
         <size>0x6</size>
         <input_file_ref idref="fl-c"/>
      </object_component>
      <object_component id="oc-270">
         <name>.text:nwk_getBCastAddress</name>
         <load_address>0x9e78</load_address>
         <run_address>0x9e78</run_address>
         <size>0x6</size>
         <input_file_ref idref="fl-10"/>
      </object_component>
      <object_component id="oc-2f0">
         <name>.text:nwk_getFWVersion</name>
         <load_address>0x9e7e</load_address>
         <run_address>0x9e7e</run_address>
         <size>0x6</size>
         <input_file_ref idref="fl-10"/>
      </object_component>
      <object_component id="oc-4e8">
         <name>.text:nwk_getMyRxType</name>
         <load_address>0x9e84</load_address>
         <run_address>0x9e84</run_address>
         <size>0x6</size>
         <input_file_ref idref="fl-f"/>
      </object_component>
      <object_component id="oc-29a">
         <name>.text:nwk_getProtocolVersion</name>
         <load_address>0x9e8a</load_address>
         <run_address>0x9e8a</run_address>
         <size>0x6</size>
         <input_file_ref idref="fl-10"/>
      </object_component>
      <object_component id="oc-77">
         <name>.text:abort</name>
         <load_address>0x9e90</load_address>
         <run_address>0x9e90</run_address>
         <size>0x4</size>
         <input_file_ref idref="fl-4a"/>
      </object_component>
      <object_component id="oc-475">
         <name>.text:nwk_processFreq</name>
         <load_address>0x9e94</load_address>
         <run_address>0x9e94</run_address>
         <size>0x4</size>
         <input_file_ref idref="fl-5"/>
      </object_component>
      <object_component id="oc-46f">
         <name>.text:nwk_processSecurity</name>
         <load_address>0x9e98</load_address>
         <run_address>0x9e98</run_address>
         <size>0x4</size>
         <input_file_ref idref="fl-b"/>
      </object_component>
      <object_component id="oc-24c">
         <name>.text:nwk_freqInit</name>
         <load_address>0x9e9c</load_address>
         <run_address>0x9e9c</run_address>
         <size>0x2</size>
         <input_file_ref idref="fl-5"/>
      </object_component>
      <object_component id="oc-26a">
         <name>.text:nwk_securityInit</name>
         <load_address>0x9e9e</load_address>
         <run_address>0x9e9e</run_address>
         <size>0x2</size>
         <input_file_ref idref="fl-b"/>
      </object_component>
      <object_component id="oc-534">
         <name>.cinit..data.load</name>
         <load_address>0x9fae</load_address>
         <run_address>0x9fae</run_address>
         <size>0x10</size>
      </object_component>
      <object_component id="oc-531">
         <name>__TI_handler_table</name>
         <load_address>0x9fbe</load_address>
         <run_address>0x9fbe</run_address>
         <size>0x6</size>
      </object_component>
      <object_component id="oc-533">
         <name>.cinit..bss.load</name>
         <load_address>0x9fc4</load_address>
         <run_address>0x9fc4</run_address>
         <size>0x4</size>
      </object_component>
      <object_component id="oc-532">
         <name>__TI_cinit_table</name>
         <load_address>0x9fc8</load_address>
         <run_address>0x9fc8</run_address>
         <size>0x8</size>
      </object_component>
      <object_component id="oc-c6">
         <name>.const:.string</name>
         <load_address>0x9ea0</load_address>
         <run_address>0x9ea0</run_address>
         <size>0xb0</size>
         <input_file_ref idref="fl-3"/>
      </object_component>
      <object_component id="oc-206">
         <name>.const:mrfiRadioCfg</name>
         <load_address>0x9f50</load_address>
         <run_address>0x9f50</run_address>
         <size>0x3c</size>
         <input_file_ref idref="fl-11"/>
      </object_component>
      <object_component id="oc-420">
         <name>.const:func</name>
         <load_address>0x9f8c</load_address>
         <run_address>0x9f8c</run_address>
         <size>0xc</size>
         <input_file_ref idref="fl-f"/>
      </object_component>
      <object_component id="oc-27f">
         <name>.const</name>
         <load_address>0x9f98</load_address>
         <run_address>0x9f98</run_address>
         <size>0x9</size>
         <input_file_ref idref="fl-10"/>
      </object_component>
      <object_component id="oc-283">
         <name>.const:.string:mrfiBroadcastAddr</name>
         <load_address>0x9fa2</load_address>
         <run_address>0x9fa2</run_address>
         <size>0x4</size>
         <input_file_ref idref="fl-11"/>
      </object_component>
      <object_component id="oc-377">
         <name>.const:.string:mrfiLogicalChanTable</name>
         <load_address>0x9fa6</load_address>
         <run_address>0x9fa6</run_address>
         <size>0x4</size>
         <input_file_ref idref="fl-11"/>
      </object_component>
      <object_component id="oc-381">
         <name>.const:.string:mrfiRFPowerTable</name>
         <load_address>0x9faa</load_address>
         <run_address>0x9faa</run_address>
         <size>0x3</size>
         <input_file_ref idref="fl-11"/>
      </object_component>
      <object_component id="oc-2d">
         <name>.int02</name>
         <load_address>0xffe4</load_address>
         <run_address>0xffe4</run_address>
         <size>0x2</size>
         <input_file_ref idref="fl-4e"/>
      </object_component>
      <object_component id="oc-2e">
         <name>.int03</name>
         <load_address>0xffe6</load_address>
         <run_address>0xffe6</run_address>
         <size>0x2</size>
         <input_file_ref idref="fl-11"/>
      </object_component>
      <object_component id="oc-2f">
         <name>.int05</name>
         <load_address>0xffea</load_address>
         <run_address>0xffea</run_address>
         <size>0x2</size>
         <input_file_ref idref="fl-4f"/>
      </object_component>
      <object_component id="oc-30">
         <name>.int06</name>
         <load_address>0xffec</load_address>
         <run_address>0xffec</run_address>
         <size>0x2</size>
         <input_file_ref idref="fl-50"/>
      </object_component>
      <object_component id="oc-31">
         <name>.int07</name>
         <load_address>0xffee</load_address>
         <run_address>0xffee</run_address>
         <size>0x2</size>
         <input_file_ref idref="fl-4"/>
      </object_component>
      <object_component id="oc-32">
         <name>.int08</name>
         <load_address>0xfff0</load_address>
         <run_address>0xfff0</run_address>
         <size>0x2</size>
         <input_file_ref idref="fl-51"/>
      </object_component>
      <object_component id="oc-33">
         <name>.int09</name>
         <load_address>0xfff2</load_address>
         <run_address>0xfff2</run_address>
         <size>0x2</size>
         <input_file_ref idref="fl-52"/>
      </object_component>
      <object_component id="oc-34">
         <name>.int10</name>
         <load_address>0xfff4</load_address>
         <run_address>0xfff4</run_address>
         <size>0x2</size>
         <input_file_ref idref="fl-53"/>
      </object_component>
      <object_component id="oc-35">
         <name>.int12</name>
         <load_address>0xfff8</load_address>
         <run_address>0xfff8</run_address>
         <size>0x2</size>
         <input_file_ref idref="fl-54"/>
      </object_component>
      <object_component id="oc-36">
         <name>.int13</name>
         <load_address>0xfffa</load_address>
         <run_address>0xfffa</run_address>
         <size>0x2</size>
         <input_file_ref idref="fl-55"/>
      </object_component>
      <object_component id="oc-37">
         <name>.int14</name>
         <load_address>0xfffc</load_address>
         <run_address>0xfffc</run_address>
         <size>0x2</size>
         <input_file_ref idref="fl-56"/>
      </object_component>
      <object_component id="oc-53">
         <name>.reset</name>
         <load_address>0xfffe</load_address>
         <run_address>0xfffe</run_address>
         <size>0x2</size>
         <input_file_ref idref="fl-41"/>
      </object_component>
      <object_component id="oc-4e7">
         <name>.common:sServiceLinkID</name>
         <uninitialized>true</uninitialized>
         <run_address>0x288</run_address>
         <size>0x2</size>
      </object_component>
      <object_component id="oc-42f">
         <name>.common:sInFrameQ</name>
         <uninitialized>true</uninitialized>
         <run_address>0x200</run_address>
         <size>0x34</size>
      </object_component>
      <object_component id="oc-416">
         <name>.common:sOutFrameQ</name>
         <uninitialized>true</uninitialized>
         <run_address>0x234</run_address>
         <size>0x34</size>
      </object_component>
      <object_component id="oc-3d9">
         <name>.common:sAPAddress</name>
         <uninitialized>true</uninitialized>
         <run_address>0x280</run_address>
         <size>0x4</size>
      </object_component>
      <object_component id="oc-44f">
         <name>.common:sMyRAMAddress</name>
         <uninitialized>true</uninitialized>
         <run_address>0x284</run_address>
         <size>0x4</size>
      </object_component>
      <object_component id="oc-418">
         <name>.common:mrfiIncomingPacket</name>
         <uninitialized>true</uninitialized>
         <run_address>0x268</run_address>
         <size>0x18</size>
      </object_component>
      <object_component id="oc-ae">
         <name>.data</name>
         <load_address>0x2dd</load_address>
         <run_address>0x2dd</run_address>
         <size>0x2</size>
         <input_file_ref idref="fl-4"/>
      </object_component>
      <object_component id="oc-126">
         <name>.data</name>
         <load_address>0x2d6</load_address>
         <run_address>0x2d6</run_address>
         <size>0x3</size>
         <input_file_ref idref="fl-3"/>
      </object_component>
      <object_component id="oc-13c">
         <name>.data</name>
         <load_address>0x2c9</load_address>
         <run_address>0x2c9</run_address>
         <size>0x1</size>
         <input_file_ref idref="fl-e"/>
      </object_component>
      <object_component id="oc-180">
         <name>.data</name>
         <load_address>0x2b0</load_address>
         <run_address>0x2b0</run_address>
         <size>0x9</size>
         <input_file_ref idref="fl-11"/>
      </object_component>
      <object_component id="oc-1be">
         <name>.data</name>
         <load_address>0x2b9</load_address>
         <run_address>0x2b9</run_address>
         <size>0x1</size>
         <input_file_ref idref="fl-12"/>
      </object_component>
      <object_component id="oc-237">
         <name>.data</name>
         <load_address>0x28a</load_address>
         <run_address>0x28a</run_address>
         <size>0x26</size>
         <input_file_ref idref="fl-c"/>
      </object_component>
      <object_component id="oc-279">
         <name>.data</name>
         <load_address>0x2d1</load_address>
         <run_address>0x2d1</run_address>
         <size>0x1</size>
         <input_file_ref idref="fl-10"/>
      </object_component>
      <object_component id="oc-286">
         <name>.data:mrfiRxFilterAddr</name>
         <load_address>0x2d2</load_address>
         <run_address>0x2d2</run_address>
         <size>0x4</size>
         <input_file_ref idref="fl-11"/>
      </object_component>
      <object_component id="oc-291">
         <name>.data</name>
         <load_address>0x2c2</load_address>
         <run_address>0x2c2</run_address>
         <size>0x7</size>
         <input_file_ref idref="fl-7"/>
      </object_component>
      <object_component id="oc-395">
         <name>.data</name>
         <load_address>0x2ba</load_address>
         <run_address>0x2ba</run_address>
         <size>0x8</size>
         <input_file_ref idref="fl-f"/>
      </object_component>
      <object_component id="oc-3a5">
         <name>.data</name>
         <load_address>0x2d9</load_address>
         <run_address>0x2d9</run_address>
         <size>0x1</size>
         <input_file_ref idref="fl-a"/>
      </object_component>
      <object_component id="oc-3aa">
         <name>.data</name>
         <load_address>0x2da</load_address>
         <run_address>0x2da</run_address>
         <size>0x3</size>
         <input_file_ref idref="fl-9"/>
      </object_component>
      <object_component id="oc-3ae">
         <name>.data</name>
         <load_address>0x2ca</load_address>
         <run_address>0x2ca</run_address>
         <size>0x7</size>
         <input_file_ref idref="fl-8"/>
      </object_component>
      <object_component id="oc-39">
         <name>.debug_aranges</name>
         <load_address>0x0</load_address>
         <run_address>0x0</run_address>
         <size>0x20</size>
         <input_file_ref idref="fl-41"/>
      </object_component>
      <object_component id="oc-40">
         <name>.debug_aranges</name>
         <load_address>0x20</load_address>
         <run_address>0x20</run_address>
         <size>0x20</size>
         <input_file_ref idref="fl-42"/>
      </object_component>
      <object_component id="oc-47">
         <name>.debug_aranges</name>
         <load_address>0x40</load_address>
         <run_address>0x40</run_address>
         <size>0x20</size>
         <input_file_ref idref="fl-44"/>
      </object_component>
      <object_component id="oc-4b">
         <name>.debug_aranges</name>
         <load_address>0x60</load_address>
         <run_address>0x60</run_address>
         <size>0x20</size>
         <input_file_ref idref="fl-43"/>
      </object_component>
      <object_component id="oc-56">
         <name>.debug_aranges</name>
         <load_address>0x80</load_address>
         <run_address>0x80</run_address>
         <size>0x20</size>
         <input_file_ref idref="fl-57"/>
      </object_component>
      <object_component id="oc-5b">
         <name>.debug_aranges</name>
         <load_address>0xa0</load_address>
         <run_address>0xa0</run_address>
         <size>0x20</size>
         <input_file_ref idref="fl-11"/>
      </object_component>
      <object_component id="oc-61">
         <name>.debug_aranges</name>
         <load_address>0xc0</load_address>
         <run_address>0xc0</run_address>
         <size>0x20</size>
         <input_file_ref idref="fl-4"/>
      </object_component>
      <object_component id="oc-67">
         <name>.debug_aranges</name>
         <load_address>0xe0</load_address>
         <run_address>0xe0</run_address>
         <size>0x20</size>
         <input_file_ref idref="fl-12"/>
      </object_component>
      <object_component id="oc-6d">
         <name>.debug_aranges</name>
         <load_address>0x100</load_address>
         <run_address>0x100</run_address>
         <size>0x20</size>
         <input_file_ref idref="fl-68"/>
      </object_component>
      <object_component id="oc-73">
         <name>.debug_aranges</name>
         <load_address>0x120</load_address>
         <run_address>0x120</run_address>
         <size>0x20</size>
         <input_file_ref idref="fl-3"/>
      </object_component>
      <object_component id="oc-7c">
         <name>.debug_aranges</name>
         <load_address>0x140</load_address>
         <run_address>0x140</run_address>
         <size>0x20</size>
         <input_file_ref idref="fl-4a"/>
      </object_component>
      <object_component id="oc-80">
         <name>.debug_aranges</name>
         <load_address>0x160</load_address>
         <run_address>0x160</run_address>
         <size>0x20</size>
         <input_file_ref idref="fl-5d"/>
      </object_component>
      <object_component id="oc-93">
         <name>.debug_aranges</name>
         <load_address>0x180</load_address>
         <run_address>0x180</run_address>
         <size>0x20</size>
         <input_file_ref idref="fl-43"/>
      </object_component>
      <object_component id="oc-a9">
         <name>.debug_aranges</name>
         <load_address>0x1a0</load_address>
         <run_address>0x1a0</run_address>
         <size>0x20</size>
         <input_file_ref idref="fl-11"/>
      </object_component>
      <object_component id="oc-b4">
         <name>.debug_aranges</name>
         <load_address>0x1c0</load_address>
         <run_address>0x1c0</run_address>
         <size>0x20</size>
         <input_file_ref idref="fl-49"/>
      </object_component>
      <object_component id="oc-bc">
         <name>.debug_aranges</name>
         <load_address>0x1e0</load_address>
         <run_address>0x1e0</run_address>
         <size>0x20</size>
         <input_file_ref idref="fl-12"/>
      </object_component>
      <object_component id="oc-c2">
         <name>.debug_aranges</name>
         <load_address>0x200</load_address>
         <run_address>0x200</run_address>
         <size>0x20</size>
         <input_file_ref idref="fl-4"/>
      </object_component>
      <object_component id="oc-c9">
         <name>.debug_aranges</name>
         <load_address>0x220</load_address>
         <run_address>0x220</run_address>
         <size>0x20</size>
         <input_file_ref idref="fl-4"/>
      </object_component>
      <object_component id="oc-cf">
         <name>.debug_aranges</name>
         <load_address>0x240</load_address>
         <run_address>0x240</run_address>
         <size>0x20</size>
         <input_file_ref idref="fl-3"/>
      </object_component>
      <object_component id="oc-d5">
         <name>.debug_aranges</name>
         <load_address>0x260</load_address>
         <run_address>0x260</run_address>
         <size>0x20</size>
         <input_file_ref idref="fl-e"/>
      </object_component>
      <object_component id="oc-db">
         <name>.debug_aranges</name>
         <load_address>0x280</load_address>
         <run_address>0x280</run_address>
         <size>0x20</size>
         <input_file_ref idref="fl-3"/>
      </object_component>
      <object_component id="oc-f6">
         <name>.debug_aranges</name>
         <load_address>0x2a0</load_address>
         <run_address>0x2a0</run_address>
         <size>0x20</size>
         <input_file_ref idref="fl-11"/>
      </object_component>
      <object_component id="oc-107">
         <name>.debug_aranges</name>
         <load_address>0x2c0</load_address>
         <run_address>0x2c0</run_address>
         <size>0x20</size>
         <input_file_ref idref="fl-12"/>
      </object_component>
      <object_component id="oc-10d">
         <name>.debug_aranges</name>
         <load_address>0x2e0</load_address>
         <run_address>0x2e0</run_address>
         <size>0x20</size>
         <input_file_ref idref="fl-12"/>
      </object_component>
      <object_component id="oc-11a">
         <name>.debug_aranges</name>
         <load_address>0x300</load_address>
         <run_address>0x300</run_address>
         <size>0x20</size>
         <input_file_ref idref="fl-64"/>
      </object_component>
      <object_component id="oc-120">
         <name>.debug_aranges</name>
         <load_address>0x320</load_address>
         <run_address>0x320</run_address>
         <size>0x20</size>
         <input_file_ref idref="fl-4"/>
      </object_component>
      <object_component id="oc-12b">
         <name>.debug_aranges</name>
         <load_address>0x340</load_address>
         <run_address>0x340</run_address>
         <size>0x20</size>
         <input_file_ref idref="fl-e"/>
      </object_component>
      <object_component id="oc-131">
         <name>.debug_aranges</name>
         <load_address>0x360</load_address>
         <run_address>0x360</run_address>
         <size>0x20</size>
         <input_file_ref idref="fl-2"/>
      </object_component>
      <object_component id="oc-141">
         <name>.debug_aranges</name>
         <load_address>0x380</load_address>
         <run_address>0x380</run_address>
         <size>0x20</size>
         <input_file_ref idref="fl-11"/>
      </object_component>
      <object_component id="oc-147">
         <name>.debug_aranges</name>
         <load_address>0x3a0</load_address>
         <run_address>0x3a0</run_address>
         <size>0x20</size>
         <input_file_ref idref="fl-c"/>
      </object_component>
      <object_component id="oc-14d">
         <name>.debug_aranges</name>
         <load_address>0x3c0</load_address>
         <run_address>0x3c0</run_address>
         <size>0x20</size>
         <input_file_ref idref="fl-11"/>
      </object_component>
      <object_component id="oc-153">
         <name>.debug_aranges</name>
         <load_address>0x3e0</load_address>
         <run_address>0x3e0</run_address>
         <size>0x20</size>
         <input_file_ref idref="fl-10"/>
      </object_component>
      <object_component id="oc-159">
         <name>.debug_aranges</name>
         <load_address>0x400</load_address>
         <run_address>0x400</run_address>
         <size>0x20</size>
         <input_file_ref idref="fl-11"/>
      </object_component>
      <object_component id="oc-15f">
         <name>.debug_aranges</name>
         <load_address>0x420</load_address>
         <run_address>0x420</run_address>
         <size>0x20</size>
         <input_file_ref idref="fl-11"/>
      </object_component>
      <object_component id="oc-165">
         <name>.debug_aranges</name>
         <load_address>0x440</load_address>
         <run_address>0x440</run_address>
         <size>0x20</size>
         <input_file_ref idref="fl-7"/>
      </object_component>
      <object_component id="oc-16d">
         <name>.debug_aranges</name>
         <load_address>0x460</load_address>
         <run_address>0x460</run_address>
         <size>0x20</size>
         <input_file_ref idref="fl-e"/>
      </object_component>
      <object_component id="oc-173">
         <name>.debug_aranges</name>
         <load_address>0x480</load_address>
         <run_address>0x480</run_address>
         <size>0x20</size>
         <input_file_ref idref="fl-e"/>
      </object_component>
      <object_component id="oc-179">
         <name>.debug_aranges</name>
         <load_address>0x4a0</load_address>
         <run_address>0x4a0</run_address>
         <size>0x20</size>
         <input_file_ref idref="fl-e"/>
      </object_component>
      <object_component id="oc-185">
         <name>.debug_aranges</name>
         <load_address>0x4c0</load_address>
         <run_address>0x4c0</run_address>
         <size>0x20</size>
         <input_file_ref idref="fl-11"/>
      </object_component>
      <object_component id="oc-18b">
         <name>.debug_aranges</name>
         <load_address>0x4e0</load_address>
         <run_address>0x4e0</run_address>
         <size>0x20</size>
         <input_file_ref idref="fl-11"/>
      </object_component>
      <object_component id="oc-196">
         <name>.debug_aranges</name>
         <load_address>0x500</load_address>
         <run_address>0x500</run_address>
         <size>0x20</size>
         <input_file_ref idref="fl-5f"/>
      </object_component>
      <object_component id="oc-19f">
         <name>.debug_aranges</name>
         <load_address>0x520</load_address>
         <run_address>0x520</run_address>
         <size>0x20</size>
         <input_file_ref idref="fl-11"/>
      </object_component>
      <object_component id="oc-1a6">
         <name>.debug_aranges</name>
         <load_address>0x540</load_address>
         <run_address>0x540</run_address>
         <size>0x20</size>
         <input_file_ref idref="fl-11"/>
      </object_component>
      <object_component id="oc-1ae">
         <name>.debug_aranges</name>
         <load_address>0x560</load_address>
         <run_address>0x560</run_address>
         <size>0x20</size>
         <input_file_ref idref="fl-f"/>
      </object_component>
      <object_component id="oc-1b4">
         <name>.debug_aranges</name>
         <load_address>0x580</load_address>
         <run_address>0x580</run_address>
         <size>0x20</size>
         <input_file_ref idref="fl-11"/>
      </object_component>
      <object_component id="oc-1c4">
         <name>.debug_aranges</name>
         <load_address>0x5a0</load_address>
         <run_address>0x5a0</run_address>
         <size>0x20</size>
         <input_file_ref idref="fl-12"/>
      </object_component>
      <object_component id="oc-1ca">
         <name>.debug_aranges</name>
         <load_address>0x5c0</load_address>
         <run_address>0x5c0</run_address>
         <size>0x20</size>
         <input_file_ref idref="fl-12"/>
      </object_component>
      <object_component id="oc-1d8">
         <name>.debug_aranges</name>
         <load_address>0x5e0</load_address>
         <run_address>0x5e0</run_address>
         <size>0x20</size>
         <input_file_ref idref="fl-c"/>
      </object_component>
      <object_component id="oc-1de">
         <name>.debug_aranges</name>
         <load_address>0x600</load_address>
         <run_address>0x600</run_address>
         <size>0x20</size>
         <input_file_ref idref="fl-c"/>
      </object_component>
      <object_component id="oc-1e4">
         <name>.debug_aranges</name>
         <load_address>0x620</load_address>
         <run_address>0x620</run_address>
         <size>0x20</size>
         <input_file_ref idref="fl-f"/>
      </object_component>
      <object_component id="oc-1f6">
         <name>.debug_aranges</name>
         <load_address>0x640</load_address>
         <run_address>0x640</run_address>
         <size>0x20</size>
         <input_file_ref idref="fl-11"/>
      </object_component>
      <object_component id="oc-1fc">
         <name>.debug_aranges</name>
         <load_address>0x660</load_address>
         <run_address>0x660</run_address>
         <size>0x20</size>
         <input_file_ref idref="fl-11"/>
      </object_component>
      <object_component id="oc-202">
         <name>.debug_aranges</name>
         <load_address>0x680</load_address>
         <run_address>0x680</run_address>
         <size>0x20</size>
         <input_file_ref idref="fl-11"/>
      </object_component>
      <object_component id="oc-20b">
         <name>.debug_aranges</name>
         <load_address>0x6a0</load_address>
         <run_address>0x6a0</run_address>
         <size>0x20</size>
         <input_file_ref idref="fl-11"/>
      </object_component>
      <object_component id="oc-211">
         <name>.debug_aranges</name>
         <load_address>0x6c0</load_address>
         <run_address>0x6c0</run_address>
         <size>0x20</size>
         <input_file_ref idref="fl-11"/>
      </object_component>
      <object_component id="oc-217">
         <name>.debug_aranges</name>
         <load_address>0x6e0</load_address>
         <run_address>0x6e0</run_address>
         <size>0x20</size>
         <input_file_ref idref="fl-11"/>
      </object_component>
      <object_component id="oc-21c">
         <name>.debug_aranges</name>
         <load_address>0x700</load_address>
         <run_address>0x700</run_address>
         <size>0x20</size>
         <input_file_ref idref="fl-40"/>
      </object_component>
      <object_component id="oc-224">
         <name>.debug_aranges</name>
         <load_address>0x720</load_address>
         <run_address>0x720</run_address>
         <size>0x20</size>
         <input_file_ref idref="fl-63"/>
      </object_component>
      <object_component id="oc-229">
         <name>.debug_aranges</name>
         <load_address>0x740</load_address>
         <run_address>0x740</run_address>
         <size>0x20</size>
         <input_file_ref idref="fl-48"/>
      </object_component>
      <object_component id="oc-22b">
         <name>.debug_aranges</name>
         <load_address>0x760</load_address>
         <run_address>0x760</run_address>
         <size>0x20</size>
         <input_file_ref idref="fl-5a"/>
      </object_component>
      <object_component id="oc-232">
         <name>.debug_aranges</name>
         <load_address>0x780</load_address>
         <run_address>0x780</run_address>
         <size>0x20</size>
         <input_file_ref idref="fl-62"/>
      </object_component>
      <object_component id="oc-23c">
         <name>.debug_aranges</name>
         <load_address>0x7a0</load_address>
         <run_address>0x7a0</run_address>
         <size>0x20</size>
         <input_file_ref idref="fl-10"/>
      </object_component>
      <object_component id="oc-242">
         <name>.debug_aranges</name>
         <load_address>0x7c0</load_address>
         <run_address>0x7c0</run_address>
         <size>0x20</size>
         <input_file_ref idref="fl-f"/>
      </object_component>
      <object_component id="oc-248">
         <name>.debug_aranges</name>
         <load_address>0x7e0</load_address>
         <run_address>0x7e0</run_address>
         <size>0x20</size>
         <input_file_ref idref="fl-d"/>
      </object_component>
      <object_component id="oc-24e">
         <name>.debug_aranges</name>
         <load_address>0x800</load_address>
         <run_address>0x800</run_address>
         <size>0x20</size>
         <input_file_ref idref="fl-5"/>
      </object_component>
      <object_component id="oc-254">
         <name>.debug_aranges</name>
         <load_address>0x820</load_address>
         <run_address>0x820</run_address>
         <size>0x20</size>
         <input_file_ref idref="fl-a"/>
      </object_component>
      <object_component id="oc-25a">
         <name>.debug_aranges</name>
         <load_address>0x840</load_address>
         <run_address>0x840</run_address>
         <size>0x20</size>
         <input_file_ref idref="fl-7"/>
      </object_component>
      <object_component id="oc-260">
         <name>.debug_aranges</name>
         <load_address>0x860</load_address>
         <run_address>0x860</run_address>
         <size>0x20</size>
         <input_file_ref idref="fl-9"/>
      </object_component>
      <object_component id="oc-266">
         <name>.debug_aranges</name>
         <load_address>0x880</load_address>
         <run_address>0x880</run_address>
         <size>0x20</size>
         <input_file_ref idref="fl-8"/>
      </object_component>
      <object_component id="oc-26c">
         <name>.debug_aranges</name>
         <load_address>0x8a0</load_address>
         <run_address>0x8a0</run_address>
         <size>0x20</size>
         <input_file_ref idref="fl-b"/>
      </object_component>
      <object_component id="oc-272">
         <name>.debug_aranges</name>
         <load_address>0x8c0</load_address>
         <run_address>0x8c0</run_address>
         <size>0x20</size>
         <input_file_ref idref="fl-10"/>
      </object_component>
      <object_component id="oc-28d">
         <name>.debug_aranges</name>
         <load_address>0x8e0</load_address>
         <run_address>0x8e0</run_address>
         <size>0x20</size>
         <input_file_ref idref="fl-11"/>
      </object_component>
      <object_component id="oc-296">
         <name>.debug_aranges</name>
         <load_address>0x900</load_address>
         <run_address>0x900</run_address>
         <size>0x20</size>
         <input_file_ref idref="fl-c"/>
      </object_component>
      <object_component id="oc-29c">
         <name>.debug_aranges</name>
         <load_address>0x920</load_address>
         <run_address>0x920</run_address>
         <size>0x20</size>
         <input_file_ref idref="fl-10"/>
      </object_component>
      <object_component id="oc-2a2">
         <name>.debug_aranges</name>
         <load_address>0x940</load_address>
         <run_address>0x940</run_address>
         <size>0x20</size>
         <input_file_ref idref="fl-11"/>
      </object_component>
      <object_component id="oc-2a8">
         <name>.debug_aranges</name>
         <load_address>0x960</load_address>
         <run_address>0x960</run_address>
         <size>0x20</size>
         <input_file_ref idref="fl-11"/>
      </object_component>
      <object_component id="oc-2ae">
         <name>.debug_aranges</name>
         <load_address>0x980</load_address>
         <run_address>0x980</run_address>
         <size>0x20</size>
         <input_file_ref idref="fl-11"/>
      </object_component>
      <object_component id="oc-2b4">
         <name>.debug_aranges</name>
         <load_address>0x9a0</load_address>
         <run_address>0x9a0</run_address>
         <size>0x20</size>
         <input_file_ref idref="fl-11"/>
      </object_component>
      <object_component id="oc-2ba">
         <name>.debug_aranges</name>
         <load_address>0x9c0</load_address>
         <run_address>0x9c0</run_address>
         <size>0x20</size>
         <input_file_ref idref="fl-8"/>
      </object_component>
      <object_component id="oc-2c0">
         <name>.debug_aranges</name>
         <load_address>0x9e0</load_address>
         <run_address>0x9e0</run_address>
         <size>0x20</size>
         <input_file_ref idref="fl-10"/>
      </object_component>
      <object_component id="oc-2d9">
         <name>.debug_aranges</name>
         <load_address>0xa00</load_address>
         <run_address>0xa00</run_address>
         <size>0x20</size>
         <input_file_ref idref="fl-8"/>
      </object_component>
      <object_component id="oc-2df">
         <name>.debug_aranges</name>
         <load_address>0xa20</load_address>
         <run_address>0xa20</run_address>
         <size>0x20</size>
         <input_file_ref idref="fl-8"/>
      </object_component>
      <object_component id="oc-2e5">
         <name>.debug_aranges</name>
         <load_address>0xa40</load_address>
         <run_address>0xa40</run_address>
         <size>0x20</size>
         <input_file_ref idref="fl-11"/>
      </object_component>
      <object_component id="oc-2ec">
         <name>.debug_aranges</name>
         <load_address>0xa60</load_address>
[...]
         <value>0x929e</value>
         <object_component_ref idref="oc-4d5"/>
      </symbol>
      <symbol id="sm-312">
         <name>nwk_isConnectionValid</name>
         <value>0x8e6c</value>
         <object_component_ref idref="oc-423"/>
      </symbol>
      <symbol id="sm-313">
         <name>nwk_isValidReply</name>
         <value>0x94a0</value>
         <object_component_ref idref="oc-4a1"/>
      </symbol>
      <symbol id="sm-314">
         <name>nwk_putNumObjectIntoMsg</name>
         <value>0x942a</value>
         <object_component_ref idref="oc-294"/>
      </symbol>
      <symbol id="sm-315">
         <name>nwk_allocateLocalRxPort</name>
         <value>0x8684</value>
         <object_component_ref idref="oc-4e1"/>
      </symbol>
      <symbol id="sm-316">
         <name>nwk_nwkInit</name>
         <value>0x8b76</value>
         <object_component_ref idref="oc-145"/>
      </symbol>
      <symbol id="sm-317">
         <name>nwk_getConnInfo</name>
         <value>0x967c</value>
         <object_component_ref idref="oc-1d6"/>
      </symbol>
      <symbol id="sm-318">
         <name>nwk_getNumObjectFromMsg</name>
         <value>0x9dca</value>
         <object_component_ref idref="oc-4cf"/>
      </symbol>
      <symbol id="sm-35f">
         <name>nwk_QadjustOrder</name>
         <value>0x964a</value>
         <object_component_ref idref="oc-365"/>
      </symbol>
      <symbol id="sm-360">
         <name>nwk_QfindSlot</name>
         <value>0x8bfc</value>
         <object_component_ref idref="oc-337"/>
      </symbol>
      <symbol id="sm-361">
         <name>nwk_QInit</name>
         <value>0x9ba2</value>
         <object_component_ref idref="oc-246"/>
      </symbol>
      <symbol id="sm-362">
         <name>nwk_QfindOldest</name>
         <value>0x835e</value>
         <object_component_ref idref="oc-35f"/>
      </symbol>
      <symbol id="sm-3c1">
         <name>SMPL_Receive</name>
         <value>0x9130</value>
         <object_component_ref idref="oc-129"/>
      </symbol>
      <symbol id="sm-3c2">
         <name>SMPL_Send</name>
         <value>0x9e58</value>
         <object_component_ref idref="oc-177"/>
      </symbol>
      <symbol id="sm-3c3">
         <name>SMPL_Init</name>
         <value>0x957c</value>
         <object_component_ref idref="oc-d3"/>
      </symbol>
      <symbol id="sm-3c4">
         <name>SMPL_SendOpt</name>
         <value>0x8d00</value>
         <object_component_ref idref="oc-315"/>
      </symbol>
      <symbol id="sm-3c5">
         <name>SMPL_LinkListen</name>
         <value>0x8df6</value>
         <object_component_ref idref="oc-16b"/>
      </symbol>
      <symbol id="sm-3c6">
         <name>SMPL_Ioctl</name>
         <value>0x88ec</value>
         <object_component_ref idref="oc-171"/>
      </symbol>
      <symbol id="sm-423">
         <name>nwk_buildFrame</name>
         <value>0x8a4a</value>
         <object_component_ref idref="oc-3fc"/>
      </symbol>
      <symbol id="sm-424">
         <name>nwk_sendFrame</name>
         <value>0x9770</value>
         <object_component_ref idref="oc-402"/>
      </symbol>
      <symbol id="sm-425">
         <name>nwk_getMyRxType</name>
         <value>0x9e84</value>
         <object_component_ref idref="oc-4e8"/>
      </symbol>
      <symbol id="sm-426">
         <name>nwk_frameInit</name>
         <value>0x9b26</value>
         <object_component_ref idref="oc-240"/>
      </symbol>
      <symbol id="sm-427">
         <name>nwk_retrieveFrame</name>
         <value>0x883a</value>
         <object_component_ref idref="oc-1e2"/>
      </symbol>
      <symbol id="sm-428">
         <name>MRFI_RxCompleteISR</name>
         <value>0x9aa6</value>
         <object_component_ref idref="oc-1ac"/>
      </symbol>
      <symbol id="sm-472">
         <name>nwk_getProtocolVersion</name>
         <value>0x9e8a</value>
         <object_component_ref idref="oc-29a"/>
      </symbol>
      <symbol id="sm-473">
         <name>nwk_getFWVersion</name>
         <value>0x9e7e</value>
         <object_component_ref idref="oc-2f0"/>
      </symbol>
      <symbol id="sm-474">
         <name>nwk_globalsInit</name>
         <value>0x9944</value>
         <object_component_ref idref="oc-23a"/>
      </symbol>
      <symbol id="sm-475">
         <name>nwk_setAPAddress</name>
         <value>0x9dd8</value>
         <object_component_ref idref="oc-2be"/>
      </symbol>
      <symbol id="sm-476">
         <name>nwk_setMyAddress</name>
         <value>0x9bf8</value>
         <object_component_ref idref="oc-3ee"/>
      </symbol>
      <symbol id="sm-477">
         <name>nwk_getBCastAddress</name>
         <value>0x9e78</value>
         <object_component_ref idref="oc-270"/>
      </symbol>
      <symbol id="sm-478">
         <name>nwk_getMyAddress</name>
         <value>0x9d6a</value>
         <object_component_ref idref="oc-151"/>
      </symbol>
      <symbol id="sm-625">
         <name>MRFI_Sleep</name>
         <value>0x99dc</value>
         <object_component_ref idref="oc-2b2"/>
      </symbol>
      <symbol id="sm-626">
         <name>MRFI_PostKillSem</name>
         <value>0x9e02</value>
         <object_component_ref idref="oc-483"/>
      </symbol>
      <symbol id="sm-627">
         <name>MRFI_SetLogicalChannel</name>
         <value>0x9618</value>
         <object_component_ref idref="oc-209"/>
      </symbol>
      <symbol id="sm-628">
         <name>MRFI_Rssi</name>
         <value>0x932a</value>
         <object_component_ref idref="oc-3f5"/>
      </symbol>
      <symbol id="sm-629">
         <name>MRFI_Init</name>
         <value>0x8000</value>
         <object_component_ref idref="oc-13f"/>
      </symbol>
      <symbol id="sm-62a">
         <name>mrfiSpiCmdStrobe</name>
         <value>0x9210</value>
         <object_component_ref idref="oc-1b2"/>
      </symbol>
      <symbol id="sm-62b">
         <name>__TI_int03</name>
         <value>0xffe6</value>
         <object_component_ref idref="oc-2e"/>
      </symbol>
      <symbol id="sm-62c">
         <name>MRFI_RxAddrIsFiltered</name>
         <value>0x9258</value>
         <object_component_ref idref="oc-19d"/>
      </symbol>
      <symbol id="sm-62d">
         <name>MRFI_SetRxAddrFilter</name>
         <value>0x9548</value>
         <object_component_ref idref="oc-157"/>
      </symbol>
      <symbol id="sm-62e">
         <name>MRFI_RandomByte</name>
         <value>0x9c7a</value>
         <object_component_ref idref="oc-398"/>
      </symbol>
      <symbol id="sm-62f">
         <name>MRFI_RxOn</name>
         <value>0x9a22</value>
         <object_component_ref idref="oc-2a0"/>
      </symbol>
      <symbol id="sm-630">
         <name>MRFI_GpioIsr</name>
         <value>0x9bc0</value>
         <object_component_ref idref="oc-a7"/>
      </symbol>
      <symbol id="sm-631">
         <name>mrfiBroadcastAddr</name>
         <value>0x9fa2</value>
         <object_component_ref idref="oc-283"/>
      </symbol>
      <symbol id="sm-632">
         <name>mrfiSpiReadReg</name>
         <value>0x9b84</value>
         <object_component_ref idref="oc-183"/>
      </symbol>
      <symbol id="sm-633">
         <name>mrfiSpiReadRxFifo</name>
         <value>0x9e1a</value>
         <object_component_ref idref="oc-189"/>
      </symbol>
      <symbol id="sm-634">
         <name>MRFI_ReplyDelay</name>
         <value>0x93ee</value>
         <object_component_ref idref="oc-2a6"/>
      </symbol>
      <symbol id="sm-635">
         <name>MRFI_WakeUp</name>
         <value>0x8fe8</value>
         <object_component_ref idref="oc-14b"/>
      </symbol>
      <symbol id="sm-636">
         <name>MRFI_Transmit</name>
         <value>0x8488</value>
         <object_component_ref idref="oc-453"/>
      </symbol>
      <symbol id="sm-637">
         <name>mrfiSpiWriteReg</name>
         <value>0x9c48</value>
         <object_component_ref idref="oc-200"/>
      </symbol>
      <symbol id="sm-638">
         <name>mrfiSpiWriteTxFifo</name>
         <value>0x9dbc</value>
         <object_component_ref idref="oc-492"/>
      </symbol>
      <symbol id="sm-639">
         <name>MRFI_RxIdle</name>
         <value>0x9ac6</value>
         <object_component_ref idref="oc-2ac"/>
      </symbol>
      <symbol id="sm-63a">
         <name>MRFI_GetRadioState</name>
         <value>0x9e60</value>
         <object_component_ref idref="oc-28b"/>
      </symbol>
      <symbol id="sm-63b">
         <name>MRFI_DelayMs</name>
         <value>0x9c62</value>
         <object_component_ref idref="oc-2e3"/>
      </symbol>
      <symbol id="sm-63c">
         <name>MRFI_EnableRxAddrFilter</name>
         <value>0x9a00</value>
         <object_component_ref idref="oc-15d"/>
      </symbol>
      <symbol id="sm-63d">
         <name>MRFI_SetRFPwr</name>
         <value>0x9514</value>
         <object_component_ref idref="oc-20f"/>
      </symbol>
      <symbol id="sm-63e">
         <name>mrfiSpiInit</name>
         <value>0x95b0</value>
         <object_component_ref idref="oc-1f4"/>
      </symbol>
      <symbol id="sm-63f">
         <name>MRFI_Receive</name>
         <value>0x9dae</value>
         <object_component_ref idref="oc-33d"/>
      </symbol>
      <symbol id="sm-640">
         <name>BSP_GpioPort1Isr</name>
         <value>0x9c14</value>
         <object_component_ref idref="oc-59"/>
      </symbol>
      <symbol id="sm-67f">
         <name>BSP_Init</name>
         <value>0x9a66</value>
         <object_component_ref idref="oc-ba"/>
      </symbol>
      <symbol id="sm-680">
         <name>BSP_InitButtons</name>
         <value>0x9e26</value>
         <object_component_ref idref="oc-1c8"/>
      </symbol>
      <symbol id="sm-681">
         <name>BSP_InitBoard</name>
         <value>0x9a86</value>
         <object_component_ref idref="oc-105"/>
      </symbol>
      <symbol id="sm-682">
         <name>BSP_InitLeds</name>
         <value>0x9d34</value>
         <object_component_ref idref="oc-1c2"/>
      </symbol>
      <symbol id="sm-683">
         <name>BSP_Delay</name>
         <value>0x9b66</value>
         <object_component_ref idref="oc-36d"/>
      </symbol>
      <symbol id="sm-684">
         <name>BSP_InitDrivers</name>
         <value>0x9e30</value>
         <object_component_ref idref="oc-10b"/>
      </symbol>
      <symbol id="sm-685">
         <name>_system_pre_init</name>
         <value>0x9e3a</value>
         <object_component_ref idref="oc-65"/>
      </symbol>
      <symbol id="sm-68f">
         <name>__mspabi_sral</name>
         <value>0x9d8e</value>
         <object_component_ref idref="oc-21b"/>
      </symbol>
      <symbol id="sm-69f">
         <name>_c_int00_noexit</name>
         <value>0x9c2e</value>
         <object_component_ref idref="oc-38"/>
      </symbol>
      <symbol id="sm-6a0">
         <name>_c_int00</name>
         <value>0x9c2e</value>
         <object_component_ref idref="oc-38"/>
      </symbol>
      <symbol id="sm-6a1">
         <name>_stack</name>
         <value>0x5b0</value>
         <object_component_ref idref="oc-50"/>
      </symbol>
      <symbol id="sm-6a2">
         <name>_reset_vector</name>
         <value>0xfffe</value>
         <object_component_ref idref="oc-53"/>
      </symbol>
      <symbol id="sm-6b8">
         <name>__TI_decompress_none</name>
         <value>0x9d46</value>
         <object_component_ref idref="oc-3e"/>
      </symbol>
      <symbol id="sm-6da">
         <name>__TI_decompress_rle24</name>
         <value>0x9e6c</value>
         <object_component_ref idref="oc-4a"/>
      </symbol>
      <symbol id="sm-6ed">
         <name>__TI_zero_init</name>
         <value>0x9cbc</value>
         <object_component_ref idref="oc-44"/>
      </symbol>
      <symbol id="sm-6fa">
         <name>__mspabi_remi</name>
         <value>0x9828</value>
         <object_component_ref idref="oc-331"/>
      </symbol>
      <symbol id="sm-6fb">
         <name>__mspabi_divi</name>
         <value>0x9828</value>
         <object_component_ref idref="oc-331"/>
      </symbol>
      <symbol id="sm-705">
         <name>__mspabi_remu</name>
         <value>0x9ca6</value>
         <object_component_ref idref="oc-40f"/>
      </symbol>
      <symbol id="sm-706">
         <name>__mspabi_divu</name>
         <value>0x9ca6</value>
         <object_component_ref idref="oc-40f"/>
      </symbol>
      <symbol id="sm-714">
         <name>__mspabi_remul</name>
         <value>0x8f90</value>
         <object_component_ref idref="oc-225"/>
      </symbol>
      <symbol id="sm-715">
         <name>__mspabi_divul</name>
         <value>0x8f90</value>
         <object_component_ref idref="oc-225"/>
      </symbol>
      <symbol id="sm-71e">
         <name>__mspabi_func_epilog_2</name>
         <value>0x9da8</value>
         <object_component_ref idref="oc-b3"/>
      </symbol>
      <symbol id="sm-71f">
         <name>__mspabi_func_epilog_3</name>
         <value>0x9da6</value>
         <object_component_ref idref="oc-b3"/>
      </symbol>
      <symbol id="sm-720">
         <name>__mspabi_func_epilog_1</name>
         <value>0x9daa</value>
         <object_component_ref idref="oc-b3"/>
      </symbol>
      <symbol id="sm-721">
         <name>__mspabi_func_epilog_6</name>
         <value>0x9da0</value>
         <object_component_ref idref="oc-b3"/>
      </symbol>
      <symbol id="sm-722">
         <name>__mspabi_func_epilog_7</name>
         <value>0x9d9e</value>
         <object_component_ref idref="oc-b3"/>
      </symbol>
      <symbol id="sm-723">
         <name>__mspabi_func_epilog_4</name>
         <value>0x9da4</value>
         <object_component_ref idref="oc-b3"/>
      </symbol>
      <symbol id="sm-724">
         <name>__mspabi_func_epilog_5</name>
         <value>0x9da2</value>
         <object_component_ref idref="oc-b3"/>
      </symbol>
      <symbol id="sm-72e">
         <name>C$$EXIT</name>
         <value>0x9e90</value>
         <object_component_ref idref="oc-77"/>
      </symbol>
      <symbol id="sm-72f">
         <name>abort</name>
         <value>0x9e90</value>
         <object_component_ref idref="oc-77"/>
      </symbol>
      <symbol id="sm-735">
         <name>__TI_int02</name>
         <value>0xffe4</value>
         <object_component_ref idref="oc-2d"/>
      </symbol>
      <symbol id="sm-738">
         <name>__TI_int05</name>
         <value>0xffea</value>
         <object_component_ref idref="oc-2f"/>
      </symbol>
      <symbol id="sm-73b">
         <name>__TI_int06</name>
         <value>0xffec</value>
         <object_component_ref idref="oc-30"/>
      </symbol>
      <symbol id="sm-73e">
         <name>__TI_int08</name>
         <value>0xfff0</value>
         <object_component_ref idref="oc-32"/>
      </symbol>
      <symbol id="sm-741">
         <name>__TI_int09</name>
         <value>0xfff2</value>
         <object_component_ref idref="oc-33"/>
      </symbol>
      <symbol id="sm-744">
         <name>__TI_int10</name>
         <value>0xfff4</value>
         <object_component_ref idref="oc-34"/>
      </symbol>
      <symbol id="sm-747">
         <name>__TI_int12</name>
         <value>0xfff8</value>
         <object_component_ref idref="oc-35"/>
      </symbol>
      <symbol id="sm-74a">
         <name>__TI_int13</name>
         <value>0xfffa</value>
         <object_component_ref idref="oc-36"/>
      </symbol>
      <symbol id="sm-74d">
         <name>__TI_int14</name>
         <value>0xfffc</value>
         <object_component_ref idref="oc-37"/>
      </symbol>
      <symbol id="sm-755">
         <name>__TI_ISR_TRAP</name>
         <value>0x9e66</value>
         <object_component_ref idref="oc-54"/>
      </symbol>
      <symbol id="sm-75f">
         <name>__mspabi_srli_8</name>
         <value>0x91a6</value>
         <object_component_ref idref="oc-22a"/>
      </symbol>
      <symbol id="sm-760">
         <name>__mspabi_srli_9</name>
         <value>0x91a2</value>
         <object_component_ref idref="oc-22a"/>
      </symbol>
      <symbol id="sm-761">
         <name>__mspabi_srli_6</name>
         <value>0x91ae</value>
         <object_component_ref idref="oc-22a"/>
      </symbol>
      <symbol id="sm-762">
         <name>__mspabi_srli_7</name>
         <value>0x91aa</value>
         <object_component_ref idref="oc-22a"/>
      </symbol>
      <symbol id="sm-763">
         <name>__mspabi_srli_4</name>
         <value>0x91b6</value>
         <object_component_ref idref="oc-22a"/>
      </symbol>
      <symbol id="sm-764">
         <name>__mspabi_srli_5</name>
         <value>0x91b2</value>
         <object_component_ref idref="oc-22a"/>
      </symbol>
      <symbol id="sm-765">
         <name>__mspabi_srli_2</name>
         <value>0x91be</value>
         <object_component_ref idref="oc-22a"/>
      </symbol>
      <symbol id="sm-766">
         <name>__mspabi_srli_3</name>
         <value>0x91ba</value>
         <object_component_ref idref="oc-22a"/>
      </symbol>
      <symbol id="sm-767">
         <name>__mspabi_srli_1</name>
         <value>0x91c2</value>
         <object_component_ref idref="oc-22a"/>
      </symbol>
      <symbol id="sm-768">
         <name>__mspabi_srli</name>
         <value>0x917c</value>
         <object_component_ref idref="oc-22a"/>
      </symbol>
      <symbol id="sm-769">
         <name>__mspabi_srli_15</name>
         <value>0x918a</value>
         <object_component_ref idref="oc-22a"/>
      </symbol>
      <symbol id="sm-76a">
         <name>__mspabi_srli_14</name>
         <value>0x918e</value>
         <object_component_ref idref="oc-22a"/>
      </symbol>
      <symbol id="sm-76b">
         <name>__mspabi_srli_13</name>
         <value>0x9192</value>
         <object_component_ref idref="oc-22a"/>
      </symbol>
      <symbol id="sm-76c">
         <name>__mspabi_srli_12</name>
         <value>0x9196</value>
         <object_component_ref idref="oc-22a"/>
      </symbol>
      <symbol id="sm-76d">
         <name>__mspabi_srli_11</name>
         <value>0x919a</value>
         <object_component_ref idref="oc-22a"/>
      </symbol>
      <symbol id="sm-76e">
         <name>__mspabi_srli_10</name>
         <value>0x919e</value>
         <object_component_ref idref="oc-22a"/>
      </symbol>
      <symbol id="sm-77e">
         <name>memcmp</name>
         <value>0x9a44</value>
         <object_component_ref idref="oc-41a"/>
      </symbol>
      <symbol id="sm-78c">
         <name>memcpy</name>
         <value>0x9d58</value>
         <object_component_ref idref="oc-7e"/>
      </symbol>
      <symbol id="sm-79b">
         <name>memmove</name>
         <value>0x9b06</value>
         <object_component_ref idref="oc-3c6"/>
      </symbol>
      <symbol id="sm-7a9">
         <name>memset</name>
         <value>0x9ce4</value>
         <object_component_ref idref="oc-192"/>
      </symbol>
      <symbol id="sm-7b5">
         <name>__mspabi_mpyi</name>
         <value>0x9cf8</value>
         <object_component_ref idref="oc-22f"/>
      </symbol>
      <symbol id="sm-7bf">
         <name>__mspabi_mpyl</name>
         <value>0x99b6</value>
         <object_component_ref idref="oc-220"/>
      </symbol>
      <symbol id="sm-7cc">
         <name>strlen</name>
         <value>0x9df4</value>
         <object_component_ref idref="oc-118"/>
      </symbol>
      <symbol id="sm-7e5">
         <name>_auto_init</name>
         <value>0x8f32</value>
         <object_component_ref idref="oc-6b"/>
      </symbol>
      <symbol id="sm-7e7">
         <name>__TI_exit</name>
         <value>0x1</value>
      </symbol>
      <symbol id="sm-7e8">
         <name>__TI_args_main</name>
         <value>0x1</value>
      </symbol>
      <symbol id="sm-7e9">
         <name>__TI_INITARRAY_Base</name>
         <value>0x0</value>
      </symbol>
      <symbol id="sm-7ea">
         <name>__TI_INITARRAY_Limit</name>
         <value>0x0</value>
      </symbol>
   </symbol_table>
   <title>Link successful</title>
</link_info>
