******************************************************************************
                  MSP430 Linker PC v4.3.3                      
******************************************************************************
>> Linked Sat Sep 13 15:33:10 2014

OUTPUT FILE NAME:   <TestSimpl.out>
ENTRY POINT SYMBOL: "_c_int00"  address: 00009c2e


MEMORY CONFIGURATION

         name            origin    length      used     unused   attr    fill
----------------------  --------  ---------  --------  --------  ----  --------
  SFR                   00000000   00000010  00000000  00000010  RWIX
  PERIPHERALS_8BIT      00000010   000000f0  00000000  000000f0  RWIX
  PERIPHERALS_16BIT     00000100   00000100  00000000  00000100  RWIX
  RAM                   00000200   00000400  0000012f  000002d1  RWIX
  INFOD                 00001000   00000040  00000000  00000040  RWIX
  INFOC                 00001040   00000040  00000000  00000040  RWIX
  INFOB                 00001080   00000040  00000000  00000040  RWIX
  INFOA                 000010c0   00000040  00000000  00000040  RWIX
  FLASH                 00008000   00007fde  00001fcf  0000600f  RWIX
  INT00                 0000ffe0   00000002  00000000  00000002  RWIX
  INT01                 0000ffe2   00000002  00000000  00000002  RWIX
  INT02                 0000ffe4   00000002  00000002  00000000  RWIX
  INT03                 0000ffe6   00000002  00000002  00000000  RWIX
  INT04                 0000ffe8   00000002  00000000  00000002  RWIX
  INT05                 0000ffea   00000002  00000002  00000000  RWIX
  INT06                 0000ffec   00000002  00000002  00000000  RWIX
  INT07                 0000ffee   00000002  00000002  00000000  RWIX
  INT08                 0000fff0   00000002  00000002  00000000  RWIX
  INT09                 0000fff2   00000002  00000002  00000000  RWIX
  INT10                 0000fff4   00000002  00000002  00000000  RWIX
  INT11                 0000fff6   00000002  00000000  00000002  RWIX
  INT12                 0000fff8   00000002  00000002  00000000  RWIX
  INT13                 0000fffa   00000002  00000002  00000000  RWIX
  INT14                 0000fffc   00000002  00000002  00000000  RWIX
  RESET                 0000fffe   00000002  00000002  00000000  RWIX


SECTION ALLOCATION MAP

 output                                  attributes/
section   page    origin      length       input sections
--------  ----  ----------  ----------   ----------------
.init_array 
*          0    00008000    00000000     UNINITIALIZED

.bss       0    00000200    0000008a     UNINITIALIZED
                  00000200    00000034     (.common:sInFrameQ)
                  00000234    00000034     (.common:sOutFrameQ)
                  00000268    00000018     (.common:mrfiIncomingPacket)
                  00000280    00000004     (.common:sAPAddress)
                  00000284    00000004     (.common:sMyRAMAddress)
                  00000288    00000002     (.common:sServiceLinkID)

.TI.noinit 
*          0    00000200    00000000     UNINITIALIZED

.data      0    0000028a    00000055     UNINITIALIZED
                  0000028a    00000026     nwk.obj (.data)
                  000002b0    00000009     mrfi.obj (.data)
                  000002b9    00000001     bsp.obj (.data)
                  000002ba    00000008     nwk_frame.obj (.data)
                  000002c2    00000007     nwk_join.obj (.data)
                  000002c9    00000001     nwk_api.obj (.data)
                  000002ca    00000007     nwk_link.obj (.data)
                  000002d1    00000001     nwk_globals.obj (.data)
                  000002d2    00000004     mrfi.obj (.data:mrfiRxFilterAddr)
                  000002d6    00000003     main_ap.obj (.data)
                  000002d9    00000001     nwk_ping.obj (.data)
                  000002da    00000003     nwk_mgmt.obj (.data)
                  000002dd    00000002     virtual_com_cmds.obj (.data)

.TI.persistent 
*          0    0000028a    00000000     UNINITIALIZED

.stack     0    000005b0    00000050     UNINITIALIZED
                  000005b0    00000002     rts430_eabi.lib : boot.obj (.stack)
                  000005b2    0000004e     --HOLE--

.text      0    00008000    00001ea0     
                  00008000    000001c6     mrfi.obj (.text:MRFI_Init)
                  000081c6    00000198     nwk_link.obj (.text:smpl_send_link_reply)
                  0000835e    0000012a     nwk_QMgmt.obj (.text:nwk_QfindOldest)
                  00008488    00000102     mrfi.obj (.text:MRFI_Transmit)
                  0000858a    000000fa     nwk_join.obj (.text:nwk_join)
                  00008684    000000de     nwk.obj (.text:nwk_allocateLocalRxPort)
                  00008762    000000d8     mrfi.obj (.text:Mrfi_SyncPinRxIsr)
                  0000883a    000000b2     nwk_frame.obj (.text:nwk_retrieveFrame)
                  000088ec    000000b0     nwk_api.obj (.text:SMPL_Ioctl)
                  0000899c    000000ae     nwk_frame.obj (.text:dispatchFrame)
                  00008a4a    0000009e     nwk_frame.obj (.text:nwk_buildFrame)
                  00008ae8    0000008e     main_ap.obj (.text:sRxCallback)
                  00008b76    00000086     nwk.obj (.text:nwk_nwkInit)
                  00008bfc    00000082     nwk_QMgmt.obj (.text:nwk_QfindSlot)
                  00008c7e    00000082     mrfi.obj (.text:spiBurstFifoAccess)
                  00008d00    0000007e     nwk_api.obj (.text:SMPL_SendOpt)
                  00008d7e    00000078     nwk_ioctl.obj (.text:nwk_radioControl)
                  00008df6    00000076     nwk_api.obj (.text:SMPL_LinkListen)
                  00008e6c    00000068     nwk.obj (.text:nwk_isConnectionValid)
                  00008ed4    0000005e     rts430_eabi.lib : copy_decompress_rle.obj (.text:__TI_decompress_rle_core)
                  00008f32    0000005e                     : autoinit.obj (.text:_auto_init)
                  00008f90    00000058                     : div32u.obj (.text)
                  00008fe8    00000054     mrfi.obj (.text:MRFI_WakeUp)
                  0000903c    00000054     nwk_ioctl.obj (.text:nwk_rawSend)
                  00009090    00000050     virtual_com_cmds.obj (.text:USCI0RX_ISR)
                  000090e0    00000050     nwk.obj (.text:nwk_getNextConnection)
                  00009130    0000004c     nwk_api.obj (.text:SMPL_Receive)
                  0000917c    0000004c     rts430_eabi.lib : lsr16.obj (.text)
                  000091c8    00000048     main_ap.obj (.text:ap_loop)
                  00009210    00000048     mrfi.obj (.text:mrfiSpiCmdStrobe)
                  00009258    00000046     mrfi.obj (.text:MRFI_RxAddrIsFiltered)
                  0000929e    00000046     nwk.obj (.text:nwk_isLinkDuplicate)
                  000092e4    00000046     nwk_ping.obj (.text:smpl_send_ping_reply)
                  0000932a    00000044     mrfi.obj (.text:MRFI_Rssi)
                  0000936e    00000042     mrfi.obj (.text:spiRegAccess)
                  000093b0    0000003e     nwk.obj (.text:initializeConnection)
                  000093ee    0000003c     mrfi.obj (.text:MRFI_ReplyDelay)
                  0000942a    0000003c     nwk.obj (.text:nwk_putNumObjectIntoMsg)
                  00009466    0000003a     nwk_link.obj (.text:nwk_getLocalLinkID)
                  000094a0    0000003a     nwk.obj (.text:nwk_isValidReply)
                  000094da    0000003a     nwk_mgmt.obj (.text:nwk_processMgmt)
                  00009514    00000034     mrfi.obj (.text:MRFI_SetRFPwr)
                  00009548    00000034     mrfi.obj (.text:MRFI_SetRxAddrFilter)
                  0000957c    00000034     nwk_api.obj (.text:SMPL_Init)
                  000095b0    00000034     mrfi.obj (.text:mrfiSpiInit)
                  000095e4    00000034     nwk_ioctl.obj (.text:nwk_deviceAddress)
                  00009618    00000032     mrfi.obj (.text:MRFI_SetLogicalChannel)
                  0000964a    00000032     nwk_QMgmt.obj (.text:nwk_QadjustOrder)
                  0000967c    00000032     nwk.obj (.text:nwk_getConnInfo)
                  000096ae    00000032     nwk_link.obj (.text:nwk_linkInit)
                  000096e0    00000030     mrfi.obj (.text:Mrfi_DelayUsecSem)
                  00009710    00000030     nwk.obj (.text:map_lid2idx)
                  00009740    00000030     nwk_ioctl.obj (.text:nwk_rawReceive)
                  00009770    00000030     nwk_frame.obj (.text:nwk_sendFrame)
                  000097a0    0000002e     mrfi.obj (.text:Mrfi_CalculateRssi)
                  000097ce    0000002e     main_ap.obj (.text:main)
                  000097fc    0000002c     mrfi.obj (.text:Mrfi_RxModeOff)
                  00009828    0000002c     rts430_eabi.lib : div16s.obj (.text)
                  00009854    0000002a     mrfi.obj (.text:Mrfi_DelayUsec)
                  0000987e    0000002a     nwk.obj (.text:nwk_checkConnInfo)
                  000098a8    00000028     virtual_com_cmds.obj (.text:COM_Init)
                  000098d0    00000028     nwk_ping.obj (.text:nwk_processPing)
                  000098f8    00000026     mrfi.obj (.text:Mrfi_RandomBackoffDelay)
                  0000991e    00000026     nwk_ioctl.obj (.text:nwk_connectionControl)
                  00009944    00000026     nwk_globals.obj (.text:nwk_globalsInit)
                  0000996a    00000026     nwk_join.obj (.text:nwk_joinInit)
                  00009990    00000026     nwk_link.obj (.text:nwk_processLink)
                  000099b6    00000026     rts430_eabi.lib : mult32.obj (.text)
                  000099dc    00000024     mrfi.obj (.text:MRFI_Sleep)
                  00009a00    00000022     mrfi.obj (.text:MRFI_EnableRxAddrFilter)
                  00009a22    00000022     mrfi.obj (.text:MRFI_RxOn)
                  00009a44    00000022     rts430_eabi.lib : memcmp.obj (.text:memcmp)
                  00009a66    00000020     bsp.obj (.text:BSP_Init)
                  00009a86    00000020     bsp.obj (.text:BSP_InitBoard)
                  00009aa6    00000020     nwk_frame.obj (.text:MRFI_RxCompleteISR)
                  00009ac6    00000020     mrfi.obj (.text:MRFI_RxIdle)
                  00009ae6    00000020     nwk_link.obj (.text:handleLinkRequest)
                  00009b06    00000020     rts430_eabi.lib : memmov.obj (.text:memmove)
                  00009b26    00000020     nwk_frame.obj (.text:nwk_frameInit)
                  00009b46    00000020     nwk_join.obj (.text:nwk_processJoin)
                  00009b66    0000001e     bsp.obj (.text:BSP_Delay)
                  00009b84    0000001e     mrfi.obj (.text:mrfiSpiReadReg)
                  00009ba2    0000001e     nwk_QMgmt.obj (.text:nwk_QInit)
                  00009bc0    0000001c     mrfi.obj (.text:MRFI_GpioIsr)
                  00009bdc    0000001c     virtual_com_cmds.obj (.text:TXString)
                  00009bf8    0000001c     nwk_globals.obj (.text:nwk_setMyAddress)
                  00009c14    0000001a     mrfi.obj (.text:BSP_GpioPort1Isr)
                  00009c2e    0000001a     rts430_eabi.lib : boot.obj (.text:_c_int00_noexit)
                  00009c48    0000001a     mrfi.obj (.text:mrfiSpiWriteReg)
                  00009c62    00000018     mrfi.obj (.text:MRFI_DelayMs)
                  00009c7a    00000016     mrfi.obj (.text:MRFI_RandomByte)
                  00009c90    00000016     mrfi.obj (.text:Mrfi_RxModeOn)
                  00009ca6    00000016     rts430_eabi.lib : div16u.obj (.text)
                  00009cbc    00000014                     : copy_zero_init.obj (.text:decompress:ZI:__TI_zero_init)
                  00009cd0    00000014     nwk_api.obj (.text:ioctlPreInitAccessIsOK)
                  00009ce4    00000014     rts430_eabi.lib : memset.obj (.text:memset)
                  00009cf8    00000014                     : mult16.obj (.text)
                  00009d0c    00000014     helpers.obj (.text:toggleLED)
                  00009d20    00000014     virtual_com_cmds.obj (.text:trace)
                  00009d34    00000012     bsp.obj (.text:BSP_InitLeds)
                  00009d46    00000012     rts430_eabi.lib : copy_decompress_none.obj (.text:decompress:none:__TI_decompress_none)
                  00009d58    00000012                     : memcpy.obj (.text:memcpy)
                  00009d6a    00000012     nwk_globals.obj (.text:nwk_getMyAddress)
                  00009d7c    00000012     nwk_link.obj (.text:nwk_setLinkToken)
                  00009d8e    00000010     rts430_eabi.lib : asr32.obj (.text:l_asr)
                  00009d9e    00000010                     : epilog.obj (.text)
                  00009dae    0000000e     mrfi.obj (.text:MRFI_Receive)
                  00009dbc    0000000e     mrfi.obj (.text:mrfiSpiWriteTxFifo)
                  00009dca    0000000e     nwk.obj (.text:nwk_getNumObjectFromMsg)
                  00009dd8    0000000e     nwk_globals.obj (.text:nwk_setAPAddress)
                  00009de6    0000000e     nwk_link.obj (.text:nwk_setListenContext)
                  00009df4    0000000e     rts430_eabi.lib : strlen.obj (.text:strlen)
                  00009e02    0000000c     mrfi.obj (.text:MRFI_PostKillSem)
                  00009e0e    0000000c     nwk_ping.obj (.text:handlePingRequest)
                  00009e1a    0000000c     mrfi.obj (.text:mrfiSpiReadRxFifo)
                  00009e26    0000000a     bsp.obj (.text:BSP_InitButtons)
                  00009e30    0000000a     bsp.obj (.text:BSP_InitDrivers)
                  00009e3a    0000000a     bsp.obj (.text:_system_pre_init)
                  00009e44    0000000a     nwk_mgmt.obj (.text:nwk_mgmtInit)
                  00009e4e    0000000a     nwk_ping.obj (.text:nwk_pingInit)
                  00009e58    00000008     nwk_api.obj (.text:SMPL_Send)
                  00009e60    00000006     mrfi.obj (.text:MRFI_GetRadioState)
                  00009e66    00000006     rts430_eabi.lib : isr_trap.obj (.text:__TI_ISR_TRAP)
                  00009e6c    00000006                     : copy_decompress_rle.obj (.text:decompress:rle24:__TI_decompress_rle24)
                  00009e72    00000006     nwk.obj (.text:nwk_freeConnection)
                  00009e78    00000006     nwk_globals.obj (.text:nwk_getBCastAddress)
                  00009e7e    00000006     nwk_globals.obj (.text:nwk_getFWVersion)
                  00009e84    00000006     nwk_frame.obj (.text:nwk_getMyRxType)
                  00009e8a    00000006     nwk_globals.obj (.text:nwk_getProtocolVersion)
                  00009e90    00000004     rts430_eabi.lib : exit.obj (.text:abort)
                  00009e94    00000004     nwk_freq.obj (.text:nwk_processFreq)
                  00009e98    00000004     nwk_security.obj (.text:nwk_processSecurity)
                  00009e9c    00000002     nwk_freq.obj (.text:nwk_freqInit)
                  00009e9e    00000002     nwk_security.obj (.text:nwk_securityInit)

.const     0    00009ea0    0000010d     
                  00009ea0    000000b0     main_ap.obj (.const:.string)
                  00009f50    0000003c     mrfi.obj (.const:mrfiRadioCfg)
                  00009f8c    0000000c     nwk_frame.obj (.const:func)
                  00009f98    00000009     nwk_globals.obj (.const)
                  00009fa1    00000001     --HOLE-- [fill = 0]
                  00009fa2    00000004     mrfi.obj (.const:.string:mrfiBroadcastAddr)
                  00009fa6    00000004     mrfi.obj (.const:.string:mrfiLogicalChanTable)
                  00009faa    00000003     mrfi.obj (.const:.string:mrfiRFPowerTable)

.cinit     0    00009fae    00000022     
                  00009fae    00000010     (.cinit..data.load) [load image, compression = rle]
                  00009fbe    00000006     (__TI_handler_table)
                  00009fc4    00000004     (.cinit..bss.load) [load image, compression = zero_init]
                  00009fc8    00000008     (__TI_cinit_table)

PORT1      0    0000ffe4    00000002     
                  0000ffe4    00000002     rts430_eabi.lib : int02.obj (.int02)

PORT2      0    0000ffe6    00000002     
                  0000ffe6    00000002     mrfi.obj (.int03)

ADC10      0    0000ffea    00000002     
                  0000ffea    00000002     rts430_eabi.lib : int05.obj (.int05)

USCIAB0TX 
*          0    0000ffec    00000002     
                  0000ffec    00000002     rts430_eabi.lib : int06.obj (.int06)

USCIAB0RX 
*          0    0000ffee    00000002     
                  0000ffee    00000002     virtual_com_cmds.obj (.int07)

TIMERA1    0    0000fff0    00000002     
                  0000fff0    00000002     rts430_eabi.lib : int08.obj (.int08)

TIMERA0    0    0000fff2    00000002     
                  0000fff2    00000002     rts430_eabi.lib : int09.obj (.int09)

WDT        0    0000fff4    00000002     
                  0000fff4    00000002     rts430_eabi.lib : int10.obj (.int10)

TIMERB1    0    0000fff8    00000002     
                  0000fff8    00000002     rts430_eabi.lib : int12.obj (.int12)

TIMERB0    0    0000fffa    00000002     
                  0000fffa    00000002     rts430_eabi.lib : int13.obj (.int13)

NMI        0    0000fffc    00000002     
                  0000fffc    00000002     rts430_eabi.lib : int14.obj (.int14)

.reset     0    0000fffe    00000002     
                  0000fffe    00000002     rts430_eabi.lib : boot.obj (.reset)


LINKER GENERATED COPY TABLES

__TI_cinit_table @ 00009fc8 records: 2, size/record: 4, table size: 8
	.data: load addr=00009fae, load size=00000010 bytes, run addr=0000028a, run size=00000055 bytes, compression=rle
	.bss: load addr=00009fc4, load size=00000004 bytes, run addr=00000200, run size=0000008a bytes, compression=zero_init


LINKER GENERATED HANDLER TABLE

__TI_handler_table @ 00009fbe records: 3, size/record: 2, table size: 6
	index: 0, handler: __TI_zero_init
	index: 1, handler: __TI_decompress_rle24
	index: 2, handler: __TI_decompress_none


GLOBAL SYMBOLS: SORTED ALPHABETICALLY BY Name 

address    name
--------   ----
0000004a   ADC10AE0
0000004b   ADC10AE1
000001b0   ADC10CTL0
000001b2   ADC10CTL1
00000048   ADC10DTC0
00000049   ADC10DTC1
000001b4   ADC10MEM
000001bc   ADC10SA
00000057   BCSCTL1
00000058   BCSCTL2
00000053   BCSCTL3
00009b66   BSP_Delay
00009c14   BSP_GpioPort1Isr
00009a66   BSP_Init
00009a86   BSP_InitBoard
00009e26   BSP_InitButtons
00009e30   BSP_InitDrivers
00009d34   BSP_InitLeds
00009e90   C$$EXIT
000010fb   CALBC1_12MHZ
000010f9   CALBC1_16MHZ
000010ff   CALBC1_1MHZ
000010fd   CALBC1_8MHZ
000010fa   CALDCO_12MHZ
000010f8   CALDCO_16MHZ
000010fe   CALDCO_1MHZ
000010fc   CALDCO_8MHZ
000098a8   COM_Init
00000056   DCOCTL
00000128   FCTL1
0000012a   FCTL2
0000012c   FCTL3
00000000   IE1
00000001   IE2
00000002   IFG1
00000003   IFG2
00009c62   MRFI_DelayMs
00009a00   MRFI_EnableRxAddrFilter
00009e60   MRFI_GetRadioState
00009bc0   MRFI_GpioIsr
00008000   MRFI_Init
00009e02   MRFI_PostKillSem
00009c7a   MRFI_RandomByte
00009dae   MRFI_Receive
000093ee   MRFI_ReplyDelay
0000932a   MRFI_Rssi
00009258   MRFI_RxAddrIsFiltered
00009aa6   MRFI_RxCompleteISR
00009ac6   MRFI_RxIdle
00009a22   MRFI_RxOn
00009618   MRFI_SetLogicalChannel
00009514   MRFI_SetRFPwr
00009548   MRFI_SetRxAddrFilter
000099dc   MRFI_Sleep
00008488   MRFI_Transmit
00008fe8   MRFI_WakeUp
000000c0   OA0CTL0
000000c1   OA0CTL1
000000c2   OA1CTL0
000000c3   OA1CTL1
00000022   P1DIR
00000025   P1IE
00000024   P1IES
00000023   P1IFG
00000020   P1IN
00000021   P1OUT
00000027   P1REN
00000026   P1SEL
0000002a   P2DIR
0000002d   P2IE
0000002c   P2IES
0000002b   P2IFG
00000028   P2IN
00000029   P2OUT
0000002f   P2REN
0000002e   P2SEL
0000001a   P3DIR
00000018   P3IN
00000019   P3OUT
00000010   P3REN
0000001b   P3SEL
0000001e   P4DIR
0000001c   P4IN
0000001d   P4OUT
00000011   P4REN
0000001f   P4SEL
0000957c   SMPL_Init
000088ec   SMPL_Ioctl
00008df6   SMPL_LinkListen
00009130   SMPL_Receive
00009e58   SMPL_Send
00008d00   SMPL_SendOpt
00000172   TACCR0
00000174   TACCR1
00000176   TACCR2
00000162   TACCTL0
00000164   TACCTL1
00000166   TACCTL2
00000160   TACTL
0000012e   TAIV
00000170   TAR
00000192   TBCCR0
00000194   TBCCR1
00000196   TBCCR2
00000182   TBCCTL0
00000184   TBCCTL1
00000186   TBCCTL2
00000180   TBCTL
0000011e   TBIV
00000190   TBR
00009bdc   TXString
0000005d   UCA0ABCTL
00000062   UCA0BR0
00000063   UCA0BR1
00000060   UCA0CTL0
00000061   UCA0CTL1
0000005f   UCA0IRRCTL
0000005e   UCA0IRTCTL
00000064   UCA0MCTL
00000066   UCA0RXBUF
00000065   UCA0STAT
00000067   UCA0TXBUF
0000006a   UCB0BR0
0000006b   UCB0BR1
00000068   UCB0CTL0
00000069   UCB0CTL1
0000006c   UCB0I2CIE
00000118   UCB0I2COA
0000011a   UCB0I2CSA
0000006e   UCB0RXBUF
0000006d   UCB0STAT
0000006f   UCB0TXBUF
00009090   USCI0RX_ISR
00000120   WDTCTL
00000600   __STACK_END
00000050   __STACK_SIZE
00009fc8   __TI_CINIT_Base
00009fd0   __TI_CINIT_Limit
00009fbe   __TI_Handler_Table_Base
00009fc4   __TI_Handler_Table_Limit
UNDEFED    __TI_INITARRAY_Base
UNDEFED    __TI_INITARRAY_Limit
00009e66   __TI_ISR_TRAP
00000001   __TI_args_main
00009d46   __TI_decompress_none
00009e6c   __TI_decompress_rle24
00000001   __TI_exit
0000ffe4   __TI_int02
0000ffe6   __TI_int03
0000ffea   __TI_int05
0000ffec   __TI_int06
0000ffee   __TI_int07
0000fff0   __TI_int08
0000fff2   __TI_int09
0000fff4   __TI_int10
0000fff8   __TI_int12
0000fffa   __TI_int13
0000fffc   __TI_int14
00009cbc   __TI_zero_init
ffffffff   __binit__
ffffffff   __c_args__
00009828   __mspabi_divi
00009ca6   __mspabi_divu
00008f90   __mspabi_divul
00009daa   __mspabi_func_epilog_1
00009da8   __mspabi_func_epilog_2
00009da6   __mspabi_func_epilog_3
00009da4   __mspabi_func_epilog_4
00009da2   __mspabi_func_epilog_5
00009da0   __mspabi_func_epilog_6
00009d9e   __mspabi_func_epilog_7
00009cf8   __mspabi_mpyi
000099b6   __mspabi_mpyl
00009828   __mspabi_remi
00009ca6   __mspabi_remu
00008f90   __mspabi_remul
00009d8e   __mspabi_sral
0000917c   __mspabi_srli
000091c2   __mspabi_srli_1
0000919e   __mspabi_srli_10
0000919a   __mspabi_srli_11
00009196   __mspabi_srli_12
00009192   __mspabi_srli_13
0000918e   __mspabi_srli_14
0000918a   __mspabi_srli_15
000091be   __mspabi_srli_2
000091ba   __mspabi_srli_3
000091b6   __mspabi_srli_4
000091b2   __mspabi_srli_5
000091ae   __mspabi_srli_6
000091aa   __mspabi_srli_7
000091a6   __mspabi_srli_8
000091a2   __mspabi_srli_9
00008f32   _auto_init
00009c2e   _c_int00
00009c2e   _c_int00_noexit
0000fffe   _reset_vector
000005b0   _stack
00009e3a   _system_pre_init
00009e90   abort
ffffffff   binit
000097ce   main
00009a44   memcmp
00009d58   memcpy
00009b06   memmove
00009ce4   memset
00009fa2   mrfiBroadcastAddr
00009210   mrfiSpiCmdStrobe
000095b0   mrfiSpiInit
00009b84   mrfiSpiReadReg
00009e1a   mrfiSpiReadRxFifo
00009c48   mrfiSpiWriteReg
00009dbc   mrfiSpiWriteTxFifo
00009ba2   nwk_QInit
0000964a   nwk_QadjustOrder
0000835e   nwk_QfindOldest
00008bfc   nwk_QfindSlot
00008684   nwk_allocateLocalRxPort
00008a4a   nwk_buildFrame
0000987e   nwk_checkConnInfo
0000991e   nwk_connectionControl
000095e4   nwk_deviceAddress
00009b26   nwk_frameInit
00009e72   nwk_freeConnection
00009e9c   nwk_freqInit
00009e78   nwk_getBCastAddress
0000967c   nwk_getConnInfo
00009e7e   nwk_getFWVersion
00009466   nwk_getLocalLinkID
00009d6a   nwk_getMyAddress
00009e84   nwk_getMyRxType
000090e0   nwk_getNextConnection
00009dca   nwk_getNumObjectFromMsg
00009e8a   nwk_getProtocolVersion
00009944   nwk_globalsInit
00008e6c   nwk_isConnectionValid
0000929e   nwk_isLinkDuplicate
000094a0   nwk_isValidReply
0000858a   nwk_join
0000996a   nwk_joinInit
000096ae   nwk_linkInit
00009e44   nwk_mgmtInit
00008b76   nwk_nwkInit
00009e4e   nwk_pingInit
00009e94   nwk_processFreq
00009b46   nwk_processJoin
00009990   nwk_processLink
000094da   nwk_processMgmt
000098d0   nwk_processPing
00009e98   nwk_processSecurity
0000942a   nwk_putNumObjectIntoMsg
00008d7e   nwk_radioControl
00009740   nwk_rawReceive
0000903c   nwk_rawSend
0000883a   nwk_retrieveFrame
00009e9e   nwk_securityInit
00009770   nwk_sendFrame
00009dd8   nwk_setAPAddress
00009d7c   nwk_setLinkToken
00009de6   nwk_setListenContext
00009bf8   nwk_setMyAddress
00009df4   strlen
00009d0c   toggleLED
00009d20   trace


GLOBAL SYMBOLS: SORTED BY Symbol Address 

address    name
--------   ----
00000000   IE1
00000001   IE2
00000001   __TI_args_main
00000001   __TI_exit
00000002   IFG1
00000003   IFG2
00000010   P3REN
00000011   P4REN
00000018   P3IN
00000019   P3OUT
0000001a   P3DIR
0000001b   P3SEL
0000001c   P4IN
0000001d   P4OUT
0000001e   P4DIR
0000001f   P4SEL
00000020   P1IN
00000021   P1OUT
00000022   P1DIR
00000023   P1IFG
00000024   P1IES
00000025   P1IE
00000026   P1SEL
00000027   P1REN
00000028   P2IN
00000029   P2OUT
0000002a   P2DIR
0000002b   P2IFG
0000002c   P2IES
0000002d   P2IE
0000002e   P2SEL
0000002f   P2REN
00000048   ADC10DTC0
00000049   ADC10DTC1
0000004a   ADC10AE0
0000004b   ADC10AE1
00000050   __STACK_SIZE
00000053   BCSCTL3
00000056   DCOCTL
00000057   BCSCTL1
00000058   BCSCTL2
0000005d   UCA0ABCTL
0000005e   UCA0IRTCTL
0000005f   UCA0IRRCTL
00000060   UCA0CTL0
00000061   UCA0CTL1
00000062   UCA0BR0
00000063   UCA0BR1
00000064   UCA0MCTL
00000065   UCA0STAT
00000066   UCA0RXBUF
00000067   UCA0TXBUF
00000068   UCB0CTL0
00000069   UCB0CTL1
0000006a   UCB0BR0
0000006b   UCB0BR1
0000006c   UCB0I2CIE
0000006d   UCB0STAT
0000006e   UCB0RXBUF
0000006f   UCB0TXBUF
000000c0   OA0CTL0
000000c1   OA0CTL1
000000c2   OA1CTL0
000000c3   OA1CTL1
00000118   UCB0I2COA
0000011a   UCB0I2CSA
0000011e   TBIV
00000120   WDTCTL
00000128   FCTL1
0000012a   FCTL2
0000012c   FCTL3
0000012e   TAIV
00000160   TACTL
00000162   TACCTL0
00000164   TACCTL1
00000166   TACCTL2
00000170   TAR
00000172   TACCR0
00000174   TACCR1
00000176   TACCR2
00000180   TBCTL
00000182   TBCCTL0
00000184   TBCCTL1
00000186   TBCCTL2
00000190   TBR
00000192   TBCCR0
00000194   TBCCR1
00000196   TBCCR2
000001b0   ADC10CTL0
000001b2   ADC10CTL1
000001b4   ADC10MEM
000001bc   ADC10SA
000005b0   _stack
00000600   __STACK_END
000010f8   CALDCO_16MHZ
000010f9   CALBC1_16MHZ
000010fa   CALDCO_12MHZ
000010fb   CALBC1_12MHZ
000010fc   CALDCO_8MHZ
000010fd   CALBC1_8MHZ
000010fe   CALDCO_1MHZ
000010ff   CALBC1_1MHZ
00008000   MRFI_Init
0000835e   nwk_QfindOldest
00008488   MRFI_Transmit
0000858a   nwk_join
00008684   nwk_allocateLocalRxPort
0000883a   nwk_retrieveFrame
000088ec   SMPL_Ioctl
00008a4a   nwk_buildFrame
00008b76   nwk_nwkInit
00008bfc   nwk_QfindSlot
00008d00   SMPL_SendOpt
00008d7e   nwk_radioControl
00008df6   SMPL_LinkListen
00008e6c   nwk_isConnectionValid
00008f32   _auto_init
00008f90   __mspabi_divul
00008f90   __mspabi_remul
00008fe8   MRFI_WakeUp
0000903c   nwk_rawSend
00009090   USCI0RX_ISR
000090e0   nwk_getNextConnection
00009130   SMPL_Receive
0000917c   __mspabi_srli
0000918a   __mspabi_srli_15
0000918e   __mspabi_srli_14
00009192   __mspabi_srli_13
00009196   __mspabi_srli_12
0000919a   __mspabi_srli_11
0000919e   __mspabi_srli_10
000091a2   __mspabi_srli_9
000091a6   __mspabi_srli_8
000091aa   __mspabi_srli_7
000091ae   __mspabi_srli_6
000091b2   __mspabi_srli_5
000091b6   __mspabi_srli_4
000091ba   __mspabi_srli_3
000091be   __mspabi_srli_2
000091c2   __mspabi_srli_1
00009210   mrfiSpiCmdStrobe
00009258   MRFI_RxAddrIsFiltered
0000929e   nwk_isLinkDuplicate
0000932a   MRFI_Rssi
000093ee   MRFI_ReplyDelay
0000942a   nwk_putNumObjectIntoMsg
00009466   nwk_getLocalLinkID
000094a0   nwk_isValidReply
000094da   nwk_processMgmt
00009514   MRFI_SetRFPwr
00009548   MRFI_SetRxAddrFilter
0000957c   SMPL_Init
000095b0   mrfiSpiInit
000095e4   nwk_deviceAddress
00009618   MRFI_SetLogicalChannel
0000964a   nwk_QadjustOrder
0000967c   nwk_getConnInfo
000096ae   nwk_linkInit
00009740   nwk_rawReceive
00009770   nwk_sendFrame
000097ce   main
00009828   __mspabi_divi
00009828   __mspabi_remi
0000987e   nwk_checkConnInfo
000098a8   COM_Init
000098d0   nwk_processPing
0000991e   nwk_connectionControl
00009944   nwk_globalsInit
0000996a   nwk_joinInit
00009990   nwk_processLink
000099b6   __mspabi_mpyl
000099dc   MRFI_Sleep
00009a00   MRFI_EnableRxAddrFilter
00009a22   MRFI_RxOn
00009a44   memcmp
00009a66   BSP_Init
00009a86   BSP_InitBoard
00009aa6   MRFI_RxCompleteISR
00009ac6   MRFI_RxIdle
00009b06   memmove
00009b26   nwk_frameInit
00009b46   nwk_processJoin
00009b66   BSP_Delay
00009b84   mrfiSpiReadReg
00009ba2   nwk_QInit
00009bc0   MRFI_GpioIsr
00009bdc   TXString
00009bf8   nwk_setMyAddress
00009c14   BSP_GpioPort1Isr
00009c2e   _c_int00
00009c2e   _c_int00_noexit
00009c48   mrfiSpiWriteReg
00009c62   MRFI_DelayMs
00009c7a   MRFI_RandomByte
00009ca6   __mspabi_divu
00009ca6   __mspabi_remu
00009cbc   __TI_zero_init
00009ce4   memset
00009cf8   __mspabi_mpyi
00009d0c   toggleLED
00009d20   trace
00009d34   BSP_InitLeds
00009d46   __TI_decompress_none
00009d58   memcpy
00009d6a   nwk_getMyAddress
00009d7c   nwk_setLinkToken
00009d8e   __mspabi_sral
00009d9e   __mspabi_func_epilog_7
00009da0   __mspabi_func_epilog_6
00009da2   __mspabi_func_epilog_5
00009da4   __mspabi_func_epilog_4
00009da6   __mspabi_func_epilog_3
00009da8   __mspabi_func_epilog_2
00009daa   __mspabi_func_epilog_1
00009dae   MRFI_Receive
00009dbc   mrfiSpiWriteTxFifo
00009dca   nwk_getNumObjectFromMsg
00009dd8   nwk_setAPAddress
00009de6   nwk_setListenContext
00009df4   strlen
00009e02   MRFI_PostKillSem
00009e1a   mrfiSpiReadRxFifo
00009e26   BSP_InitButtons
00009e30   BSP_InitDrivers
00009e3a   _system_pre_init
00009e44   nwk_mgmtInit
00009e4e   nwk_pingInit
00009e58   SMPL_Send
00009e60   MRFI_GetRadioState
00009e66   __TI_ISR_TRAP
00009e6c   __TI_decompress_rle24
00009e72   nwk_freeConnection
00009e78   nwk_getBCastAddress
00009e7e   nwk_getFWVersion
00009e84   nwk_getMyRxType
00009e8a   nwk_getProtocolVersion
00009e90   C$$EXIT
00009e90   abort
00009e94   nwk_processFreq
00009e98   nwk_processSecurity
00009e9c   nwk_freqInit
00009e9e   nwk_securityInit
00009fa2   mrfiBroadcastAddr
00009fbe   __TI_Handler_Table_Base
00009fc4   __TI_Handler_Table_Limit
00009fc8   __TI_CINIT_Base
00009fd0   __TI_CINIT_Limit
0000ffe4   __TI_int02
0000ffe6   __TI_int03
0000ffea   __TI_int05
0000ffec   __TI_int06
0000ffee   __TI_int07
0000fff0   __TI_int08
0000fff2   __TI_int09
0000fff4   __TI_int10
0000fff8   __TI_int12
0000fffa   __TI_int13
0000fffc   __TI_int14
0000fffe   _reset_vector
ffffffff   __binit__
ffffffff   __c_args__
ffffffff   binit
UNDEFED    __TI_INITARRAY_Base
UNDEFED    __TI_INITARRAY_Limit

[264 symbols]
