******************************************************************************
                  MSP430 Linker PC v4.3.3                      
******************************************************************************
>> Linked Sat Sep 13 20:08:55 2014

OUTPUT FILE NAME:   <TestSimpl.out>
ENTRY POINT SYMBOL: "_c_int00"  address: 00009c8a


MEMORY CONFIGURATION

         name            origin    length      used     unused   attr    fill
----------------------  --------  ---------  --------  --------  ----  --------
  SFR                   00000000   00000010  00000000  00000010  RWIX
  PERIPHERALS_8BIT      00000010   000000f0  00000000  000000f0  RWIX
  PERIPHERALS_16BIT     00000100   00000100  00000000  00000100  RWIX
  RAM                   00000200   00000400  00000132  000002ce  RWIX
  INFOD                 00001000   00000040  00000000  00000040  RWIX
  INFOC                 00001040   00000040  00000000  00000040  RWIX
  INFOB                 00001080   00000040  00000000  00000040  RWIX
  INFOA                 000010c0   00000040  00000000  00000040  RWIX
  FLASH                 00008000   00007fde  00001f5b  00006083  RWIX
  INT00                 0000ffe0   00000002  00000000  00000002  RWIX
  INT01                 0000ffe2   00000002  00000000  00000002  RWIX
  INT02                 0000ffe4   00000002  00000002  00000000  RWIX
  INT03                 0000ffe6   00000002  00000002  00000000  RWIX
  INT04                 0000ffe8   00000002  00000000  00000002  RWIX
  INT05                 0000ffea   00000002  00000002  00000000  RWIX
  INT06                 0000ffec   00000002  00000002  00000000  RWIX
  INT07                 0000ffee   00000002  00000002  00000000  RWIX
  INT08                 0000fff0   00000002  00000002  00000000  RWIX
  INT09                 0000fff2   00000002  00000002  00000000  RWIX
  INT10                 0000fff4   00000002  00000002  00000000  RWIX
  INT11                 0000fff6   00000002  00000000  00000002  RWIX
  INT12                 0000fff8   00000002  00000002  00000000  RWIX
  INT13                 0000fffa   00000002  00000002  00000000  RWIX
  INT14                 0000fffc   00000002  00000002  00000000  RWIX
  RESET                 0000fffe   00000002  00000002  00000000  RWIX


SECTION ALLOCATION MAP

 output                                  attributes/
section   page    origin      length       input sections
--------  ----  ----------  ----------   ----------------
.init_array 
*          0    00008000    00000000     UNINITIALIZED

.bss       0    00000200    0000008f     UNINITIALIZED
                  00000200    00000034     (.common:sInFrameQ)
                  00000234    00000034     (.common:sOutFrameQ)
                  00000268    00000018     (.common:mrfiIncomingPacket)
                  00000280    00000004     (.common:sAPAddress)
                  00000284    00000004     (.common:sMyRAMAddress)
                  00000288    00000004     (.common:txMsg)
                  0000028c    00000002     (.common:sServiceLinkID)
                  0000028e    00000001     (.common:rxMsg)

.TI.noinit 
*          0    00000200    00000000     UNINITIALIZED

.data      0    00000290    00000053     UNINITIALIZED
                  00000290    00000026     nwk.obj (.data)
                  000002b6    00000009     mrfi.obj (.data)
                  000002bf    00000001     bsp.obj (.data)
                  000002c0    00000008     nwk_frame.obj (.data)
                  000002c8    00000007     nwk_join.obj (.data)
                  000002cf    00000001     nwk_api.obj (.data)
                  000002d0    00000007     nwk_link.obj (.data)
                  000002d7    00000001     nwk_globals.obj (.data)
                  000002d8    00000004     mrfi.obj (.data:mrfiRxFilterAddr)
                  000002dc    00000003     main_ed.obj (.data)
                  000002df    00000001     nwk_ping.obj (.data)
                  000002e0    00000003     nwk_mgmt.obj (.data)

.TI.persistent 
*          0    00000290    00000000     UNINITIALIZED

.stack     0    000005b0    00000050     UNINITIALIZED
                  000005b0    00000002     rts430_eabi.lib : boot.obj (.stack)
                  000005b2    0000004e     --HOLE--

.text      0    00008000    00001ede     
                  00008000    000001c6     mrfi.obj (.text:MRFI_Init)
                  000081c6    00000198     nwk_link.obj (.text:smpl_send_link_reply)
                  0000835e    00000158     nwk_link.obj (.text:nwk_link)
                  000084b6    0000012a     nwk_QMgmt.obj (.text:nwk_QfindOldest)
                  000085e0    00000102     mrfi.obj (.text:MRFI_Transmit)
                  000086e2    000000fa     nwk_join.obj (.text:nwk_join)
                  000087dc    000000e2     main_ed.obj (.text:sRxCallback)
                  000088be    000000de     nwk.obj (.text:nwk_allocateLocalRxPort)
                  0000899c    000000d8     mrfi.obj (.text:Mrfi_SyncPinRxIsr)
                  00008a74    000000b2     nwk_frame.obj (.text:nwk_retrieveFrame)
                  00008b26    000000b0     nwk_api.obj (.text:SMPL_Ioctl)
                  00008bd6    000000ae     nwk_frame.obj (.text:dispatchFrame)
                  00008c84    0000009e     nwk_frame.obj (.text:nwk_buildFrame)
                  00008d22    00000086     nwk.obj (.text:nwk_nwkInit)
                  00008da8    00000082     nwk_QMgmt.obj (.text:nwk_QfindSlot)
                  00008e2a    00000082     mrfi.obj (.text:spiBurstFifoAccess)
                  00008eac    0000007e     nwk_api.obj (.text:SMPL_SendOpt)
                  00008f2a    00000078     nwk_ioctl.obj (.text:nwk_radioControl)
                  00008fa2    0000006a     main_ed.obj (.text:ed_loop)
                  0000900c    00000068     nwk.obj (.text:nwk_isConnectionValid)
                  00009074    0000005e     rts430_eabi.lib : copy_decompress_rle.obj (.text:__TI_decompress_rle_core)
                  000090d2    0000005e                     : autoinit.obj (.text:_auto_init)
                  00009130    00000058                     : div32u.obj (.text)
                  00009188    00000054     mrfi.obj (.text:MRFI_WakeUp)
                  000091dc    00000054     nwk_ioctl.obj (.text:nwk_rawSend)
                  00009230    00000050     nwk.obj (.text:nwk_getNextConnection)
                  00009280    0000004c     nwk_api.obj (.text:SMPL_Receive)
                  000092cc    0000004c     rts430_eabi.lib : lsr16.obj (.text)
                  00009318    00000048     mrfi.obj (.text:mrfiSpiCmdStrobe)
                  00009360    00000046     mrfi.obj (.text:MRFI_RxAddrIsFiltered)
                  000093a6    00000046     nwk.obj (.text:nwk_isLinkDuplicate)
                  000093ec    00000046     nwk_ping.obj (.text:smpl_send_ping_reply)
                  00009432    00000044     mrfi.obj (.text:MRFI_Rssi)
                  00009476    00000042     mrfi.obj (.text:spiRegAccess)
                  000094b8    0000003e     nwk.obj (.text:initializeConnection)
                  000094f6    0000003c     mrfi.obj (.text:MRFI_ReplyDelay)
                  00009532    0000003c     nwk.obj (.text:nwk_putNumObjectIntoMsg)
                  0000956e    0000003a     nwk.obj (.text:nwk_isValidReply)
                  000095a8    0000003a     nwk_mgmt.obj (.text:nwk_processMgmt)
                  000095e2    00000034     mrfi.obj (.text:MRFI_SetRFPwr)
                  00009616    00000034     mrfi.obj (.text:MRFI_SetRxAddrFilter)
                  0000964a    00000034     nwk_api.obj (.text:SMPL_Init)
                  0000967e    00000034     mrfi.obj (.text:mrfiSpiInit)
                  000096b2    00000034     nwk_ioctl.obj (.text:nwk_deviceAddress)
                  000096e6    00000032     mrfi.obj (.text:MRFI_SetLogicalChannel)
                  00009718    00000032     nwk_QMgmt.obj (.text:nwk_QadjustOrder)
                  0000974a    00000032     nwk.obj (.text:nwk_getConnInfo)
                  0000977c    00000032     nwk_link.obj (.text:nwk_linkInit)
                  000097ae    00000030     mrfi.obj (.text:Mrfi_DelayUsecSem)
                  000097de    00000030     nwk.obj (.text:map_lid2idx)
                  0000980e    00000030     nwk_ioctl.obj (.text:nwk_rawReceive)
                  0000983e    00000030     nwk_frame.obj (.text:nwk_sendFrame)
                  0000986e    0000002e     mrfi.obj (.text:Mrfi_CalculateRssi)
                  0000989c    0000002c     mrfi.obj (.text:Mrfi_RxModeOff)
                  000098c8    0000002c     rts430_eabi.lib : div16s.obj (.text)
                  000098f4    0000002a     mrfi.obj (.text:Mrfi_DelayUsec)
                  0000991e    0000002a     nwk.obj (.text:nwk_checkConnInfo)
                  00009948    00000028     nwk_ping.obj (.text:nwk_processPing)
                  00009970    00000026     mrfi.obj (.text:Mrfi_RandomBackoffDelay)
                  00009996    00000026     nwk_ioctl.obj (.text:nwk_connectionControl)
                  000099bc    00000026     nwk_globals.obj (.text:nwk_globalsInit)
                  000099e2    00000026     nwk_join.obj (.text:nwk_joinInit)
                  00009a08    00000026     nwk_link.obj (.text:nwk_processLink)
                  00009a2e    00000026     rts430_eabi.lib : mult32.obj (.text)
                  00009a54    00000024     mrfi.obj (.text:MRFI_Sleep)
                  00009a78    00000022     mrfi.obj (.text:MRFI_EnableRxAddrFilter)
                  00009a9a    00000022     mrfi.obj (.text:MRFI_RxOn)
                  00009abc    00000022     rts430_eabi.lib : memcmp.obj (.text:memcmp)
                  00009ade    00000020     bsp.obj (.text:BSP_Init)
                  00009afe    00000020     bsp.obj (.text:BSP_InitBoard)
                  00009b1e    00000020     nwk_frame.obj (.text:MRFI_RxCompleteISR)
                  00009b3e    00000020     mrfi.obj (.text:MRFI_RxIdle)
                  00009b5e    00000020     nwk_link.obj (.text:handleLinkRequest)
                  00009b7e    00000020     rts430_eabi.lib : memmov.obj (.text:memmove)
                  00009b9e    00000020     nwk_frame.obj (.text:nwk_frameInit)
                  00009bbe    00000020     nwk_join.obj (.text:nwk_processJoin)
                  00009bde    0000001e     bsp.obj (.text:BSP_Delay)
                  00009bfc    0000001e     mrfi.obj (.text:mrfiSpiReadReg)
                  00009c1a    0000001e     nwk_QMgmt.obj (.text:nwk_QInit)
                  00009c38    0000001c     mrfi.obj (.text:MRFI_GpioIsr)
                  00009c54    0000001c     nwk_globals.obj (.text:nwk_setMyAddress)
                  00009c70    0000001a     mrfi.obj (.text:BSP_GpioPort1Isr)
                  00009c8a    0000001a     rts430_eabi.lib : boot.obj (.text:_c_int00_noexit)
                  00009ca4    0000001a     mrfi.obj (.text:mrfiSpiWriteReg)
                  00009cbe    00000018     mrfi.obj (.text:MRFI_DelayMs)
                  00009cd6    00000016     mrfi.obj (.text:MRFI_RandomByte)
                  00009cec    00000016     mrfi.obj (.text:Mrfi_RxModeOn)
                  00009d02    00000016     rts430_eabi.lib : div16u.obj (.text)
                  00009d18    00000014                     : copy_zero_init.obj (.text:decompress:ZI:__TI_zero_init)
                  00009d2c    00000014     nwk_api.obj (.text:ioctlPreInitAccessIsOK)
                  00009d40    00000014     rts430_eabi.lib : memset.obj (.text:memset)
                  00009d54    00000014                     : mult16.obj (.text)
                  00009d68    00000014     helpers.obj (.text:toggleLED)
                  00009d7c    00000012     bsp.obj (.text:BSP_InitLeds)
                  00009d8e    00000012     rts430_eabi.lib : copy_decompress_none.obj (.text:decompress:none:__TI_decompress_none)
                  00009da0    00000012     main_ed.obj (.text:main)
                  00009db2    00000012     rts430_eabi.lib : memcpy.obj (.text:memcpy)
                  00009dc4    00000012     nwk_globals.obj (.text:nwk_getMyAddress)
                  00009dd6    00000012     nwk_link.obj (.text:nwk_setLinkToken)
                  00009de8    00000010     rts430_eabi.lib : asr32.obj (.text:l_asr)
                  00009df8    00000010                     : epilog.obj (.text)
                  00009e08    0000000e     mrfi.obj (.text:MRFI_Receive)
                  00009e16    0000000e     mrfi.obj (.text:mrfiSpiWriteTxFifo)
                  00009e24    0000000e     nwk.obj (.text:nwk_getNumObjectFromMsg)
                  00009e32    0000000e     nwk_globals.obj (.text:nwk_setAPAddress)
                  00009e40    0000000c     mrfi.obj (.text:MRFI_PostKillSem)
                  00009e4c    0000000c     nwk_ping.obj (.text:handlePingRequest)
                  00009e58    0000000c     mrfi.obj (.text:mrfiSpiReadRxFifo)
                  00009e64    0000000a     bsp.obj (.text:BSP_InitButtons)
                  00009e6e    0000000a     bsp.obj (.text:BSP_InitDrivers)
                  00009e78    0000000a     bsp.obj (.text:_system_pre_init)
                  00009e82    0000000a     nwk_mgmt.obj (.text:nwk_mgmtInit)
                  00009e8c    0000000a     nwk_ping.obj (.text:nwk_pingInit)
                  00009e96    00000008     nwk_api.obj (.text:SMPL_Send)
                  00009e9e    00000006     mrfi.obj (.text:MRFI_GetRadioState)
                  00009ea4    00000006     rts430_eabi.lib : isr_trap.obj (.text:__TI_ISR_TRAP)
                  00009eaa    00000006                     : copy_decompress_rle.obj (.text:decompress:rle24:__TI_decompress_rle24)
                  00009eb0    00000006     nwk.obj (.text:nwk_freeConnection)
                  00009eb6    00000006     nwk_globals.obj (.text:nwk_getBCastAddress)
                  00009ebc    00000006     nwk_globals.obj (.text:nwk_getFWVersion)
                  00009ec2    00000006     nwk_frame.obj (.text:nwk_getMyRxType)
                  00009ec8    00000006     nwk_globals.obj (.text:nwk_getProtocolVersion)
                  00009ece    00000004     rts430_eabi.lib : exit.obj (.text:abort)
                  00009ed2    00000004     nwk_freq.obj (.text:nwk_processFreq)
                  00009ed6    00000004     nwk_security.obj (.text:nwk_processSecurity)
                  00009eda    00000002     nwk_freq.obj (.text:nwk_freqInit)
                  00009edc    00000002     nwk_security.obj (.text:nwk_securityInit)

.const     0    00009ede    0000005d     
                  00009ede    0000003c     mrfi.obj (.const:mrfiRadioCfg)
                  00009f1a    0000000c     nwk_frame.obj (.const:func)
                  00009f26    00000009     nwk_globals.obj (.const)
                  00009f2f    00000001     --HOLE-- [fill = 0]
                  00009f30    00000004     mrfi.obj (.const:.string:mrfiBroadcastAddr)
                  00009f34    00000004     mrfi.obj (.const:.string:mrfiLogicalChanTable)
                  00009f38    00000003     mrfi.obj (.const:.string:mrfiRFPowerTable)

.cinit     0    00009f3c    00000020     
                  00009f3c    0000000e     (.cinit..data.load) [load image, compression = rle]
                  00009f4a    00000006     (__TI_handler_table)
                  00009f50    00000004     (.cinit..bss.load) [load image, compression = zero_init]
                  00009f54    00000008     (__TI_cinit_table)

PORT1      0    0000ffe4    00000002     
                  0000ffe4    00000002     rts430_eabi.lib : int02.obj (.int02)

PORT2      0    0000ffe6    00000002     
                  0000ffe6    00000002     mrfi.obj (.int03)

ADC10      0    0000ffea    00000002     
                  0000ffea    00000002     rts430_eabi.lib : int05.obj (.int05)

USCIAB0TX 
*          0    0000ffec    00000002     
                  0000ffec    00000002     rts430_eabi.lib : int06.obj (.int06)

USCIAB0RX 
*          0    0000ffee    00000002     
                  0000ffee    00000002     rts430_eabi.lib : int07.obj (.int07)

TIMERA1    0    0000fff0    00000002     
                  0000fff0    00000002     rts430_eabi.lib : int08.obj (.int08)

TIMERA0    0    0000fff2    00000002     
                  0000fff2    00000002     rts430_eabi.lib : int09.obj (.int09)

WDT        0    0000fff4    00000002     
                  0000fff4    00000002     rts430_eabi.lib : int10.obj (.int10)

TIMERB1    0    0000fff8    00000002     
                  0000fff8    00000002     rts430_eabi.lib : int12.obj (.int12)

TIMERB0    0    0000fffa    00000002     
                  0000fffa    00000002     rts430_eabi.lib : int13.obj (.int13)

NMI        0    0000fffc    00000002     
                  0000fffc    00000002     rts430_eabi.lib : int14.obj (.int14)

.reset     0    0000fffe    00000002     
                  0000fffe    00000002     rts430_eabi.lib : boot.obj (.reset)


LINKER GENERATED COPY TABLES

__TI_cinit_table @ 00009f54 records: 2, size/record: 4, table size: 8
	.data: load addr=00009f3c, load size=0000000e bytes, run addr=00000290, run size=00000053 bytes, compression=rle
	.bss: load addr=00009f50, load size=00000004 bytes, run addr=00000200, run size=0000008f bytes, compression=zero_init


LINKER GENERATED HANDLER TABLE

__TI_handler_table @ 00009f4a records: 3, size/record: 2, table size: 6
	index: 0, handler: __TI_zero_init
	index: 1, handler: __TI_decompress_rle24
	index: 2, handler: __TI_decompress_none


GLOBAL SYMBOLS: SORTED ALPHABETICALLY BY Name 

address    name
--------   ----
0000004a   ADC10AE0
0000004b   ADC10AE1
000001b0   ADC10CTL0
000001b2   ADC10CTL1
00000048   ADC10DTC0
00000049   ADC10DTC1
000001b4   ADC10MEM
000001bc   ADC10SA
00000057   BCSCTL1
00000058   BCSCTL2
00000053   BCSCTL3
00009bde   BSP_Delay
00009c70   BSP_GpioPort1Isr
00009ade   BSP_Init
00009afe   BSP_InitBoard
00009e64   BSP_InitButtons
00009e6e   BSP_InitDrivers
00009d7c   BSP_InitLeds
00009ece   C$$EXIT
000010fb   CALBC1_12MHZ
000010f9   CALBC1_16MHZ
000010ff   CALBC1_1MHZ
000010fd   CALBC1_8MHZ
000010fa   CALDCO_12MHZ
000010f8   CALDCO_16MHZ
000010fe   CALDCO_1MHZ
000010fc   CALDCO_8MHZ
00000056   DCOCTL
00000128   FCTL1
0000012a   FCTL2
0000012c   FCTL3
00000000   IE1
00000001   IE2
00000002   IFG1
00000003   IFG2
00009cbe   MRFI_DelayMs
00009a78   MRFI_EnableRxAddrFilter
00009e9e   MRFI_GetRadioState
00009c38   MRFI_GpioIsr
00008000   MRFI_Init
00009e40   MRFI_PostKillSem
00009cd6   MRFI_RandomByte
00009e08   MRFI_Receive
000094f6   MRFI_ReplyDelay
00009432   MRFI_Rssi
00009360   MRFI_RxAddrIsFiltered
00009b1e   MRFI_RxCompleteISR
00009b3e   MRFI_RxIdle
00009a9a   MRFI_RxOn
000096e6   MRFI_SetLogicalChannel
000095e2   MRFI_SetRFPwr
00009616   MRFI_SetRxAddrFilter
00009a54   MRFI_Sleep
000085e0   MRFI_Transmit
00009188   MRFI_WakeUp
000000c0   OA0CTL0
000000c1   OA0CTL1
000000c2   OA1CTL0
000000c3   OA1CTL1
00000022   P1DIR
00000025   P1IE
00000024   P1IES
00000023   P1IFG
00000020   P1IN
00000021   P1OUT
00000027   P1REN
00000026   P1SEL
0000002a   P2DIR
0000002d   P2IE
0000002c   P2IES
0000002b   P2IFG
00000028   P2IN
00000029   P2OUT
0000002f   P2REN
0000002e   P2SEL
0000001a   P3DIR
00000018   P3IN
00000019   P3OUT
00000010   P3REN
0000001b   P3SEL
0000001e   P4DIR
0000001c   P4IN
0000001d   P4OUT
00000011   P4REN
0000001f   P4SEL
0000964a   SMPL_Init
00008b26   SMPL_Ioctl
0000835e   SMPL_Link
00009280   SMPL_Receive
00009e96   SMPL_Send
00008eac   SMPL_SendOpt
00000172   TACCR0
00000174   TACCR1
00000176   TACCR2
00000162   TACCTL0
00000164   TACCTL1
00000166   TACCTL2
00000160   TACTL
0000012e   TAIV
00000170   TAR
00000192   TBCCR0
00000194   TBCCR1
00000196   TBCCR2
00000182   TBCCTL0
00000184   TBCCTL1
00000186   TBCCTL2
00000180   TBCTL
0000011e   TBIV
00000190   TBR
0000005d   UCA0ABCTL
00000062   UCA0BR0
00000063   UCA0BR1
00000060   UCA0CTL0
00000061   UCA0CTL1
0000005f   UCA0IRRCTL
0000005e   UCA0IRTCTL
00000064   UCA0MCTL
00000066   UCA0RXBUF
00000065   UCA0STAT
00000067   UCA0TXBUF
0000006a   UCB0BR0
0000006b   UCB0BR1
00000068   UCB0CTL0
00000069   UCB0CTL1
0000006c   UCB0I2CIE
00000118   UCB0I2COA
0000011a   UCB0I2CSA
0000006e   UCB0RXBUF
0000006d   UCB0STAT
0000006f   UCB0TXBUF
00000120   WDTCTL
00000600   __STACK_END
00000050   __STACK_SIZE
00009f54   __TI_CINIT_Base
00009f5c   __TI_CINIT_Limit
00009f4a   __TI_Handler_Table_Base
00009f50   __TI_Handler_Table_Limit
UNDEFED    __TI_INITARRAY_Base
UNDEFED    __TI_INITARRAY_Limit
00009ea4   __TI_ISR_TRAP
00000001   __TI_args_main
00009d8e   __TI_decompress_none
00009eaa   __TI_decompress_rle24
00000001   __TI_exit
0000ffe4   __TI_int02
0000ffe6   __TI_int03
0000ffea   __TI_int05
0000ffec   __TI_int06
0000ffee   __TI_int07
0000fff0   __TI_int08
0000fff2   __TI_int09
0000fff4   __TI_int10
0000fff8   __TI_int12
0000fffa   __TI_int13
0000fffc   __TI_int14
00009d18   __TI_zero_init
ffffffff   __binit__
ffffffff   __c_args__
000098c8   __mspabi_divi
00009d02   __mspabi_divu
00009130   __mspabi_divul
00009e04   __mspabi_func_epilog_1
00009e02   __mspabi_func_epilog_2
00009e00   __mspabi_func_epilog_3
00009dfe   __mspabi_func_epilog_4
00009dfc   __mspabi_func_epilog_5
00009dfa   __mspabi_func_epilog_6
00009df8   __mspabi_func_epilog_7
00009d54   __mspabi_mpyi
00009a2e   __mspabi_mpyl
000098c8   __mspabi_remi
00009d02   __mspabi_remu
00009130   __mspabi_remul
00009de8   __mspabi_sral
000092cc   __mspabi_srli
00009312   __mspabi_srli_1
000092ee   __mspabi_srli_10
000092ea   __mspabi_srli_11
000092e6   __mspabi_srli_12
000092e2   __mspabi_srli_13
000092de   __mspabi_srli_14
000092da   __mspabi_srli_15
0000930e   __mspabi_srli_2
0000930a   __mspabi_srli_3
00009306   __mspabi_srli_4
00009302   __mspabi_srli_5
000092fe   __mspabi_srli_6
000092fa   __mspabi_srli_7
000092f6   __mspabi_srli_8
000092f2   __mspabi_srli_9
000090d2   _auto_init
00009c8a   _c_int00
00009c8a   _c_int00_noexit
0000fffe   _reset_vector
000005b0   _stack
00009e78   _system_pre_init
00009ece   abort
ffffffff   binit
000002dc   commandToProcess
00009da0   main
00009abc   memcmp
00009db2   memcpy
00009b7e   memmove
00009d40   memset
00009f30   mrfiBroadcastAddr
00009318   mrfiSpiCmdStrobe
0000967e   mrfiSpiInit
00009bfc   mrfiSpiReadReg
00009e58   mrfiSpiReadRxFifo
00009ca4   mrfiSpiWriteReg
00009e16   mrfiSpiWriteTxFifo
00009c1a   nwk_QInit
00009718   nwk_QadjustOrder
000084b6   nwk_QfindOldest
00008da8   nwk_QfindSlot
000088be   nwk_allocateLocalRxPort
00008c84   nwk_buildFrame
0000991e   nwk_checkConnInfo
00009996   nwk_connectionControl
000096b2   nwk_deviceAddress
00009b9e   nwk_frameInit
00009eb0   nwk_freeConnection
00009eda   nwk_freqInit
00009eb6   nwk_getBCastAddress
0000974a   nwk_getConnInfo
00009ebc   nwk_getFWVersion
00009dc4   nwk_getMyAddress
00009ec2   nwk_getMyRxType
00009230   nwk_getNextConnection
00009e24   nwk_getNumObjectFromMsg
00009ec8   nwk_getProtocolVersion
000099bc   nwk_globalsInit
0000900c   nwk_isConnectionValid
000093a6   nwk_isLinkDuplicate
0000956e   nwk_isValidReply
000086e2   nwk_join
000099e2   nwk_joinInit
0000835e   nwk_link
0000977c   nwk_linkInit
00009e82   nwk_mgmtInit
00008d22   nwk_nwkInit
00009e8c   nwk_pingInit
00009ed2   nwk_processFreq
00009bbe   nwk_processJoin
00009a08   nwk_processLink
000095a8   nwk_processMgmt
00009948   nwk_processPing
00009ed6   nwk_processSecurity
00009532   nwk_putNumObjectIntoMsg
00008f2a   nwk_radioControl
0000980e   nwk_rawReceive
000091dc   nwk_rawSend
00008a74   nwk_retrieveFrame
00009edc   nwk_securityInit
0000983e   nwk_sendFrame
00009e32   nwk_setAPAddress
00009dd6   nwk_setLinkToken
00009c54   nwk_setMyAddress
0000028e   rxMsg
00009d68   toggleLED
00000288   txMsg


GLOBAL SYMBOLS: SORTED BY Symbol Address 

address    name
--------   ----
00000000   IE1
00000001   IE2
00000001   __TI_args_main
00000001   __TI_exit
00000002   IFG1
00000003   IFG2
00000010   P3REN
00000011   P4REN
00000018   P3IN
00000019   P3OUT
0000001a   P3DIR
0000001b   P3SEL
0000001c   P4IN
0000001d   P4OUT
0000001e   P4DIR
0000001f   P4SEL
00000020   P1IN
00000021   P1OUT
00000022   P1DIR
00000023   P1IFG
00000024   P1IES
00000025   P1IE
00000026   P1SEL
00000027   P1REN
00000028   P2IN
00000029   P2OUT
0000002a   P2DIR
0000002b   P2IFG
0000002c   P2IES
0000002d   P2IE
0000002e   P2SEL
0000002f   P2REN
00000048   ADC10DTC0
00000049   ADC10DTC1
0000004a   ADC10AE0
0000004b   ADC10AE1
00000050   __STACK_SIZE
00000053   BCSCTL3
00000056   DCOCTL
00000057   BCSCTL1
00000058   BCSCTL2
0000005d   UCA0ABCTL
0000005e   UCA0IRTCTL
0000005f   UCA0IRRCTL
00000060   UCA0CTL0
00000061   UCA0CTL1
00000062   UCA0BR0
00000063   UCA0BR1
00000064   UCA0MCTL
00000065   UCA0STAT
00000066   UCA0RXBUF
00000067   UCA0TXBUF
00000068   UCB0CTL0
00000069   UCB0CTL1
0000006a   UCB0BR0
0000006b   UCB0BR1
0000006c   UCB0I2CIE
0000006d   UCB0STAT
0000006e   UCB0RXBUF
0000006f   UCB0TXBUF
000000c0   OA0CTL0
000000c1   OA0CTL1
000000c2   OA1CTL0
000000c3   OA1CTL1
00000118   UCB0I2COA
0000011a   UCB0I2CSA
0000011e   TBIV
00000120   WDTCTL
00000128   FCTL1
0000012a   FCTL2
0000012c   FCTL3
0000012e   TAIV
00000160   TACTL
00000162   TACCTL0
00000164   TACCTL1
00000166   TACCTL2
00000170   TAR
00000172   TACCR0
00000174   TACCR1
00000176   TACCR2
00000180   TBCTL
00000182   TBCCTL0
00000184   TBCCTL1
00000186   TBCCTL2
00000190   TBR
00000192   TBCCR0
00000194   TBCCR1
00000196   TBCCR2
000001b0   ADC10CTL0
000001b2   ADC10CTL1
000001b4   ADC10MEM
000001bc   ADC10SA
00000288   txMsg
0000028e   rxMsg
000002dc   commandToProcess
000005b0   _stack
00000600   __STACK_END
000010f8   CALDCO_16MHZ
000010f9   CALBC1_16MHZ
000010fa   CALDCO_12MHZ
000010fb   CALBC1_12MHZ
000010fc   CALDCO_8MHZ
000010fd   CALBC1_8MHZ
000010fe   CALDCO_1MHZ
000010ff   CALBC1_1MHZ
00008000   MRFI_Init
0000835e   SMPL_Link
0000835e   nwk_link
000084b6   nwk_QfindOldest
000085e0   MRFI_Transmit
000086e2   nwk_join
000088be   nwk_allocateLocalRxPort
00008a74   nwk_retrieveFrame
00008b26   SMPL_Ioctl
00008c84   nwk_buildFrame
00008d22   nwk_nwkInit
00008da8   nwk_QfindSlot
00008eac   SMPL_SendOpt
00008f2a   nwk_radioControl
0000900c   nwk_isConnectionValid
000090d2   _auto_init
00009130   __mspabi_divul
00009130   __mspabi_remul
00009188   MRFI_WakeUp
000091dc   nwk_rawSend
00009230   nwk_getNextConnection
00009280   SMPL_Receive
000092cc   __mspabi_srli
000092da   __mspabi_srli_15
000092de   __mspabi_srli_14
000092e2   __mspabi_srli_13
000092e6   __mspabi_srli_12
000092ea   __mspabi_srli_11
000092ee   __mspabi_srli_10
000092f2   __mspabi_srli_9
000092f6   __mspabi_srli_8
000092fa   __mspabi_srli_7
000092fe   __mspabi_srli_6
00009302   __mspabi_srli_5
00009306   __mspabi_srli_4
0000930a   __mspabi_srli_3
0000930e   __mspabi_srli_2
00009312   __mspabi_srli_1
00009318   mrfiSpiCmdStrobe
00009360   MRFI_RxAddrIsFiltered
000093a6   nwk_isLinkDuplicate
00009432   MRFI_Rssi
000094f6   MRFI_ReplyDelay
00009532   nwk_putNumObjectIntoMsg
0000956e   nwk_isValidReply
000095a8   nwk_processMgmt
000095e2   MRFI_SetRFPwr
00009616   MRFI_SetRxAddrFilter
0000964a   SMPL_Init
0000967e   mrfiSpiInit
000096b2   nwk_deviceAddress
000096e6   MRFI_SetLogicalChannel
00009718   nwk_QadjustOrder
0000974a   nwk_getConnInfo
0000977c   nwk_linkInit
0000980e   nwk_rawReceive
0000983e   nwk_sendFrame
000098c8   __mspabi_divi
000098c8   __mspabi_remi
0000991e   nwk_checkConnInfo
00009948   nwk_processPing
00009996   nwk_connectionControl
000099bc   nwk_globalsInit
000099e2   nwk_joinInit
00009a08   nwk_processLink
00009a2e   __mspabi_mpyl
00009a54   MRFI_Sleep
00009a78   MRFI_EnableRxAddrFilter
00009a9a   MRFI_RxOn
00009abc   memcmp
00009ade   BSP_Init
00009afe   BSP_InitBoard
00009b1e   MRFI_RxCompleteISR
00009b3e   MRFI_RxIdle
00009b7e   memmove
00009b9e   nwk_frameInit
00009bbe   nwk_processJoin
00009bde   BSP_Delay
00009bfc   mrfiSpiReadReg
00009c1a   nwk_QInit
00009c38   MRFI_GpioIsr
00009c54   nwk_setMyAddress
00009c70   BSP_GpioPort1Isr
00009c8a   _c_int00
00009c8a   _c_int00_noexit
00009ca4   mrfiSpiWriteReg
00009cbe   MRFI_DelayMs
00009cd6   MRFI_RandomByte
00009d02   __mspabi_divu
00009d02   __mspabi_remu
00009d18   __TI_zero_init
00009d40   memset
00009d54   __mspabi_mpyi
00009d68   toggleLED
00009d7c   BSP_InitLeds
00009d8e   __TI_decompress_none
00009da0   main
00009db2   memcpy
00009dc4   nwk_getMyAddress
00009dd6   nwk_setLinkToken
00009de8   __mspabi_sral
00009df8   __mspabi_func_epilog_7
00009dfa   __mspabi_func_epilog_6
00009dfc   __mspabi_func_epilog_5
00009dfe   __mspabi_func_epilog_4
00009e00   __mspabi_func_epilog_3
00009e02   __mspabi_func_epilog_2
00009e04   __mspabi_func_epilog_1
00009e08   MRFI_Receive
00009e16   mrfiSpiWriteTxFifo
00009e24   nwk_getNumObjectFromMsg
00009e32   nwk_setAPAddress
00009e40   MRFI_PostKillSem
00009e58   mrfiSpiReadRxFifo
00009e64   BSP_InitButtons
00009e6e   BSP_InitDrivers
00009e78   _system_pre_init
00009e82   nwk_mgmtInit
00009e8c   nwk_pingInit
00009e96   SMPL_Send
00009e9e   MRFI_GetRadioState
00009ea4   __TI_ISR_TRAP
00009eaa   __TI_decompress_rle24
00009eb0   nwk_freeConnection
00009eb6   nwk_getBCastAddress
00009ebc   nwk_getFWVersion
00009ec2   nwk_getMyRxType
00009ec8   nwk_getProtocolVersion
00009ece   C$$EXIT
00009ece   abort
00009ed2   nwk_processFreq
00009ed6   nwk_processSecurity
00009eda   nwk_freqInit
00009edc   nwk_securityInit
00009f30   mrfiBroadcastAddr
00009f4a   __TI_Handler_Table_Base
00009f50   __TI_Handler_Table_Limit
00009f54   __TI_CINIT_Base
00009f5c   __TI_CINIT_Limit
0000ffe4   __TI_int02
0000ffe6   __TI_int03
0000ffea   __TI_int05
0000ffec   __TI_int06
0000ffee   __TI_int07
0000fff0   __TI_int08
0000fff2   __TI_int09
0000fff4   __TI_int10
0000fff8   __TI_int12
0000fffa   __TI_int13
0000fffc   __TI_int14
0000fffe   _reset_vector
ffffffff   __binit__
ffffffff   __c_args__
ffffffff   binit
UNDEFED    __TI_INITARRAY_Base
UNDEFED    __TI_INITARRAY_Limit

[261 symbols]
