<?xml version="1.0"?>
<link_info>
   <banner>MSP430 Linker PC v4.3.3</banner>
   <copyright>Copyright (c) 2003-2014 Texas Instruments Incorporated</copyright>
   <link_time>0x541426ec</link_time>
   <link_errors>0x0</link_errors>
   <output_file>TestSimpl.out</output_file>
   <entry_point>
      <name>_c_int00</name>
      <address>0x9c28</address>
   </entry_point>
   <input_file_list>
      <input_file id="fl-2">
         <path>.\</path>
         <kind>object</kind>
         <file>main_LinkListen.obj</file>
         <name>main_LinkListen.obj</name>
      </input_file>
      <input_file id="fl-3">
         <path>.\</path>
         <kind>object</kind>
         <file>virtual_com_cmds.obj</file>
         <name>virtual_com_cmds.obj</name>
      </input_file>
      <input_file id="fl-4">
         <path>.\Components\simpliciti\nwk_applications\</path>
         <kind>object</kind>
         <file>nwk_freq.obj</file>
         <name>nwk_freq.obj</name>
      </input_file>
      <input_file id="fl-5">
         <path>.\Components\simpliciti\nwk_applications\</path>
         <kind>object</kind>
         <file>nwk_ioctl.obj</file>
         <name>nwk_ioctl.obj</name>
      </input_file>
      <input_file id="fl-6">
         <path>.\Components\simpliciti\nwk_applications\</path>
         <kind>object</kind>
         <file>nwk_join.obj</file>
         <name>nwk_join.obj</name>
      </input_file>
      <input_file id="fl-7">
         <path>.\Components\simpliciti\nwk_applications\</path>
         <kind>object</kind>
         <file>nwk_link.obj</file>
         <name>nwk_link.obj</name>
      </input_file>
      <input_file id="fl-8">
         <path>.\Components\simpliciti\nwk_applications\</path>
         <kind>object</kind>
         <file>nwk_mgmt.obj</file>
         <name>nwk_mgmt.obj</name>
      </input_file>
      <input_file id="fl-9">
         <path>.\Components\simpliciti\nwk_applications\</path>
         <kind>object</kind>
         <file>nwk_ping.obj</file>
         <name>nwk_ping.obj</name>
      </input_file>
      <input_file id="fl-a">
         <path>.\Components\simpliciti\nwk_applications\</path>
         <kind>object</kind>
         <file>nwk_security.obj</file>
         <name>nwk_security.obj</name>
      </input_file>
      <input_file id="fl-b">
         <path>.\Components\simpliciti\nwk\</path>
         <kind>object</kind>
         <file>nwk.obj</file>
         <name>nwk.obj</name>
      </input_file>
      <input_file id="fl-c">
         <path>.\Components\simpliciti\nwk\</path>
         <kind>object</kind>
         <file>nwk_QMgmt.obj</file>
         <name>nwk_QMgmt.obj</name>
      </input_file>
      <input_file id="fl-d">
         <path>.\Components\simpliciti\nwk\</path>
         <kind>object</kind>
         <file>nwk_api.obj</file>
         <name>nwk_api.obj</name>
      </input_file>
      <input_file id="fl-e">
         <path>.\Components\simpliciti\nwk\</path>
         <kind>object</kind>
         <file>nwk_frame.obj</file>
         <name>nwk_frame.obj</name>
      </input_file>
      <input_file id="fl-f">
         <path>.\Components\simpliciti\nwk\</path>
         <kind>object</kind>
         <file>nwk_globals.obj</file>
         <name>nwk_globals.obj</name>
      </input_file>
      <input_file id="fl-10">
         <path>.\Components\mrfi\</path>
         <kind>object</kind>
         <file>mrfi.obj</file>
         <name>mrfi.obj</name>
      </input_file>
      <input_file id="fl-11">
         <path>.\Components\bsp\</path>
         <kind>object</kind>
         <file>bsp.obj</file>
         <name>bsp.obj</name>
      </input_file>
      <input_file id="fl-3f">
         <path>C:\PRojects\ccsv6\tools\compiler\msp430_4.3.3\lib\</path>
         <kind>archive</kind>
         <file>rts430_eabi.lib</file>
         <name>asr32.obj</name>
      </input_file>
      <input_file id="fl-40">
         <path>C:\PRojects\ccsv6\tools\compiler\msp430_4.3.3\lib\</path>
         <kind>archive</kind>
         <file>rts430_eabi.lib</file>
         <name>boot.obj</name>
      </input_file>
      <input_file id="fl-41">
         <path>C:\PRojects\ccsv6\tools\compiler\msp430_4.3.3\lib\</path>
         <kind>archive</kind>
         <file>rts430_eabi.lib</file>
         <name>copy_decompress_none.obj</name>
      </input_file>
      <input_file id="fl-42">
         <path>C:\PRojects\ccsv6\tools\compiler\msp430_4.3.3\lib\</path>
         <kind>archive</kind>
         <file>rts430_eabi.lib</file>
         <name>copy_decompress_rle.obj</name>
      </input_file>
      <input_file id="fl-43">
         <path>C:\PRojects\ccsv6\tools\compiler\msp430_4.3.3\lib\</path>
         <kind>archive</kind>
         <file>rts430_eabi.lib</file>
         <name>copy_zero_init.obj</name>
      </input_file>
      <input_file id="fl-44">
         <path>C:\PRojects\ccsv6\tools\compiler\msp430_4.3.3\lib\</path>
         <kind>archive</kind>
         <file>rts430_eabi.lib</file>
         <name>cvtfd.obj</name>
      </input_file>
      <input_file id="fl-45">
         <path>C:\PRojects\ccsv6\tools\compiler\msp430_4.3.3\lib\</path>
         <kind>archive</kind>
         <file>rts430_eabi.lib</file>
         <name>div16s.obj</name>
      </input_file>
      <input_file id="fl-46">
         <path>C:\PRojects\ccsv6\tools\compiler\msp430_4.3.3\lib\</path>
         <kind>archive</kind>
         <file>rts430_eabi.lib</file>
         <name>div16u.obj</name>
      </input_file>
      <input_file id="fl-47">
         <path>C:\PRojects\ccsv6\tools\compiler\msp430_4.3.3\lib\</path>
         <kind>archive</kind>
         <file>rts430_eabi.lib</file>
         <name>div32u.obj</name>
      </input_file>
      <input_file id="fl-48">
         <path>C:\PRojects\ccsv6\tools\compiler\msp430_4.3.3\lib\</path>
         <kind>archive</kind>
         <file>rts430_eabi.lib</file>
         <name>epilog.obj</name>
      </input_file>
      <input_file id="fl-49">
         <path>C:\PRojects\ccsv6\tools\compiler\msp430_4.3.3\lib\</path>
         <kind>archive</kind>
         <file>rts430_eabi.lib</file>
         <name>exit.obj</name>
      </input_file>
      <input_file id="fl-4a">
         <path>C:\PRojects\ccsv6\tools\compiler\msp430_4.3.3\lib\</path>
         <kind>archive</kind>
         <file>rts430_eabi.lib</file>
         <name>fixdi.obj</name>
      </input_file>
      <input_file id="fl-4b">
         <path>C:\PRojects\ccsv6\tools\compiler\msp430_4.3.3\lib\</path>
         <kind>archive</kind>
         <file>rts430_eabi.lib</file>
         <name>fixdli.obj</name>
      </input_file>
      <input_file id="fl-4c">
         <path>C:\PRojects\ccsv6\tools\compiler\msp430_4.3.3\lib\</path>
         <kind>archive</kind>
         <file>rts430_eabi.lib</file>
         <name>fs_itof.obj</name>
      </input_file>
      <input_file id="fl-4d">
         <path>C:\PRojects\ccsv6\tools\compiler\msp430_4.3.3\lib\</path>
         <kind>archive</kind>
         <file>rts430_eabi.lib</file>
         <name>int02.obj</name>
      </input_file>
      <input_file id="fl-4e">
         <path>C:\PRojects\ccsv6\tools\compiler\msp430_4.3.3\lib\</path>
         <kind>archive</kind>
         <file>rts430_eabi.lib</file>
         <name>int05.obj</name>
      </input_file>
      <input_file id="fl-4f">
         <path>C:\PRojects\ccsv6\tools\compiler\msp430_4.3.3\lib\</path>
         <kind>archive</kind>
         <file>rts430_eabi.lib</file>
         <name>int06.obj</name>
      </input_file>
      <input_file id="fl-50">
         <path>C:\PRojects\ccsv6\tools\compiler\msp430_4.3.3\lib\</path>
         <kind>archive</kind>
         <file>rts430_eabi.lib</file>
         <name>int08.obj</name>
      </input_file>
      <input_file id="fl-51">
         <path>C:\PRojects\ccsv6\tools\compiler\msp430_4.3.3\lib\</path>
         <kind>archive</kind>
         <file>rts430_eabi.lib</file>
         <name>int09.obj</name>
      </input_file>
      <input_file id="fl-52">
         <path>C:\PRojects\ccsv6\tools\compiler\msp430_4.3.3\lib\</path>
         <kind>archive</kind>
         <file>rts430_eabi.lib</file>
         <name>int10.obj</name>
      </input_file>
      <input_file id="fl-53">
         <path>C:\PRojects\ccsv6\tools\compiler\msp430_4.3.3\lib\</path>
         <kind>archive</kind>
         <file>rts430_eabi.lib</file>
         <name>int12.obj</name>
      </input_file>
      <input_file id="fl-54">
         <path>C:\PRojects\ccsv6\tools\compiler\msp430_4.3.3\lib\</path>
         <kind>archive</kind>
         <file>rts430_eabi.lib</file>
         <name>int13.obj</name>
      </input_file>
      <input_file id="fl-55">
         <path>C:\PRojects\ccsv6\tools\compiler\msp430_4.3.3\lib\</path>
         <kind>archive</kind>
         <file>rts430_eabi.lib</file>
         <name>int14.obj</name>
      </input_file>
      <input_file id="fl-56">
         <path>C:\PRojects\ccsv6\tools\compiler\msp430_4.3.3\lib\</path>
         <kind>archive</kind>
         <file>rts430_eabi.lib</file>
         <name>isr_trap.obj</name>
      </input_file>
      <input_file id="fl-57">
         <path>C:\PRojects\ccsv6\tools\compiler\msp430_4.3.3\lib\</path>
         <kind>archive</kind>
         <file>rts430_eabi.lib</file>
         <name>lsl16.obj</name>
      </input_file>
      <input_file id="fl-58">
         <path>C:\PRojects\ccsv6\tools\compiler\msp430_4.3.3\lib\</path>
         <kind>archive</kind>
         <file>rts430_eabi.lib</file>
         <name>lsl32.obj</name>
      </input_file>
      <input_file id="fl-59">
         <path>C:\PRojects\ccsv6\tools\compiler\msp430_4.3.3\lib\</path>
         <kind>archive</kind>
         <file>rts430_eabi.lib</file>
         <name>lsr16.obj</name>
      </input_file>
      <input_file id="fl-5a">
         <path>C:\PRojects\ccsv6\tools\compiler\msp430_4.3.3\lib\</path>
         <kind>archive</kind>
         <file>rts430_eabi.lib</file>
         <name>lsr32.obj</name>
      </input_file>
      <input_file id="fl-5b">
         <path>C:\PRojects\ccsv6\tools\compiler\msp430_4.3.3\lib\</path>
         <kind>archive</kind>
         <file>rts430_eabi.lib</file>
         <name>memcmp.obj</name>
      </input_file>
      <input_file id="fl-5c">
         <path>C:\PRojects\ccsv6\tools\compiler\msp430_4.3.3\lib\</path>
         <kind>archive</kind>
         <file>rts430_eabi.lib</file>
         <name>memcpy.obj</name>
      </input_file>
      <input_file id="fl-5d">
         <path>C:\PRojects\ccsv6\tools\compiler\msp430_4.3.3\lib\</path>
         <kind>archive</kind>
         <file>rts430_eabi.lib</file>
         <name>memmov.obj</name>
      </input_file>
      <input_file id="fl-5e">
         <path>C:\PRojects\ccsv6\tools\compiler\msp430_4.3.3\lib\</path>
         <kind>archive</kind>
         <file>rts430_eabi.lib</file>
         <name>memset.obj</name>
      </input_file>
      <input_file id="fl-5f">
         <path>C:\PRojects\ccsv6\tools\compiler\msp430_4.3.3\lib\</path>
         <kind>archive</kind>
         <file>rts430_eabi.lib</file>
         <name>mpu_init.obj</name>
      </input_file>
      <input_file id="fl-60">
         <path>C:\PRojects\ccsv6\tools\compiler\msp430_4.3.3\lib\</path>
         <kind>archive</kind>
         <file>rts430_eabi.lib</file>
         <name>mpyd.obj</name>
      </input_file>
      <input_file id="fl-61">
         <path>C:\PRojects\ccsv6\tools\compiler\msp430_4.3.3\lib\</path>
         <kind>archive</kind>
         <file>rts430_eabi.lib</file>
         <name>mult16.obj</name>
      </input_file>
      <input_file id="fl-62">
         <path>C:\PRojects\ccsv6\tools\compiler\msp430_4.3.3\lib\</path>
         <kind>archive</kind>
         <file>rts430_eabi.lib</file>
         <name>mult32.obj</name>
      </input_file>
      <input_file id="fl-63">
         <path>C:\PRojects\ccsv6\tools\compiler\msp430_4.3.3\lib\</path>
         <kind>archive</kind>
         <file>rts430_eabi.lib</file>
         <name>_lock.obj</name>
      </input_file>
      <input_file id="fl-64">
         <path>C:\PRojects\ccsv6\tools\compiler\msp430_4.3.3\lib\</path>
         <kind>archive</kind>
         <file>rts430_eabi.lib</file>
         <name>args_main.obj</name>
      </input_file>
      <input_file id="fl-65">
         <path>C:\PRojects\ccsv6\tools\compiler\msp430_4.3.3\lib\</path>
         <kind>archive</kind>
         <file>rts430_eabi.lib</file>
         <name>asr16.obj</name>
      </input_file>
      <input_file id="fl-66">
         <path>C:\PRojects\ccsv6\tools\compiler\msp430_4.3.3\lib\</path>
         <kind>archive</kind>
         <file>rts430_eabi.lib</file>
         <name>autoinit.obj</name>
      </input_file>
      <input_file id="fl-67">
         <path>C:\PRojects\ccsv6\tools\compiler\msp430_4.3.3\lib\</path>
         <kind>archive</kind>
         <file>rts430_eabi.lib</file>
         <name>frcmpyd.obj</name>
      </input_file>
   </input_file_list>
   <object_component_list>
      <object_component id="oc-50">
         <name>.stack</name>
         <uninitialized>true</uninitialized>
         <run_address>0x5b0</run_address>
         <size>0x2</size>
         <input_file_ref idref="fl-40"/>
      </object_component>
      <object_component id="oc-524">
         <name>.stack</name>
         <uninitialized>true</uninitialized>
         <run_address>0x5b0</run_address>
         <size>0x0</size>
      </object_component>
      <object_component id="oc-133">
         <name>.text:MRFI_Init</name>
         <load_address>0x8000</load_address>
         <run_address>0x8000</run_address>
         <size>0x1c6</size>
         <input_file_ref idref="fl-10"/>
      </object_component>
      <object_component id="oc-4b4">
         <name>.text:smpl_send_link_reply</name>
         <load_address>0x81c6</load_address>
         <run_address>0x81c6</run_address>
         <size>0x198</size>
         <input_file_ref idref="fl-7"/>
      </object_component>
      <object_component id="oc-34e">
         <name>.text:nwk_QfindOldest</name>
         <load_address>0x835e</load_address>
         <run_address>0x835e</run_address>
         <size>0x12a</size>
         <input_file_ref idref="fl-c"/>
      </object_component>
      <object_component id="oc-442">
         <name>.text:MRFI_Transmit</name>
         <load_address>0x8488</load_address>
         <run_address>0x8488</run_address>
         <size>0x102</size>
         <input_file_ref idref="fl-10"/>
      </object_component>
      <object_component id="oc-157">
         <name>.text:nwk_join</name>
         <load_address>0x858a</load_address>
         <run_address>0x858a</run_address>
         <size>0xfa</size>
         <input_file_ref idref="fl-6"/>
      </object_component>
      <object_component id="oc-4d0">
         <name>.text:nwk_allocateLocalRxPort</name>
         <load_address>0x8684</load_address>
         <run_address>0x8684</run_address>
         <size>0xde</size>
         <input_file_ref idref="fl-b"/>
      </object_component>
      <object_component id="oc-fa">
         <name>.text:Mrfi_SyncPinRxIsr</name>
         <load_address>0x8762</load_address>
         <run_address>0x8762</run_address>
         <size>0xd8</size>
         <input_file_ref idref="fl-10"/>
      </object_component>
      <object_component id="oc-1d4">
         <name>.text:nwk_retrieveFrame</name>
         <load_address>0x883a</load_address>
         <run_address>0x883a</run_address>
         <size>0xb2</size>
         <input_file_ref idref="fl-e"/>
      </object_component>
      <object_component id="oc-166">
         <name>.text:SMPL_Ioctl</name>
         <load_address>0x88ec</load_address>
         <run_address>0x88ec</run_address>
         <size>0xb0</size>
         <input_file_ref idref="fl-d"/>
      </object_component>
      <object_component id="oc-334">
         <name>.text:dispatchFrame</name>
         <load_address>0x899c</load_address>
         <run_address>0x899c</run_address>
         <size>0xae</size>
         <input_file_ref idref="fl-e"/>
      </object_component>
      <object_component id="oc-3eb">
         <name>.text:nwk_buildFrame</name>
         <load_address>0x8a4a</load_address>
         <run_address>0x8a4a</run_address>
         <size>0x9e</size>
         <input_file_ref idref="fl-e"/>
      </object_component>
      <object_component id="oc-139">
         <name>.text:nwk_nwkInit</name>
         <load_address>0x8ae8</load_address>
         <run_address>0x8ae8</run_address>
         <size>0x86</size>
         <input_file_ref idref="fl-b"/>
      </object_component>
      <object_component id="oc-328">
         <name>.text:nwk_QfindSlot</name>
         <load_address>0x8b6e</load_address>
         <run_address>0x8b6e</run_address>
         <size>0x82</size>
         <input_file_ref idref="fl-c"/>
      </object_component>
      <object_component id="oc-316">
         <name>.text:spiBurstFifoAccess</name>
         <load_address>0x8bf0</load_address>
         <run_address>0x8bf0</run_address>
         <size>0x82</size>
         <input_file_ref idref="fl-10"/>
      </object_component>
      <object_component id="oc-306">
         <name>.text:SMPL_SendOpt</name>
         <load_address>0x8c72</load_address>
         <run_address>0x8c72</run_address>
         <size>0x7e</size>
         <input_file_ref idref="fl-d"/>
      </object_component>
      <object_component id="oc-2f3">
         <name>.text:nwk_radioControl</name>
         <load_address>0x8cf0</load_address>
         <run_address>0x8cf0</run_address>
         <size>0x78</size>
         <input_file_ref idref="fl-5"/>
      </object_component>
      <object_component id="oc-cd">
         <name>.text:sRxCallback</name>
         <load_address>0x8d68</load_address>
         <run_address>0x8d68</run_address>
         <size>0x78</size>
         <input_file_ref idref="fl-2"/>
      </object_component>
      <object_component id="oc-160">
         <name>.text:SMPL_LinkListen</name>
         <load_address>0x8de0</load_address>
         <run_address>0x8de0</run_address>
         <size>0x76</size>
         <input_file_ref idref="fl-d"/>
      </object_component>
      <object_component id="oc-412">
         <name>.text:nwk_isConnectionValid</name>
         <load_address>0x8e56</load_address>
         <run_address>0x8e56</run_address>
         <size>0x68</size>
         <input_file_ref idref="fl-b"/>
      </object_component>
      <object_component id="oc-92">
         <name>.text:__TI_decompress_rle_core</name>
         <load_address>0x8ebe</load_address>
         <run_address>0x8ebe</run_address>
         <size>0x5e</size>
         <input_file_ref idref="fl-42"/>
      </object_component>
      <object_component id="oc-6b">
         <name>.text:_auto_init</name>
         <load_address>0x8f1c</load_address>
         <run_address>0x8f1c</run_address>
         <size>0x5e</size>
         <input_file_ref idref="fl-66"/>
      </object_component>
      <object_component id="oc-216">
         <name>.text</name>
         <load_address>0x8f7a</load_address>
         <run_address>0x8f7a</run_address>
         <size>0x58</size>
         <input_file_ref idref="fl-47"/>
      </object_component>
      <object_component id="oc-13f">
         <name>.text:MRFI_WakeUp</name>
         <load_address>0x8fd2</load_address>
         <run_address>0x8fd2</run_address>
         <size>0x54</size>
         <input_file_ref idref="fl-10"/>
      </object_component>
      <object_component id="oc-2f9">
         <name>.text:nwk_rawSend</name>
         <load_address>0x9026</load_address>
         <run_address>0x9026</run_address>
         <size>0x54</size>
         <input_file_ref idref="fl-5"/>
      </object_component>
      <object_component id="oc-5f">
         <name>.text:USCI0RX_ISR</name>
         <load_address>0x907a</load_address>
         <run_address>0x907a</run_address>
         <size>0x50</size>
         <input_file_ref idref="fl-3"/>
      </object_component>
      <object_component id="oc-4ca">
         <name>.text:nwk_getNextConnection</name>
         <load_address>0x90ca</load_address>
         <run_address>0x90ca</run_address>
         <size>0x50</size>
         <input_file_ref idref="fl-b"/>
      </object_component>
      <object_component id="oc-123">
         <name>.text:SMPL_Receive</name>
         <load_address>0x911a</load_address>
         <run_address>0x911a</run_address>
         <size>0x4c</size>
         <input_file_ref idref="fl-d"/>
      </object_component>
      <object_component id="oc-21b">
         <name>.text</name>
         <load_address>0x9166</load_address>
         <run_address>0x9166</run_address>
         <size>0x4c</size>
         <input_file_ref idref="fl-59"/>
      </object_component>
      <object_component id="oc-1a7">
         <name>.text:mrfiSpiCmdStrobe</name>
         <load_address>0x91b2</load_address>
         <run_address>0x91b2</run_address>
         <size>0x48</size>
         <input_file_ref idref="fl-10"/>
      </object_component>
      <object_component id="oc-192">
         <name>.text:MRFI_RxAddrIsFiltered</name>
         <load_address>0x91fa</load_address>
         <run_address>0x91fa</run_address>
         <size>0x46</size>
         <input_file_ref idref="fl-10"/>
      </object_component>
      <object_component id="oc-df">
         <name>.text:linkFrom</name>
         <load_address>0x9240</load_address>
         <run_address>0x9240</run_address>
         <size>0x46</size>
         <input_file_ref idref="fl-2"/>
      </object_component>
      <object_component id="oc-4c4">
         <name>.text:nwk_isLinkDuplicate</name>
         <load_address>0x9286</load_address>
         <run_address>0x9286</run_address>
         <size>0x46</size>
         <input_file_ref idref="fl-b"/>
      </object_component>
      <object_component id="oc-4ad">
         <name>.text:smpl_send_ping_reply</name>
         <load_address>0x92cc</load_address>
         <run_address>0x92cc</run_address>
         <size>0x46</size>
         <input_file_ref idref="fl-9"/>
      </object_component>
      <object_component id="oc-3e4">
         <name>.text:MRFI_Rssi</name>
         <load_address>0x9312</load_address>
         <run_address>0x9312</run_address>
         <size>0x44</size>
         <input_file_ref idref="fl-10"/>
      </object_component>
      <object_component id="oc-30f">
         <name>.text:spiRegAccess</name>
         <load_address>0x9356</load_address>
         <run_address>0x9356</run_address>
         <size>0x42</size>
         <input_file_ref idref="fl-10"/>
      </object_component>
      <object_component id="oc-71">
         <name>.text:main</name>
         <load_address>0x9398</load_address>
         <run_address>0x9398</run_address>
         <size>0x40</size>
         <input_file_ref idref="fl-2"/>
      </object_component>
      <object_component id="oc-4e0">
         <name>.text:initializeConnection</name>
         <load_address>0x93d8</load_address>
         <run_address>0x93d8</run_address>
         <size>0x3e</size>
         <input_file_ref idref="fl-b"/>
      </object_component>
      <object_component id="oc-297">
         <name>.text:MRFI_ReplyDelay</name>
         <load_address>0x9416</load_address>
         <run_address>0x9416</run_address>
         <size>0x3c</size>
         <input_file_ref idref="fl-10"/>
      </object_component>
      <object_component id="oc-285">
         <name>.text:nwk_putNumObjectIntoMsg</name>
         <load_address>0x9452</load_address>
         <run_address>0x9452</run_address>
         <size>0x3c</size>
         <input_file_ref idref="fl-b"/>
      </object_component>
      <object_component id="oc-2ce">
         <name>.text:nwk_getLocalLinkID</name>
         <load_address>0x948e</load_address>
         <run_address>0x948e</run_address>
         <size>0x3a</size>
         <input_file_ref idref="fl-7"/>
      </object_component>
      <object_component id="oc-490">
         <name>.text:nwk_isValidReply</name>
         <load_address>0x94c8</load_address>
         <run_address>0x94c8</run_address>
         <size>0x3a</size>
         <input_file_ref idref="fl-b"/>
      </object_component>
      <object_component id="oc-46a">
         <name>.text:nwk_processMgmt</name>
         <load_address>0x9502</load_address>
         <run_address>0x9502</run_address>
         <size>0x3a</size>
         <input_file_ref idref="fl-8"/>
      </object_component>
      <object_component id="oc-200">
         <name>.text:MRFI_SetRFPwr</name>
         <load_address>0x953c</load_address>
         <run_address>0x953c</run_address>
         <size>0x34</size>
         <input_file_ref idref="fl-10"/>
      </object_component>
      <object_component id="oc-14b">
         <name>.text:MRFI_SetRxAddrFilter</name>
         <load_address>0x9570</load_address>
         <run_address>0x9570</run_address>
         <size>0x34</size>
         <input_file_ref idref="fl-10"/>
      </object_component>
      <object_component id="oc-d3">
         <name>.text:SMPL_Init</name>
         <load_address>0x95a4</load_address>
         <run_address>0x95a4</run_address>
         <size>0x34</size>
         <input_file_ref idref="fl-d"/>
      </object_component>
      <object_component id="oc-1e5">
         <name>.text:mrfiSpiInit</name>
         <load_address>0x95d8</load_address>
         <run_address>0x95d8</run_address>
         <size>0x34</size>
         <input_file_ref idref="fl-10"/>
      </object_component>
      <object_component id="oc-2ed">
         <name>.text:nwk_deviceAddress</name>
         <load_address>0x960c</load_address>
         <run_address>0x960c</run_address>
         <size>0x34</size>
         <input_file_ref idref="fl-5"/>
      </object_component>
      <object_component id="oc-1fa">
         <name>.text:MRFI_SetLogicalChannel</name>
         <load_address>0x9640</load_address>
         <run_address>0x9640</run_address>
         <size>0x32</size>
         <input_file_ref idref="fl-10"/>
      </object_component>
      <object_component id="oc-354">
         <name>.text:nwk_QadjustOrder</name>
         <load_address>0x9672</load_address>
         <run_address>0x9672</run_address>
         <size>0x32</size>
         <input_file_ref idref="fl-c"/>
      </object_component>
      <object_component id="oc-1c8">
         <name>.text:nwk_getConnInfo</name>
         <load_address>0x96a4</load_address>
         <run_address>0x96a4</run_address>
         <size>0x32</size>
         <input_file_ref idref="fl-b"/>
      </object_component>
      <object_component id="oc-255">
         <name>.text:nwk_linkInit</name>
         <load_address>0x96d6</load_address>
         <run_address>0x96d6</run_address>
         <size>0x32</size>
         <input_file_ref idref="fl-7"/>
      </object_component>
      <object_component id="oc-3be">
         <name>.text:Mrfi_DelayUsecSem</name>
         <load_address>0x9708</load_address>
         <run_address>0x9708</run_address>
         <size>0x30</size>
         <input_file_ref idref="fl-10"/>
      </object_component>
      <object_component id="oc-346">
         <name>.text:map_lid2idx</name>
         <load_address>0x9738</load_address>
         <run_address>0x9738</run_address>
         <size>0x30</size>
         <input_file_ref idref="fl-b"/>
      </object_component>
      <object_component id="oc-2ff">
         <name>.text:nwk_rawReceive</name>
         <load_address>0x9768</load_address>
         <run_address>0x9768</run_address>
         <size>0x30</size>
         <input_file_ref idref="fl-5"/>
      </object_component>
      <object_component id="oc-3f1">
         <name>.text:nwk_sendFrame</name>
         <load_address>0x9798</load_address>
         <run_address>0x9798</run_address>
         <size>0x30</size>
         <input_file_ref idref="fl-e"/>
      </object_component>
      <object_component id="oc-199">
         <name>.text:Mrfi_CalculateRssi</name>
         <load_address>0x97c8</load_address>
         <run_address>0x97c8</run_address>
         <size>0x2e</size>
         <input_file_ref idref="fl-10"/>
      </object_component>
      <object_component id="oc-206">
         <name>.text:Mrfi_RxModeOff</name>
         <load_address>0x97f6</load_address>
         <run_address>0x97f6</run_address>
         <size>0x2c</size>
         <input_file_ref idref="fl-10"/>
      </object_component>
      <object_component id="oc-322">
         <name>.text</name>
         <load_address>0x9822</load_address>
         <run_address>0x9822</run_address>
         <size>0x2c</size>
         <input_file_ref idref="fl-45"/>
      </object_component>
      <object_component id="oc-1eb">
         <name>.text:Mrfi_DelayUsec</name>
         <load_address>0x984e</load_address>
         <run_address>0x984e</run_address>
         <size>0x2a</size>
         <input_file_ref idref="fl-10"/>
      </object_component>
      <object_component id="oc-1ce">
         <name>.text:nwk_checkConnInfo</name>
         <load_address>0x9878</load_address>
         <run_address>0x9878</run_address>
         <size>0x2a</size>
         <input_file_ref idref="fl-b"/>
      </object_component>
      <object_component id="oc-c0">
         <name>.text:COM_Init</name>
         <load_address>0x98a2</load_address>
         <run_address>0x98a2</run_address>
         <size>0x28</size>
         <input_file_ref idref="fl-3"/>
      </object_component>
      <object_component id="oc-44c">
         <name>.text:nwk_processPing</name>
         <load_address>0x98ca</load_address>
         <run_address>0x98ca</run_address>
         <size>0x28</size>
         <input_file_ref idref="fl-9"/>
      </object_component>
      <object_component id="oc-487">
         <name>.text:Mrfi_RandomBackoffDelay</name>
         <load_address>0x98f2</load_address>
         <run_address>0x98f2</run_address>
         <size>0x26</size>
         <input_file_ref idref="fl-10"/>
      </object_component>
      <object_component id="oc-2e7">
         <name>.text:nwk_connectionControl</name>
         <load_address>0x9918</load_address>
         <run_address>0x9918</run_address>
         <size>0x26</size>
         <input_file_ref idref="fl-5"/>
      </object_component>
      <object_component id="oc-22b">
         <name>.text:nwk_globalsInit</name>
         <load_address>0x993e</load_address>
         <run_address>0x993e</run_address>
         <size>0x26</size>
         <input_file_ref idref="fl-f"/>
      </object_component>
      <object_component id="oc-249">
         <name>.text:nwk_joinInit</name>
         <load_address>0x9964</load_address>
         <run_address>0x9964</run_address>
         <size>0x26</size>
         <input_file_ref idref="fl-6"/>
      </object_component>
      <object_component id="oc-452">
         <name>.text:nwk_processLink</name>
         <load_address>0x998a</load_address>
         <run_address>0x998a</run_address>
         <size>0x26</size>
         <input_file_ref idref="fl-7"/>
      </object_component>
      <object_component id="oc-211">
         <name>.text</name>
         <load_address>0x99b0</load_address>
         <run_address>0x99b0</run_address>
         <size>0x26</size>
         <input_file_ref idref="fl-62"/>
      </object_component>
      <object_component id="oc-2a3">
         <name>.text:MRFI_Sleep</name>
         <load_address>0x99d6</load_address>
         <run_address>0x99d6</run_address>
         <size>0x24</size>
         <input_file_ref idref="fl-10"/>
      </object_component>
      <object_component id="oc-151">
         <name>.text:MRFI_EnableRxAddrFilter</name>
         <load_address>0x99fa</load_address>
         <run_address>0x99fa</run_address>
         <size>0x22</size>
         <input_file_ref idref="fl-10"/>
      </object_component>
      <object_component id="oc-291">
         <name>.text:MRFI_RxOn</name>
         <load_address>0x9a1c</load_address>
         <run_address>0x9a1c</run_address>
         <size>0x22</size>
         <input_file_ref idref="fl-10"/>
      </object_component>
      <object_component id="oc-409">
         <name>.text:memcmp</name>
         <load_address>0x9a3e</load_address>
         <run_address>0x9a3e</run_address>
         <size>0x22</size>
         <input_file_ref idref="fl-5b"/>
      </object_component>
      <object_component id="oc-ba">
         <name>.text:BSP_Init</name>
         <load_address>0x9a60</load_address>
         <run_address>0x9a60</run_address>
         <size>0x20</size>
         <input_file_ref idref="fl-11"/>
      </object_component>
      <object_component id="oc-10b">
         <name>.text:BSP_InitBoard</name>
         <load_address>0x9a80</load_address>
         <run_address>0x9a80</run_address>
         <size>0x20</size>
         <input_file_ref idref="fl-11"/>
      </object_component>
      <object_component id="oc-1a1">
         <name>.text:MRFI_RxCompleteISR</name>
         <load_address>0x9aa0</load_address>
         <run_address>0x9aa0</run_address>
         <size>0x20</size>
         <input_file_ref idref="fl-e"/>
      </object_component>
      <object_component id="oc-29d">
         <name>.text:MRFI_RxIdle</name>
         <load_address>0x9ac0</load_address>
         <run_address>0x9ac0</run_address>
         <size>0x20</size>
         <input_file_ref idref="fl-10"/>
      </object_component>
      <object_component id="oc-49d">
         <name>.text:handleLinkRequest</name>
         <load_address>0x9ae0</load_address>
         <run_address>0x9ae0</run_address>
         <size>0x20</size>
         <input_file_ref idref="fl-7"/>
      </object_component>
      <object_component id="oc-3b5">
         <name>.text:memmove</name>
         <load_address>0x9b00</load_address>
         <run_address>0x9b00</run_address>
         <size>0x20</size>
         <input_file_ref idref="fl-5d"/>
      </object_component>
      <object_component id="oc-231">
         <name>.text:nwk_frameInit</name>
         <load_address>0x9b20</load_address>
         <run_address>0x9b20</run_address>
         <size>0x20</size>
         <input_file_ref idref="fl-e"/>
      </object_component>
      <object_component id="oc-458">
         <name>.text:nwk_processJoin</name>
         <load_address>0x9b40</load_address>
         <run_address>0x9b40</run_address>
         <size>0x20</size>
         <input_file_ref idref="fl-6"/>
      </object_component>
      <object_component id="oc-35c">
         <name>.text:BSP_Delay</name>
         <load_address>0x9b60</load_address>
         <run_address>0x9b60</run_address>
         <size>0x1e</size>
         <input_file_ref idref="fl-11"/>
      </object_component>
      <object_component id="oc-178">
         <name>.text:mrfiSpiReadReg</name>
         <load_address>0x9b7e</load_address>
         <run_address>0x9b7e</run_address>
         <size>0x1e</size>
         <input_file_ref idref="fl-10"/>
      </object_component>
      <object_component id="oc-237">
         <name>.text:nwk_QInit</name>
         <load_address>0x9b9c</load_address>
         <run_address>0x9b9c</run_address>
         <size>0x1e</size>
         <input_file_ref idref="fl-c"/>
      </object_component>
      <object_component id="oc-a7">
         <name>.text:MRFI_GpioIsr</name>
         <load_address>0x9bba</load_address>
         <run_address>0x9bba</run_address>
         <size>0x1c</size>
         <input_file_ref idref="fl-10"/>
      </object_component>
      <object_component id="oc-c7">
         <name>.text:TXString</name>
         <load_address>0x9bd6</load_address>
         <run_address>0x9bd6</run_address>
         <size>0x1c</size>
         <input_file_ref idref="fl-3"/>
      </object_component>
      <object_component id="oc-3dd">
         <name>.text:nwk_setMyAddress</name>
         <load_address>0x9bf2</load_address>
         <run_address>0x9bf2</run_address>
         <size>0x1c</size>
         <input_file_ref idref="fl-f"/>
      </object_component>
      <object_component id="oc-59">
         <name>.text:BSP_GpioPort1Isr</name>
         <load_address>0x9c0e</load_address>
         <run_address>0x9c0e</run_address>
         <size>0x1a</size>
         <input_file_ref idref="fl-10"/>
      </object_component>
      <object_component id="oc-38">
         <name>.text:_c_int00_noexit</name>
         <load_address>0x9c28</load_address>
         <run_address>0x9c28</run_address>
         <size>0x1a</size>
         <input_file_ref idref="fl-40"/>
      </object_component>
      <object_component id="oc-1f1">
         <name>.text:mrfiSpiWriteReg</name>
         <load_address>0x9c42</load_address>
         <run_address>0x9c42</run_address>
         <size>0x1a</size>
         <input_file_ref idref="fl-10"/>
      </object_component>
      <object_component id="oc-2d4">
         <name>.text:MRFI_DelayMs</name>
         <load_address>0x9c5c</load_address>
         <run_address>0x9c5c</run_address>
         <size>0x18</size>
         <input_file_ref idref="fl-10"/>
      </object_component>
      <object_component id="oc-387">
         <name>.text:MRFI_RandomByte</name>
         <load_address>0x9c74</load_address>
         <run_address>0x9c74</run_address>
         <size>0x16</size>
         <input_file_ref idref="fl-10"/>
      </object_component>
      <object_component id="oc-369">
         <name>.text:Mrfi_RxModeOn</name>
         <load_address>0x9c8a</load_address>
         <run_address>0x9c8a</run_address>
         <size>0x16</size>
         <input_file_ref idref="fl-10"/>
      </object_component>
      <object_component id="oc-3fe">
         <name>.text</name>
         <load_address>0x9ca0</load_address>
         <run_address>0x9ca0</run_address>
         <size>0x16</size>
         <input_file_ref idref="fl-46"/>
      </object_component>
      <object_component id="oc-44">
         <name>.text:decompress:ZI:__TI_zero_init</name>
         <load_address>0x9cb6</load_address>
         <run_address>0x9cb6</run_address>
         <size>0x14</size>
         <input_file_ref idref="fl-43"/>
      </object_component>
      <object_component id="oc-2db">
         <name>.text:ioctlPreInitAccessIsOK</name>
         <load_address>0x9cca</load_address>
         <run_address>0x9cca</run_address>
         <size>0x14</size>
         <input_file_ref idref="fl-d"/>
      </object_component>
      <object_component id="oc-187">
         <name>.text:memset</name>
         <load_address>0x9cde</load_address>
         <run_address>0x9cde</run_address>
         <size>0x14</size>
         <input_file_ref idref="fl-5e"/>
      </object_component>
      <object_component id="oc-220">
         <name>.text</name>
         <load_address>0x9cf2</load_address>
         <run_address>0x9cf2</run_address>
         <size>0x14</size>
         <input_file_ref idref="fl-61"/>
      </object_component>
      <object_component id="oc-d9">
         <name>.text:toggleLED</name>
         <load_address>0x9d06</load_address>
         <run_address>0x9d06</run_address>
         <size>0x14</size>
         <input_file_ref idref="fl-2"/>
      </object_component>
      <object_component id="oc-1b7">
         <name>.text:BSP_InitLeds</name>
         <load_address>0x9d1a</load_address>
         <run_address>0x9d1a</run_address>
         <size>0x12</size>
         <input_file_ref idref="fl-11"/>
      </object_component>
      <object_component id="oc-3e">
         <name>.text:decompress:none:__TI_decompress_none</name>
         <load_address>0x9d2c</load_address>
         <run_address>0x9d2c</run_address>
         <size>0x12</size>
         <input_file_ref idref="fl-41"/>
      </object_component>
      <object_component id="oc-7e">
         <name>.text:memcpy</name>
         <load_address>0x9d3e</load_address>
         <run_address>0x9d3e</run_address>
         <size>0x12</size>
         <input_file_ref idref="fl-5c"/>
      </object_component>
      <object_component id="oc-145">
         <name>.text:nwk_getMyAddress</name>
         <load_address>0x9d50</load_address>
         <run_address>0x9d50</run_address>
         <size>0x12</size>
         <input_file_ref idref="fl-f"/>
      </object_component>
      <object_component id="oc-2a9">
         <name>.text:nwk_setLinkToken</name>
         <load_address>0x9d62</load_address>
         <run_address>0x9d62</run_address>
         <size>0x12</size>
         <input_file_ref idref="fl-7"/>
      </object_component>
      <object_component id="oc-20c">
         <name>.text:l_asr</name>
         <load_address>0x9d74</load_address>
         <run_address>0x9d74</run_address>
         <size>0x10</size>
         <input_file_ref idref="fl-3f"/>
      </object_component>
      <object_component id="oc-b3">
         <name>.text</name>
         <load_address>0x9d84</load_address>
         <run_address>0x9d84</run_address>
         <size>0x10</size>
         <input_file_ref idref="fl-48"/>
      </object_component>
      <object_component id="oc-32e">
         <name>.text:MRFI_Receive</name>
         <load_address>0x9d94</load_address>
         <run_address>0x9d94</run_address>
         <size>0xe</size>
         <input_file_ref idref="fl-10"/>
      </object_component>
      <object_component id="oc-481">
         <name>.text:mrfiSpiWriteTxFifo</name>
         <load_address>0x9da2</load_address>
         <run_address>0x9da2</run_address>
         <size>0xe</size>
         <input_file_ref idref="fl-10"/>
      </object_component>
      <object_component id="oc-4be">
         <name>.text:nwk_getNumObjectFromMsg</name>
         <load_address>0x9db0</load_address>
         <run_address>0x9db0</run_address>
         <size>0xe</size>
         <input_file_ref idref="fl-b"/>
      </object_component>
      <object_component id="oc-2af">
         <name>.text:nwk_setAPAddress</name>
         <load_address>0x9dbe</load_address>
         <run_address>0x9dbe</run_address>
         <size>0xe</size>
         <input_file_ref idref="fl-f"/>
      </object_component>
      <object_component id="oc-2c8">
         <name>.text:nwk_setListenContext</name>
         <load_address>0x9dcc</load_address>
         <run_address>0x9dcc</run_address>
         <size>0xe</size>
         <input_file_ref idref="fl-7"/>
      </object_component>
      <object_component id="oc-472">
         <name>.text:MRFI_PostKillSem</name>
         <load_address>0x9dda</load_address>
         <run_address>0x9dda</run_address>
         <size>0xc</size>
         <input_file_ref idref="fl-10"/>
      </object_component>
      <object_component id="oc-496">
         <name>.text:handlePingRequest</name>
         <load_address>0x9de6</load_address>
         <run_address>0x9de6</run_address>
         <size>0xc</size>
         <input_file_ref idref="fl-9"/>
      </object_component>
      <object_component id="oc-17e">
         <name>.text:mrfiSpiReadRxFifo</name>
         <load_address>0x9df2</load_address>
         <run_address>0x9df2</run_address>
         <size>0xc</size>
         <input_file_ref idref="fl-10"/>
      </object_component>
      <object_component id="oc-1bd">
         <name>.text:BSP_InitButtons</name>
         <load_address>0x9dfe</load_address>
         <run_address>0x9dfe</run_address>
         <size>0xa</size>
         <input_file_ref idref="fl-11"/>
      </object_component>
      <object_component id="oc-111">
         <name>.text:BSP_InitDrivers</name>
         <load_address>0x9e08</load_address>
         <run_address>0x9e08</run_address>
         <size>0xa</size>
         <input_file_ref idref="fl-11"/>
      </object_component>
      <object_component id="oc-65">
         <name>.text:_system_pre_init</name>
         <load_address>0x9e12</load_address>
         <run_address>0x9e12</run_address>
         <size>0xa</size>
         <input_file_ref idref="fl-11"/>
      </object_component>
      <object_component id="oc-24f">
         <name>.text:nwk_mgmtInit</name>
         <load_address>0x9e1c</load_address>
         <run_address>0x9e1c</run_address>
         <size>0xa</size>
         <input_file_ref idref="fl-8"/>
      </object_component>
      <object_component id="oc-243">
         <name>.text:nwk_pingInit</name>
         <load_address>0x9e26</load_address>
         <run_address>0x9e26</run_address>
         <size>0xa</size>
         <input_file_ref idref="fl-9"/>
      </object_component>
      <object_component id="oc-16c">
         <name>.text:SMPL_Send</name>
         <load_address>0x9e30</load_address>
         <run_address>0x9e30</run_address>
         <size>0x8</size>
         <input_file_ref idref="fl-d"/>
      </object_component>
      <object_component id="oc-27c">
         <name>.text:MRFI_GetRadioState</name>
         <load_address>0x9e38</load_address>
         <run_address>0x9e38</run_address>
         <size>0x6</size>
         <input_file_ref idref="fl-10"/>
      </object_component>
      <object_component id="oc-54">
         <name>.text:__TI_ISR_TRAP</name>
         <load_address>0x9e3e</load_address>
         <run_address>0x9e3e</run_address>
         <size>0x6</size>
         <input_file_ref idref="fl-56"/>
      </object_component>
      <object_component id="oc-4a">
         <name>.text:decompress:rle24:__TI_decompress_rle24</name>
         <load_address>0x9e44</load_address>
         <run_address>0x9e44</run_address>
         <size>0x6</size>
         <input_file_ref idref="fl-42"/>
      </object_component>
      <object_component id="oc-3d5">
         <name>.text:nwk_freeConnection</name>
         <load_address>0x9e4a</load_address>
         <run_address>0x9e4a</run_address>
         <size>0x6</size>
         <input_file_ref idref="fl-b"/>
      </object_component>
      <object_component id="oc-261">
         <name>.text:nwk_getBCastAddress</name>
         <load_address>0x9e50</load_address>
         <run_address>0x9e50</run_address>
         <size>0x6</size>
         <input_file_ref idref="fl-f"/>
      </object_component>
      <object_component id="oc-2e1">
         <name>.text:nwk_getFWVersion</name>
         <load_address>0x9e56</load_address>
         <run_address>0x9e56</run_address>
         <size>0x6</size>
         <input_file_ref idref="fl-f"/>
      </object_component>
      <object_component id="oc-4d7">
         <name>.text:nwk_getMyRxType</name>
         <load_address>0x9e5c</load_address>
         <run_address>0x9e5c</run_address>
         <size>0x6</size>
         <input_file_ref idref="fl-e"/>
      </object_component>
      <object_component id="oc-28b">
         <name>.text:nwk_getProtocolVersion</name>
         <load_address>0x9e62</load_address>
         <run_address>0x9e62</run_address>
         <size>0x6</size>
         <input_file_ref idref="fl-f"/>
      </object_component>
      <object_component id="oc-77">
         <name>.text:abort</name>
         <load_address>0x9e68</load_address>
         <run_address>0x9e68</run_address>
         <size>0x4</size>
         <input_file_ref idref="fl-49"/>
      </object_component>
      <object_component id="oc-464">
         <name>.text:nwk_processFreq</name>
         <load_address>0x9e6c</load_address>
         <run_address>0x9e6c</run_address>
         <size>0x4</size>
         <input_file_ref idref="fl-4"/>
      </object_component>
      <object_component id="oc-45e">
         <name>.text:nwk_processSecurity</name>
         <load_address>0x9e70</load_address>
         <run_address>0x9e70</run_address>
         <size>0x4</size>
         <input_file_ref idref="fl-a"/>
      </object_component>
      <object_component id="oc-23d">
         <name>.text:nwk_freqInit</name>
         <load_address>0x9e74</load_address>
         <run_address>0x9e74</run_address>
         <size>0x2</size>
         <input_file_ref idref="fl-4"/>
      </object_component>
      <object_component id="oc-25b">
         <name>.text:nwk_securityInit</name>
         <load_address>0x9e76</load_address>
         <run_address>0x9e76</run_address>
         <size>0x2</size>
         <input_file_ref idref="fl-a"/>
      </object_component>
      <object_component id="oc-523">
         <name>.cinit..data.load</name>
         <load_address>0x9efe</load_address>
         <run_address>0x9efe</run_address>
         <size>0x10</size>
      </object_component>
      <object_component id="oc-520">
         <name>__TI_handler_table</name>
         <load_address>0x9f0e</load_address>
         <run_address>0x9f0e</run_address>
         <size>0x6</size>
      </object_component>
      <object_component id="oc-522">
         <name>.cinit..bss.load</name>
         <load_address>0x9f14</load_address>
         <run_address>0x9f14</run_address>
         <size>0x4</size>
      </object_component>
      <object_component id="oc-521">
         <name>__TI_cinit_table</name>
         <load_address>0x9f18</load_address>
         <run_address>0x9f18</run_address>
         <size>0x8</size>
      </object_component>
      <object_component id="oc-1f7">
         <name>.const:mrfiRadioCfg</name>
         <load_address>0x9e78</load_address>
         <run_address>0x9e78</run_address>
         <size>0x3c</size>
         <input_file_ref idref="fl-10"/>
      </object_component>
      <object_component id="oc-c6">
         <name>.const:.string</name>
         <load_address>0x9eb4</load_address>
         <run_address>0x9eb4</run_address>
         <size>0x28</size>
         <input_file_ref idref="fl-2"/>
      </object_component>
      <object_component id="oc-40f">
         <name>.const:func</name>
         <load_address>0x9edc</load_address>
         <run_address>0x9edc</run_address>
         <size>0xc</size>
         <input_file_ref idref="fl-e"/>
      </object_component>
      <object_component id="oc-270">
         <name>.const</name>
         <load_address>0x9ee8</load_address>
         <run_address>0x9ee8</run_address>
         <size>0x9</size>
         <input_file_ref idref="fl-f"/>
      </object_component>
      <object_component id="oc-274">
         <name>.const:.string:mrfiBroadcastAddr</name>
         <load_address>0x9ef2</load_address>
         <run_address>0x9ef2</run_address>
         <size>0x4</size>
         <input_file_ref idref="fl-10"/>
      </object_component>
      <object_component id="oc-366">
         <name>.const:.string:mrfiLogicalChanTable</name>
         <load_address>0x9ef6</load_address>
         <run_address>0x9ef6</run_address>
         <size>0x4</size>
         <input_file_ref idref="fl-10"/>
      </object_component>
      <object_component id="oc-370">
         <name>.const:.string:mrfiRFPowerTable</name>
         <load_address>0x9efa</load_address>
         <run_address>0x9efa</run_address>
         <size>0x3</size>
         <input_file_ref idref="fl-10"/>
      </object_component>
      <object_component id="oc-2d">
         <name>.int02</name>
         <load_address>0xffe4</load_address>
         <run_address>0xffe4</run_address>
         <size>0x2</size>
         <input_file_ref idref="fl-4d"/>
      </object_component>
      <object_component id="oc-2e">
         <name>.int03</name>
         <load_address>0xffe6</load_address>
         <run_address>0xffe6</run_address>
         <size>0x2</size>
         <input_file_ref idref="fl-10"/>
      </object_component>
      <object_component id="oc-2f">
         <name>.int05</name>
         <load_address>0xffea</load_address>
         <run_address>0xffea</run_address>
         <size>0x2</size>
         <input_file_ref idref="fl-4e"/>
      </object_component>
      <object_component id="oc-30">
         <name>.int06</name>
         <load_address>0xffec</load_address>
         <run_address>0xffec</run_address>
         <size>0x2</size>
         <input_file_ref idref="fl-4f"/>
      </object_component>
      <object_component id="oc-31">
         <name>.int07</name>
         <load_address>0xffee</load_address>
         <run_address>0xffee</run_address>
         <size>0x2</size>
         <input_file_ref idref="fl-3"/>
      </object_component>
      <object_component id="oc-32">
         <name>.int08</name>
         <load_address>0xfff0</load_address>
         <run_address>0xfff0</run_address>
         <size>0x2</size>
         <input_file_ref idref="fl-50"/>
      </object_component>
      <object_component id="oc-33">
         <name>.int09</name>
         <load_address>0xfff2</load_address>
         <run_address>0xfff2</run_address>
         <size>0x2</size>
         <input_file_ref idref="fl-51"/>
      </object_component>
      <object_component id="oc-34">
         <name>.int10</name>
         <load_address>0xfff4</load_address>
         <run_address>0xfff4</run_address>
         <size>0x2</size>
         <input_file_ref idref="fl-52"/>
      </object_component>
      <object_component id="oc-35">
         <name>.int12</name>
         <load_address>0xfff8</load_address>
         <run_address>0xfff8</run_address>
         <size>0x2</size>
         <input_file_ref idref="fl-53"/>
      </object_component>
      <object_component id="oc-36">
         <name>.int13</name>
         <load_address>0xfffa</load_address>
         <run_address>0xfffa</run_address>
         <size>0x2</size>
         <input_file_ref idref="fl-54"/>
      </object_component>
      <object_component id="oc-37">
         <name>.int14</name>
         <load_address>0xfffc</load_address>
         <run_address>0xfffc</run_address>
         <size>0x2</size>
         <input_file_ref idref="fl-55"/>
      </object_component>
      <object_component id="oc-53">
         <name>.reset</name>
         <load_address>0xfffe</load_address>
         <run_address>0xfffe</run_address>
         <size>0x2</size>
         <input_file_ref idref="fl-40"/>
      </object_component>
      <object_component id="oc-4d6">
         <name>.common:sServiceLinkID</name>
         <uninitialized>true</uninitialized>
         <run_address>0x288</run_address>
         <size>0x2</size>
      </object_component>
      <object_component id="oc-41e">
         <name>.common:sInFrameQ</name>
         <uninitialized>true</uninitialized>
         <run_address>0x200</run_address>
         <size>0x34</size>
      </object_component>
      <object_component id="oc-405">
         <name>.common:sOutFrameQ</name>
         <uninitialized>true</uninitialized>
         <run_address>0x234</run_address>
         <size>0x34</size>
      </object_component>
      <object_component id="oc-3c8">
         <name>.common:sAPAddress</name>
         <uninitialized>true</uninitialized>
         <run_address>0x280</run_address>
         <size>0x4</size>
      </object_component>
      <object_component id="oc-43e">
         <name>.common:sMyRAMAddress</name>
         <uninitialized>true</uninitialized>
         <run_address>0x284</run_address>
         <size>0x4</size>
      </object_component>
      <object_component id="oc-407">
         <name>.common:mrfiIncomingPacket</name>
         <uninitialized>true</uninitialized>
         <run_address>0x268</run_address>
         <size>0x18</size>
      </object_component>
      <object_component id="oc-ae">
         <name>.data</name>
         <load_address>0x2dd</load_address>
         <run_address>0x2dd</run_address>
         <size>0x2</size>
         <input_file_ref idref="fl-3"/>
      </object_component>
      <object_component id="oc-120">
         <name>.data</name>
         <load_address>0x2d6</load_address>
         <run_address>0x2d6</run_address>
         <size>0x3</size>
         <input_file_ref idref="fl-2"/>
      </object_component>
      <object_component id="oc-130">
         <name>.data</name>
         <load_address>0x2c9</load_address>
         <run_address>0x2c9</run_address>
         <size>0x1</size>
         <input_file_ref idref="fl-d"/>
      </object_component>
      <object_component id="oc-175">
         <name>.data</name>
         <load_address>0x2b0</load_address>
         <run_address>0x2b0</run_address>
         <size>0x9</size>
         <input_file_ref idref="fl-10"/>
      </object_component>
      <object_component id="oc-1b3">
         <name>.data</name>
         <load_address>0x2b9</load_address>
         <run_address>0x2b9</run_address>
         <size>0x1</size>
         <input_file_ref idref="fl-11"/>
      </object_component>
      <object_component id="oc-228">
         <name>.data</name>
         <load_address>0x28a</load_address>
         <run_address>0x28a</run_address>
         <size>0x26</size>
         <input_file_ref idref="fl-b"/>
      </object_component>
      <object_component id="oc-26a">
         <name>.data</name>
         <load_address>0x2d1</load_address>
         <run_address>0x2d1</run_address>
         <size>0x1</size>
         <input_file_ref idref="fl-f"/>
      </object_component>
      <object_component id="oc-277">
         <name>.data:mrfiRxFilterAddr</name>
         <load_address>0x2d2</load_address>
         <run_address>0x2d2</run_address>
         <size>0x4</size>
         <input_file_ref idref="fl-10"/>
      </object_component>
      <object_component id="oc-282">
         <name>.data</name>
         <load_address>0x2c2</load_address>
         <run_address>0x2c2</run_address>
         <size>0x7</size>
         <input_file_ref idref="fl-6"/>
      </object_component>
      <object_component id="oc-384">
         <name>.data</name>
         <load_address>0x2ba</load_address>
         <run_address>0x2ba</run_address>
         <size>0x8</size>
         <input_file_ref idref="fl-e"/>
      </object_component>
      <object_component id="oc-394">
         <name>.data</name>
         <load_address>0x2d9</load_address>
         <run_address>0x2d9</run_address>
         <size>0x1</size>
         <input_file_ref idref="fl-9"/>
      </object_component>
      <object_component id="oc-399">
         <name>.data</name>
         <load_address>0x2da</load_address>
         <run_address>0x2da</run_address>
         <size>0x3</size>
         <input_file_ref idref="fl-8"/>
      </object_component>
      <object_component id="oc-39d">
         <name>.data</name>
         <load_address>0x2ca</load_address>
         <run_address>0x2ca</run_address>
         <size>0x7</size>
         <input_file_ref idref="fl-7"/>
      </object_component>
      <object_component id="oc-39">
         <name>.debug_info</name>
         <load_address>0x0</load_address>
         <run_address>0x0</run_address>
         <size>0x125</size>
         <input_file_ref idref="fl-40"/>
      </object_component>
      <object_component id="oc-3f">
         <name>.debug_info</name>
         <load_address>0x125</load_address>
         <run_address>0x125</run_address>
         <size>0x194</size>
         <input_file_ref idref="fl-41"/>
      </object_component>
      <object_component id="oc-47">
         <name>.debug_info</name>
         <load_address>0x2b9</load_address>
         <run_address>0x2b9</run_address>
         <size>0x16a</size>
         <input_file_ref idref="fl-43"/>
      </object_component>
      <object_component id="oc-4d">
         <name>.debug_info</name>
         <load_address>0x423</load_address>
         <run_address>0x423</run_address>
         <size>0x18e</size>
         <input_file_ref idref="fl-42"/>
      </object_component>
      <object_component id="oc-51">
         <name>.debug_info</name>
         <load_address>0x5b1</load_address>
         <run_address>0x5b1</run_address>
         <size>0xaa</size>
         <input_file_ref idref="fl-40"/>
      </object_component>
      <object_component id="oc-57">
         <name>.debug_info</name>
         <load_address>0x65b</load_address>
         <run_address>0x65b</run_address>
         <size>0xc2</size>
         <input_file_ref idref="fl-56"/>
      </object_component>
      <object_component id="oc-5a">
         <name>.debug_info</name>
         <load_address>0x71d</load_address>
         <run_address>0x71d</run_address>
         <size>0x1f9</size>
         <input_file_ref idref="fl-10"/>
      </object_component>
      <object_component id="oc-60">
         <name>.debug_info</name>
         <load_address>0x916</load_address>
         <run_address>0x916</run_address>
         <size>0x126</size>
         <input_file_ref idref="fl-3"/>
      </object_component>
      <object_component id="oc-66">
         <name>.debug_info</name>
         <load_address>0xa3c</load_address>
         <run_address>0xa3c</run_address>
         <size>0x1cb</size>
         <input_file_ref idref="fl-11"/>
      </object_component>
      <object_component id="oc-6c">
         <name>.debug_info</name>
         <load_address>0xc07</load_address>
         <run_address>0xc07</run_address>
         <size>0x153</size>
         <input_file_ref idref="fl-66"/>
      </object_component>
      <object_component id="oc-72">
         <name>.debug_info</name>
         <load_address>0xd5a</load_address>
         <run_address>0xd5a</run_address>
         <size>0x16d</size>
         <input_file_ref idref="fl-2"/>
      </object_component>
      <object_component id="oc-79">
         <name>.debug_info</name>
         <load_address>0xec7</load_address>
         <run_address>0xec7</run_address>
         <size>0xcc</size>
         <input_file_ref idref="fl-49"/>
      </object_component>
      <object_component id="oc-82">
         <name>.debug_info</name>
         <load_address>0xf93</load_address>
         <run_address>0xf93</run_address>
         <size>0x157</size>
         <input_file_ref idref="fl-5c"/>
      </object_component>
      <object_component id="oc-85">
         <name>.debug_info</name>
         <load_address>0x10ea</load_address>
         <run_address>0x10ea</run_address>
         <size>0x46</size>
         <input_file_ref idref="fl-41"/>
      </object_component>
      <object_component id="oc-8a">
         <name>.debug_info</name>
         <load_address>0x1130</load_address>
         <run_address>0x1130</run_address>
         <size>0x167</size>
         <input_file_ref idref="fl-41"/>
      </object_component>
      <object_component id="oc-8c">
         <name>.debug_info</name>
         <load_address>0x1297</load_address>
         <run_address>0x1297</run_address>
         <size>0x46</size>
         <input_file_ref idref="fl-43"/>
      </object_component>
      <object_component id="oc-91">
         <name>.debug_info</name>
         <load_address>0x12dd</load_address>
         <run_address>0x12dd</run_address>
         <size>0x11f</size>
         <input_file_ref idref="fl-43"/>
      </object_component>
      <object_component id="oc-93">
         <name>.debug_info</name>
         <load_address>0x13fc</load_address>
         <run_address>0x13fc</run_address>
         <size>0x1ef</size>
         <input_file_ref idref="fl-42"/>
      </object_component>
      <object_component id="oc-99">
         <name>.debug_info</name>
         <load_address>0x15eb</load_address>
         <run_address>0x15eb</run_address>
         <size>0x129</size>
         <input_file_ref idref="fl-42"/>
      </object_component>
      <object_component id="oc-9a">
         <name>.debug_info</name>
         <load_address>0x1714</load_address>
         <run_address>0x1714</run_address>
         <size>0x39</size>
         <input_file_ref idref="fl-42"/>
      </object_component>
      <object_component id="oc-a1">
         <name>.debug_info</name>
         <load_address>0x174d</load_address>
         <run_address>0x174d</run_address>
         <size>0x84</size>
         <input_file_ref idref="fl-2"/>
      </object_component>
      <object_component id="oc-a8">
         <name>.debug_info</name>
         <load_address>0x17d1</load_address>
         <run_address>0x17d1</run_address>
         <size>0x1e0</size>
         <input_file_ref idref="fl-10"/>
      </object_component>
      <object_component id="oc-af">
         <name>.debug_info</name>
         <load_address>0x19b1</load_address>
         <run_address>0x19b1</run_address>
         <size>0xf5</size>
         <input_file_ref idref="fl-3"/>
      </object_component>
      <object_component id="oc-b4">
         <name>.debug_info</name>
         <load_address>0x1aa6</load_address>
         <run_address>0x1aa6</run_address>
         <size>0xe1</size>
         <input_file_ref idref="fl-48"/>
      </object_component>
      <object_component id="oc-b9">
         <name>.debug_info</name>
         <load_address>0x1b87</load_address>
         <run_address>0x1b87</run_address>
         <size>0x2ba</size>
         <input_file_ref idref="fl-66"/>
      </object_component>
      <object_component id="oc-bb">
         <name>.debug_info</name>
         <load_address>0x1e41</load_address>
         <run_address>0x1e41</run_address>
         <size>0x1c9</size>
         <input_file_ref idref="fl-11"/>
      </object_component>
      <object_component id="oc-c1">
         <name>.debug_info</name>
         <load_address>0x200a</load_address>
         <run_address>0x200a</run_address>
         <size>0x112</size>
         <input_file_ref idref="fl-3"/>
      </object_component>
      <object_component id="oc-c8">
         <name>.debug_info</name>
         <load_address>0x211c</load_address>
         <run_address>0x211c</run_address>
         <size>0x17d</size>
         <input_file_ref idref="fl-3"/>
      </object_component>
      <object_component id="oc-ce">
         <name>.debug_info</name>
         <load_address>0x2299</load_address>
         <run_address>0x2299</run_address>
         <size>0x1ba</size>
         <input_file_ref idref="fl-2"/>
      </object_component>
      <object_component id="oc-d4">
         <name>.debug_info</name>
         <load_address>0x2453</load_address>
         <run_address>0x2453</run_address>
         <size>0x276</size>
         <input_file_ref idref="fl-d"/>
      </object_component>
      <object_component id="oc-da">
         <name>.debug_info</name>
         <load_address>0x26c9</load_address>
         <run_address>0x26c9</run_address>
         <size>0x137</size>
         <input_file_ref idref="fl-2"/>
      </object_component>
      <object_component id="oc-e0">
         <name>.debug_info</name>
         <load_address>0x2800</load_address>
         <run_address>0x2800</run_address>
         <size>0x16e</size>
         <input_file_ref idref="fl-2"/>
      </object_component>
      <object_component id="oc-e8">
         <name>.debug_info</name>
         <load_address>0x296e</load_address>
         <run_address>0x296e</run_address>
         <size>0x127</size>
         <input_file_ref idref="fl-5c"/>
      </object_component>
      <object_component id="oc-e9">
         <name>.debug_info</name>
         <load_address>0x2a95</load_address>
         <run_address>0x2a95</run_address>
         <size>0x2c</size>
         <input_file_ref idref="fl-2"/>
      </object_component>
      <object_component id="oc-ee">
         <name>.debug_info</name>
         <load_address>0x2ac1</load_address>
         <run_address>0x2ac1</run_address>
         <size>0x2c</size>
         <input_file_ref idref="fl-41"/>
      </object_component>
      <object_component id="oc-fb">
         <name>.debug_info</name>
         <load_address>0x2aed</load_address>
         <run_address>0x2aed</run_address>
         <size>0x359</size>
         <input_file_ref idref="fl-10"/>
      </object_component>
      <object_component id="oc-106">
         <name>.debug_info</name>
         <load_address>0x2e46</load_address>
         <run_address>0x2e46</run_address>
         <size>0x39</size>
         <input_file_ref idref="fl-66"/>
      </object_component>
      <object_component id="oc-10c">
         <name>.debug_info</name>
         <load_address>0x2e7f</load_address>
         <run_address>0x2e7f</run_address>
         <size>0x1c1</size>
         <input_file_ref idref="fl-11"/>
      </object_component>
      <object_component id="oc-112">
         <name>.debug_info</name>
         <load_address>0x3040</load_address>
         <run_address>0x3040</run_address>
         <size>0x1f2</size>
         <input_file_ref idref="fl-11"/>
      </object_component>
      <object_component id="oc-118">
         <name>.debug_info</name>
         <load_address>0x3232</load_address>
         <run_address>0x3232</run_address>
         <size>0x6d</size>
         <input_file_ref idref="fl-2"/>
      </object_component>
      <object_component id="oc-11f">
         <name>.debug_info</name>
         <load_address>0x329f</load_address>
         <run_address>0x329f</run_address>
         <size>0x2cf</size>
         <input_file_ref idref="fl-3"/>
      </object_component>
      <object_component id="oc-121">
         <name>.debug_info</name>
         <load_address>0x356e</load_address>
         <run_address>0x356e</run_address>
         <size>0x10e</size>
         <input_file_ref idref="fl-2"/>
      </object_component>
      <object_component id="oc-124">
         <name>.debug_info</name>
         <load_address>0x367c</load_address>
         <run_address>0x367c</run_address>
         <size>0x29b</size>
         <input_file_ref idref="fl-d"/>
      </object_component>
      <object_component id="oc-12a">
         <name>.debug_info</name>
         <load_address>0x3917</load_address>
         <run_address>0x3917</run_address>
         <size>0x692</size>
         <input_file_ref idref="fl-2"/>
      </object_component>
      <object_component id="oc-12f">
         <name>.debug_info</name>
         <load_address>0x3fa9</load_address>
         <run_address>0x3fa9</run_address>
         <size>0x317</size>
         <input_file_ref idref="fl-2"/>
      </object_component>
      <object_component id="oc-131">
         <name>.debug_info</name>
         <load_address>0x42c0</load_address>
         <run_address>0x42c0</run_address>
         <size>0x10b</size>
         <input_file_ref idref="fl-d"/>
      </object_component>
      <object_component id="oc-134">
         <name>.debug_info</name>
         <load_address>0x43cb</load_address>
         <run_address>0x43cb</run_address>
         <size>0x443</size>
         <input_file_ref idref="fl-10"/>
      </object_component>
      <object_component id="oc-13a">
         <name>.debug_info</name>
         <load_address>0x480e</load_address>
         <run_address>0x480e</run_address>
         <size>0x2b2</size>
         <input_file_ref idref="fl-b"/>
      </object_component>
      <object_component id="oc-140">
         <name>.debug_info</name>
         <load_address>0x4ac0</load_address>
         <run_address>0x4ac0</run_address>
         <size>0x236</size>
         <input_file_ref idref="fl-10"/>
      </object_component>
      <object_component id="oc-146">
         <name>.debug_info</name>
         <load_address>0x4cf6</load_address>
         <run_address>0x4cf6</run_address>
         <size>0x1da</size>
         <input_file_ref idref="fl-f"/>
      </object_component>
      <object_component id="oc-14c">
         <name>.debug_info</name>
         <load_address>0x4ed0</load_address>
         <run_address>0x4ed0</run_address>
         <size>0x21f</size>
         <input_file_ref idref="fl-10"/>
      </object_component>
      <object_component id="oc-152">
         <name>.debug_info</name>
         <load_address>0x50ef</load_address>
         <run_address>0x50ef</run_address>
         <size>0x1f0</size>
         <input_file_ref idref="fl-10"/>
      </object_component>
      <object_component id="oc-158">
         <name>.debug_info</name>
         <load_address>0x52df</load_address>
         <run_address>0x52df</run_address>
         <size>0x3b6</size>
         <input_file_ref idref="fl-6"/>
      </object_component>
      <object_component id="oc-15e">
         <name>.debug_info</name>
         <load_address>0x5695</load_address>
         <run_address>0x5695</run_address>
         <size>0x749</size>
         <input_file_ref idref="fl-d"/>
      </object_component>
      <object_component id="oc-161">
         <name>.debug_info</name>
         <load_address>0x5dde</load_address>
         <run_address>0x5dde</run_address>
         <size>0x2f9</size>
         <input_file_ref idref="fl-d"/>
      </object_component>
      <object_component id="oc-167">
         <name>.debug_info</name>
         <load_address>0x60d7</load_address>
         <run_address>0x60d7</run_address>
         <size>0x314</size>
         <input_file_ref idref="fl-d"/>
      </object_component>
      <object_component id="oc-16d">
         <name>.debug_info</name>
         <load_address>0x63eb</load_address>
         <run_address>0x63eb</run_address>
         <size>0x200</size>
         <input_file_ref idref="fl-d"/>
      </object_component>
      <object_component id="oc-176">
         <name>.debug_info</name>
         <load_address>0x65eb</load_address>
         <run_address>0x65eb</run_address>
         <size>0x21a</size>
         <input_file_ref idref="fl-10"/>
      </object_component>
      <object_component id="oc-179">
         <name>.debug_info</name>
         <load_address>0x6805</load_address>
         <run_address>0x6805</run_address>
         <size>0x1fe</size>
         <input_file_ref idref="fl-10"/>
      </object_component>
      <object_component id="oc-17f">
         <name>.debug_info</name>
         <load_address>0x6a03</load_address>
         <run_address>0x6a03</run_address>
         <size>0x22b</size>
         <input_file_ref idref="fl-10"/>
      </object_component>
      <object_component id="oc-185">
         <name>.debug_info</name>
         <load_address>0x6c2e</load_address>
         <run_address>0x6c2e</run_address>
         <size>0x4d3</size>
         <input_file_ref idref="fl-10"/>
      </object_component>
      <object_component id="oc-188">
         <name>.debug_info</name>
         <load_address>0x7101</load_address>
         <run_address>0x7101</run_address>
         <size>0x183</size>
         <input_file_ref idref="fl-5e"/>
      </object_component>
      <object_component id="oc-193">
         <name>.debug_info</name>
         <load_address>0x7284</load_address>
         <run_address>0x7284</run_address>
         <size>0x280</size>
         <input_file_ref idref="fl-10"/>
      </object_component>
      <object_component id="oc-19a">
         <name>.debug_info</name>
         <load_address>0x7504</load_address>
         <run_address>0x7504</run_address>
         <size>0x22e</size>
         <input_file_ref idref="fl-10"/>
      </object_component>
      <object_component id="oc-1a2">
         <name>.debug_info</name>
         <load_address>0x7732</load_address>
         <run_address>0x7732</run_address>
         <size>0x22b</size>
         <input_file_ref idref="fl-e"/>
      </object_component>
      <object_component id="oc-1a8">
         <name>.debug_info</name>
         <load_address>0x795d</load_address>
         <run_address>0x795d</run_address>
         <size>0x217</size>
         <input_file_ref idref="fl-10"/>
      </object_component>
      <object_component id="oc-1ae">
         <name>.debug_info</name>
         <load_address>0x7b74</load_address>
         <run_address>0x7b74</run_address>
         <size>0x2c</size>
         <input_file_ref idref="fl-2"/>
      </object_component>
      <object_component id="oc-1b4">
         <name>.debug_info</name>
         <load_address>0x7ba0</load_address>
         <run_address>0x7ba0</run_address>
         <size>0x10c</size>
         <input_file_ref idref="fl-11"/>
      </object_component>
      <object_component id="oc-1b8">
         <name>.debug_info</name>
         <load_address>0x7cac</load_address>
         <run_address>0x7cac</run_address>
         <size>0x1b9</size>
         <input_file_ref idref="fl-11"/>
      </object_component>
      <object_component id="oc-1be">
         <name>.debug_info</name>
         <load_address>0x7e65</load_address>
         <run_address>0x7e65</run_address>
         <size>0x1c5</size>
         <input_file_ref idref="fl-11"/>
      </object_component>
      <object_component id="oc-1c9">
         <name>.debug_info</name>
         <load_address>0x802a</load_address>
         <run_address>0x802a</run_address>
         <size>0x222</size>
         <input_file_ref idref="fl-b"/>
      </object_component>
      <object_component id="oc-1cf">
         <name>.debug_info</name>
         <load_address>0x824c</load_address>
         <run_address>0x824c</run_address>
         <size>0x21c</size>
         <input_file_ref idref="fl-b"/>
      </object_component>
      <object_component id="oc-1d5">
         <name>.debug_info</name>
         <load_address>0x8468</load_address>
         <run_address>0x8468</run_address>
         <size>0x328</size>
         <input_file_ref idref="fl-e"/>
      </object_component>
      <object_component id="oc-1dd">
         <name>.debug_info</name>
         <load_address>0x8790</load_address>
         <run_address>0x8790</run_address>
         <size>0x5e</size>
         <input_file_ref idref="fl-2"/>
      </object_component>
      <object_component id="oc-1e6">
         <name>.debug_info</name>
         <load_address>0x87ee</load_address>
         <run_address>0x87ee</run_address>
         <size>0x1bf</size>
         <input_file_ref idref="fl-10"/>
      </object_component>
      <object_component id="oc-1ec">
         <name>.debug_info</name>
         <load_address>0x89ad</load_address>
         <run_address>0x89ad</run_address>
         <size>0x23d</size>
         <input_file_ref idref="fl-10"/>
      </object_component>
      <object_component id="oc-1f2">
         <name>.debug_info</name>
         <load_address>0x8bea</load_address>
         <run_address>0x8bea</run_address>
         <size>0x20f</size>
         <input_file_ref idref="fl-10"/>
      </object_component>
      <object_component id="oc-1f8">
         <name>.debug_info</name>
         <load_address>0x8df9</load_address>
         <run_address>0x8df9</run_address>
         <size>0x102</size>
         <input_file_ref idref="fl-10"/>
      </object_component>
      <object_component id="oc-1fb">
         <name>.debug_info</name>
         <load_address>0x8efb</load_address>
         <run_address>0x8efb</run_address>
         <size>0x236</size>
         <input_file_ref idref="fl-10"/>
      </object_component>
      <object_component id="oc-201">
         <name>.debug_info</name>
         <load_address>0x9131</load_address>
         <run_address>0x9131</run_address>
         <size>0x223</size>
         <input_file_ref idref="fl-10"/>
      </object_component>
      <object_component id="oc-207">
         <name>.debug_info</name>
         <load_address>0x9354</load_address>
         <run_address>0x9354</run_address>
         <size>0x210</size>
         <input_file_ref idref="fl-10"/>
      </object_component>
      <object_component id="oc-20f">
         <name>.debug_info</name>
         <load_address>0x9564</load_address>
         <run_address>0x9564</run_address>
         <size>0xd3</size>
         <input_file_ref idref="fl-3f"/>
      </object_component>
      <object_component id="oc-213">
         <name>.debug_info</name>
         <load_address>0x9637</load_address>
         <run_address>0x9637</run_address>
         <size>0xd4</size>
         <input_file_ref idref="fl-62"/>
      </object_component>
      <object_component id="oc-219">
         <name>.debug_info</name>
         <load_address>0x970b</load_address>
         <run_address>0x970b</run_address>
         <size>0xd6</size>
         <input_file_ref idref="fl-47"/>
      </object_component>
      <object_component id="oc-21c">
         <name>.debug_info</name>
         <load_address>0x97e1</load_address>
         <run_address>0x97e1</run_address>
         <size>0xd3</size>
         <input_file_ref idref="fl-59"/>
      </object_component>
      <object_component id="oc-222">
         <name>.debug_info</name>
         <load_address>0x98b4</load_address>
         <run_address>0x98b4</run_address>
         <size>0xd4</size>
         <input_file_ref idref="fl-61"/>
      </object_component>
      <object_component id="oc-229">
         <name>.debug_info</name>
         <load_address>0x9988</load_address>
         <run_address>0x9988</run_address>
         <size>0x10b</size>
         <input_file_ref idref="fl-b"/>
      </object_component>
      <object_component id="oc-22c">
         <name>.debug_info</name>
[...]
         <value>0x9878</value>
         <object_component_ref idref="oc-1ce"/>
      </symbol>
      <symbol id="sm-303">
         <name>nwk_isLinkDuplicate</name>
         <value>0x9286</value>
         <object_component_ref idref="oc-4c4"/>
      </symbol>
      <symbol id="sm-304">
         <name>nwk_isConnectionValid</name>
         <value>0x8e56</value>
         <object_component_ref idref="oc-412"/>
      </symbol>
      <symbol id="sm-305">
         <name>nwk_isValidReply</name>
         <value>0x94c8</value>
         <object_component_ref idref="oc-490"/>
      </symbol>
      <symbol id="sm-306">
         <name>nwk_putNumObjectIntoMsg</name>
         <value>0x9452</value>
         <object_component_ref idref="oc-285"/>
      </symbol>
      <symbol id="sm-307">
         <name>nwk_allocateLocalRxPort</name>
         <value>0x8684</value>
         <object_component_ref idref="oc-4d0"/>
      </symbol>
      <symbol id="sm-308">
         <name>nwk_nwkInit</name>
         <value>0x8ae8</value>
         <object_component_ref idref="oc-139"/>
      </symbol>
      <symbol id="sm-309">
         <name>nwk_getConnInfo</name>
         <value>0x96a4</value>
         <object_component_ref idref="oc-1c8"/>
      </symbol>
      <symbol id="sm-30a">
         <name>nwk_getNumObjectFromMsg</name>
         <value>0x9db0</value>
         <object_component_ref idref="oc-4be"/>
      </symbol>
      <symbol id="sm-351">
         <name>nwk_QadjustOrder</name>
         <value>0x9672</value>
         <object_component_ref idref="oc-354"/>
      </symbol>
      <symbol id="sm-352">
         <name>nwk_QfindSlot</name>
         <value>0x8b6e</value>
         <object_component_ref idref="oc-328"/>
      </symbol>
      <symbol id="sm-353">
         <name>nwk_QInit</name>
         <value>0x9b9c</value>
         <object_component_ref idref="oc-237"/>
      </symbol>
      <symbol id="sm-354">
         <name>nwk_QfindOldest</name>
         <value>0x835e</value>
         <object_component_ref idref="oc-34e"/>
      </symbol>
      <symbol id="sm-3b3">
         <name>SMPL_Receive</name>
         <value>0x911a</value>
         <object_component_ref idref="oc-123"/>
      </symbol>
      <symbol id="sm-3b4">
         <name>SMPL_Send</name>
         <value>0x9e30</value>
         <object_component_ref idref="oc-16c"/>
      </symbol>
      <symbol id="sm-3b5">
         <name>SMPL_Init</name>
         <value>0x95a4</value>
         <object_component_ref idref="oc-d3"/>
      </symbol>
      <symbol id="sm-3b6">
         <name>SMPL_SendOpt</name>
         <value>0x8c72</value>
         <object_component_ref idref="oc-306"/>
      </symbol>
      <symbol id="sm-3b7">
         <name>SMPL_LinkListen</name>
         <value>0x8de0</value>
         <object_component_ref idref="oc-160"/>
      </symbol>
      <symbol id="sm-3b8">
         <name>SMPL_Ioctl</name>
         <value>0x88ec</value>
         <object_component_ref idref="oc-166"/>
      </symbol>
      <symbol id="sm-415">
         <name>nwk_buildFrame</name>
         <value>0x8a4a</value>
         <object_component_ref idref="oc-3eb"/>
      </symbol>
      <symbol id="sm-416">
         <name>nwk_sendFrame</name>
         <value>0x9798</value>
         <object_component_ref idref="oc-3f1"/>
      </symbol>
      <symbol id="sm-417">
         <name>nwk_getMyRxType</name>
         <value>0x9e5c</value>
         <object_component_ref idref="oc-4d7"/>
      </symbol>
      <symbol id="sm-418">
         <name>nwk_frameInit</name>
         <value>0x9b20</value>
         <object_component_ref idref="oc-231"/>
      </symbol>
      <symbol id="sm-419">
         <name>nwk_retrieveFrame</name>
         <value>0x883a</value>
         <object_component_ref idref="oc-1d4"/>
      </symbol>
      <symbol id="sm-41a">
         <name>MRFI_RxCompleteISR</name>
         <value>0x9aa0</value>
         <object_component_ref idref="oc-1a1"/>
      </symbol>
      <symbol id="sm-464">
         <name>nwk_getProtocolVersion</name>
         <value>0x9e62</value>
         <object_component_ref idref="oc-28b"/>
      </symbol>
      <symbol id="sm-465">
         <name>nwk_getFWVersion</name>
         <value>0x9e56</value>
         <object_component_ref idref="oc-2e1"/>
      </symbol>
      <symbol id="sm-466">
         <name>nwk_globalsInit</name>
         <value>0x993e</value>
         <object_component_ref idref="oc-22b"/>
      </symbol>
      <symbol id="sm-467">
         <name>nwk_setAPAddress</name>
         <value>0x9dbe</value>
         <object_component_ref idref="oc-2af"/>
      </symbol>
      <symbol id="sm-468">
         <name>nwk_setMyAddress</name>
         <value>0x9bf2</value>
         <object_component_ref idref="oc-3dd"/>
      </symbol>
      <symbol id="sm-469">
         <name>nwk_getBCastAddress</name>
         <value>0x9e50</value>
         <object_component_ref idref="oc-261"/>
      </symbol>
      <symbol id="sm-46a">
         <name>nwk_getMyAddress</name>
         <value>0x9d50</value>
         <object_component_ref idref="oc-145"/>
      </symbol>
      <symbol id="sm-617">
         <name>MRFI_Sleep</name>
         <value>0x99d6</value>
         <object_component_ref idref="oc-2a3"/>
      </symbol>
      <symbol id="sm-618">
         <name>MRFI_PostKillSem</name>
         <value>0x9dda</value>
         <object_component_ref idref="oc-472"/>
      </symbol>
      <symbol id="sm-619">
         <name>MRFI_SetLogicalChannel</name>
         <value>0x9640</value>
         <object_component_ref idref="oc-1fa"/>
      </symbol>
      <symbol id="sm-61a">
         <name>MRFI_Rssi</name>
         <value>0x9312</value>
         <object_component_ref idref="oc-3e4"/>
      </symbol>
      <symbol id="sm-61b">
         <name>MRFI_Init</name>
         <value>0x8000</value>
         <object_component_ref idref="oc-133"/>
      </symbol>
      <symbol id="sm-61c">
         <name>mrfiSpiCmdStrobe</name>
         <value>0x91b2</value>
         <object_component_ref idref="oc-1a7"/>
      </symbol>
      <symbol id="sm-61d">
         <name>__TI_int03</name>
         <value>0xffe6</value>
         <object_component_ref idref="oc-2e"/>
      </symbol>
      <symbol id="sm-61e">
         <name>MRFI_RxAddrIsFiltered</name>
         <value>0x91fa</value>
         <object_component_ref idref="oc-192"/>
      </symbol>
      <symbol id="sm-61f">
         <name>MRFI_SetRxAddrFilter</name>
         <value>0x9570</value>
         <object_component_ref idref="oc-14b"/>
      </symbol>
      <symbol id="sm-620">
         <name>MRFI_RandomByte</name>
         <value>0x9c74</value>
         <object_component_ref idref="oc-387"/>
      </symbol>
      <symbol id="sm-621">
         <name>MRFI_RxOn</name>
         <value>0x9a1c</value>
         <object_component_ref idref="oc-291"/>
      </symbol>
      <symbol id="sm-622">
         <name>MRFI_GpioIsr</name>
         <value>0x9bba</value>
         <object_component_ref idref="oc-a7"/>
      </symbol>
      <symbol id="sm-623">
         <name>mrfiBroadcastAddr</name>
         <value>0x9ef2</value>
         <object_component_ref idref="oc-274"/>
      </symbol>
      <symbol id="sm-624">
         <name>mrfiSpiReadReg</name>
         <value>0x9b7e</value>
         <object_component_ref idref="oc-178"/>
      </symbol>
      <symbol id="sm-625">
         <name>mrfiSpiReadRxFifo</name>
         <value>0x9df2</value>
         <object_component_ref idref="oc-17e"/>
      </symbol>
      <symbol id="sm-626">
         <name>MRFI_ReplyDelay</name>
         <value>0x9416</value>
         <object_component_ref idref="oc-297"/>
      </symbol>
      <symbol id="sm-627">
         <name>MRFI_WakeUp</name>
         <value>0x8fd2</value>
         <object_component_ref idref="oc-13f"/>
      </symbol>
      <symbol id="sm-628">
         <name>MRFI_Transmit</name>
         <value>0x8488</value>
         <object_component_ref idref="oc-442"/>
      </symbol>
      <symbol id="sm-629">
         <name>mrfiSpiWriteReg</name>
         <value>0x9c42</value>
         <object_component_ref idref="oc-1f1"/>
      </symbol>
      <symbol id="sm-62a">
         <name>mrfiSpiWriteTxFifo</name>
         <value>0x9da2</value>
         <object_component_ref idref="oc-481"/>
      </symbol>
      <symbol id="sm-62b">
         <name>MRFI_RxIdle</name>
         <value>0x9ac0</value>
         <object_component_ref idref="oc-29d"/>
      </symbol>
      <symbol id="sm-62c">
         <name>MRFI_GetRadioState</name>
         <value>0x9e38</value>
         <object_component_ref idref="oc-27c"/>
      </symbol>
      <symbol id="sm-62d">
         <name>MRFI_DelayMs</name>
         <value>0x9c5c</value>
         <object_component_ref idref="oc-2d4"/>
      </symbol>
      <symbol id="sm-62e">
         <name>MRFI_EnableRxAddrFilter</name>
         <value>0x99fa</value>
         <object_component_ref idref="oc-151"/>
      </symbol>
      <symbol id="sm-62f">
         <name>MRFI_SetRFPwr</name>
         <value>0x953c</value>
         <object_component_ref idref="oc-200"/>
      </symbol>
      <symbol id="sm-630">
         <name>mrfiSpiInit</name>
         <value>0x95d8</value>
         <object_component_ref idref="oc-1e5"/>
      </symbol>
      <symbol id="sm-631">
         <name>MRFI_Receive</name>
         <value>0x9d94</value>
         <object_component_ref idref="oc-32e"/>
      </symbol>
      <symbol id="sm-632">
         <name>BSP_GpioPort1Isr</name>
         <value>0x9c0e</value>
         <object_component_ref idref="oc-59"/>
      </symbol>
      <symbol id="sm-671">
         <name>BSP_Init</name>
         <value>0x9a60</value>
         <object_component_ref idref="oc-ba"/>
      </symbol>
      <symbol id="sm-672">
         <name>BSP_InitButtons</name>
         <value>0x9dfe</value>
         <object_component_ref idref="oc-1bd"/>
      </symbol>
      <symbol id="sm-673">
         <name>BSP_InitBoard</name>
         <value>0x9a80</value>
         <object_component_ref idref="oc-10b"/>
      </symbol>
      <symbol id="sm-674">
         <name>BSP_InitLeds</name>
         <value>0x9d1a</value>
         <object_component_ref idref="oc-1b7"/>
      </symbol>
      <symbol id="sm-675">
         <name>BSP_Delay</name>
         <value>0x9b60</value>
         <object_component_ref idref="oc-35c"/>
      </symbol>
      <symbol id="sm-676">
         <name>BSP_InitDrivers</name>
         <value>0x9e08</value>
         <object_component_ref idref="oc-111"/>
      </symbol>
      <symbol id="sm-677">
         <name>_system_pre_init</name>
         <value>0x9e12</value>
         <object_component_ref idref="oc-65"/>
      </symbol>
      <symbol id="sm-681">
         <name>__mspabi_sral</name>
         <value>0x9d74</value>
         <object_component_ref idref="oc-20c"/>
      </symbol>
      <symbol id="sm-691">
         <name>_c_int00_noexit</name>
         <value>0x9c28</value>
         <object_component_ref idref="oc-38"/>
      </symbol>
      <symbol id="sm-692">
         <name>_c_int00</name>
         <value>0x9c28</value>
         <object_component_ref idref="oc-38"/>
      </symbol>
      <symbol id="sm-693">
         <name>_stack</name>
         <value>0x5b0</value>
         <object_component_ref idref="oc-50"/>
      </symbol>
      <symbol id="sm-694">
         <name>_reset_vector</name>
         <value>0xfffe</value>
         <object_component_ref idref="oc-53"/>
      </symbol>
      <symbol id="sm-6aa">
         <name>__TI_decompress_none</name>
         <value>0x9d2c</value>
         <object_component_ref idref="oc-3e"/>
      </symbol>
      <symbol id="sm-6cc">
         <name>__TI_decompress_rle24</name>
         <value>0x9e44</value>
         <object_component_ref idref="oc-4a"/>
      </symbol>
      <symbol id="sm-6df">
         <name>__TI_zero_init</name>
         <value>0x9cb6</value>
         <object_component_ref idref="oc-44"/>
      </symbol>
      <symbol id="sm-6ec">
         <name>__mspabi_remi</name>
         <value>0x9822</value>
         <object_component_ref idref="oc-322"/>
      </symbol>
      <symbol id="sm-6ed">
         <name>__mspabi_divi</name>
         <value>0x9822</value>
         <object_component_ref idref="oc-322"/>
      </symbol>
      <symbol id="sm-6f7">
         <name>__mspabi_remu</name>
         <value>0x9ca0</value>
         <object_component_ref idref="oc-3fe"/>
      </symbol>
      <symbol id="sm-6f8">
         <name>__mspabi_divu</name>
         <value>0x9ca0</value>
         <object_component_ref idref="oc-3fe"/>
      </symbol>
      <symbol id="sm-706">
         <name>__mspabi_remul</name>
         <value>0x8f7a</value>
         <object_component_ref idref="oc-216"/>
      </symbol>
      <symbol id="sm-707">
         <name>__mspabi_divul</name>
         <value>0x8f7a</value>
         <object_component_ref idref="oc-216"/>
      </symbol>
      <symbol id="sm-710">
         <name>__mspabi_func_epilog_2</name>
         <value>0x9d8e</value>
         <object_component_ref idref="oc-b3"/>
      </symbol>
      <symbol id="sm-711">
         <name>__mspabi_func_epilog_3</name>
         <value>0x9d8c</value>
         <object_component_ref idref="oc-b3"/>
      </symbol>
      <symbol id="sm-712">
         <name>__mspabi_func_epilog_1</name>
         <value>0x9d90</value>
         <object_component_ref idref="oc-b3"/>
      </symbol>
      <symbol id="sm-713">
         <name>__mspabi_func_epilog_6</name>
         <value>0x9d86</value>
         <object_component_ref idref="oc-b3"/>
      </symbol>
      <symbol id="sm-714">
         <name>__mspabi_func_epilog_7</name>
         <value>0x9d84</value>
         <object_component_ref idref="oc-b3"/>
      </symbol>
      <symbol id="sm-715">
         <name>__mspabi_func_epilog_4</name>
         <value>0x9d8a</value>
         <object_component_ref idref="oc-b3"/>
      </symbol>
      <symbol id="sm-716">
         <name>__mspabi_func_epilog_5</name>
         <value>0x9d88</value>
         <object_component_ref idref="oc-b3"/>
      </symbol>
      <symbol id="sm-720">
         <name>C$$EXIT</name>
         <value>0x9e68</value>
         <object_component_ref idref="oc-77"/>
      </symbol>
      <symbol id="sm-721">
         <name>abort</name>
         <value>0x9e68</value>
         <object_component_ref idref="oc-77"/>
      </symbol>
      <symbol id="sm-727">
         <name>__TI_int02</name>
         <value>0xffe4</value>
         <object_component_ref idref="oc-2d"/>
      </symbol>
      <symbol id="sm-72a">
         <name>__TI_int05</name>
         <value>0xffea</value>
         <object_component_ref idref="oc-2f"/>
      </symbol>
      <symbol id="sm-72d">
         <name>__TI_int06</name>
         <value>0xffec</value>
         <object_component_ref idref="oc-30"/>
      </symbol>
      <symbol id="sm-730">
         <name>__TI_int08</name>
         <value>0xfff0</value>
         <object_component_ref idref="oc-32"/>
      </symbol>
      <symbol id="sm-733">
         <name>__TI_int09</name>
         <value>0xfff2</value>
         <object_component_ref idref="oc-33"/>
      </symbol>
      <symbol id="sm-736">
         <name>__TI_int10</name>
         <value>0xfff4</value>
         <object_component_ref idref="oc-34"/>
      </symbol>
      <symbol id="sm-739">
         <name>__TI_int12</name>
         <value>0xfff8</value>
         <object_component_ref idref="oc-35"/>
      </symbol>
      <symbol id="sm-73c">
         <name>__TI_int13</name>
         <value>0xfffa</value>
         <object_component_ref idref="oc-36"/>
      </symbol>
      <symbol id="sm-73f">
         <name>__TI_int14</name>
         <value>0xfffc</value>
         <object_component_ref idref="oc-37"/>
      </symbol>
      <symbol id="sm-747">
         <name>__TI_ISR_TRAP</name>
         <value>0x9e3e</value>
         <object_component_ref idref="oc-54"/>
      </symbol>
      <symbol id="sm-751">
         <name>__mspabi_srli_8</name>
         <value>0x9190</value>
         <object_component_ref idref="oc-21b"/>
      </symbol>
      <symbol id="sm-752">
         <name>__mspabi_srli_9</name>
         <value>0x918c</value>
         <object_component_ref idref="oc-21b"/>
      </symbol>
      <symbol id="sm-753">
         <name>__mspabi_srli_6</name>
         <value>0x9198</value>
         <object_component_ref idref="oc-21b"/>
      </symbol>
      <symbol id="sm-754">
         <name>__mspabi_srli_7</name>
         <value>0x9194</value>
         <object_component_ref idref="oc-21b"/>
      </symbol>
      <symbol id="sm-755">
         <name>__mspabi_srli_4</name>
         <value>0x91a0</value>
         <object_component_ref idref="oc-21b"/>
      </symbol>
      <symbol id="sm-756">
         <name>__mspabi_srli_5</name>
         <value>0x919c</value>
         <object_component_ref idref="oc-21b"/>
      </symbol>
      <symbol id="sm-757">
         <name>__mspabi_srli_2</name>
         <value>0x91a8</value>
         <object_component_ref idref="oc-21b"/>
      </symbol>
      <symbol id="sm-758">
         <name>__mspabi_srli_3</name>
         <value>0x91a4</value>
         <object_component_ref idref="oc-21b"/>
      </symbol>
      <symbol id="sm-759">
         <name>__mspabi_srli_1</name>
         <value>0x91ac</value>
         <object_component_ref idref="oc-21b"/>
      </symbol>
      <symbol id="sm-75a">
         <name>__mspabi_srli</name>
         <value>0x9166</value>
         <object_component_ref idref="oc-21b"/>
      </symbol>
      <symbol id="sm-75b">
         <name>__mspabi_srli_15</name>
         <value>0x9174</value>
         <object_component_ref idref="oc-21b"/>
      </symbol>
      <symbol id="sm-75c">
         <name>__mspabi_srli_14</name>
         <value>0x9178</value>
         <object_component_ref idref="oc-21b"/>
      </symbol>
      <symbol id="sm-75d">
         <name>__mspabi_srli_13</name>
         <value>0x917c</value>
         <object_component_ref idref="oc-21b"/>
      </symbol>
      <symbol id="sm-75e">
         <name>__mspabi_srli_12</name>
         <value>0x9180</value>
         <object_component_ref idref="oc-21b"/>
      </symbol>
      <symbol id="sm-75f">
         <name>__mspabi_srli_11</name>
         <value>0x9184</value>
         <object_component_ref idref="oc-21b"/>
      </symbol>
      <symbol id="sm-760">
         <name>__mspabi_srli_10</name>
         <value>0x9188</value>
         <object_component_ref idref="oc-21b"/>
      </symbol>
      <symbol id="sm-770">
         <name>memcmp</name>
         <value>0x9a3e</value>
         <object_component_ref idref="oc-409"/>
      </symbol>
      <symbol id="sm-77e">
         <name>memcpy</name>
         <value>0x9d3e</value>
         <object_component_ref idref="oc-7e"/>
      </symbol>
      <symbol id="sm-78d">
         <name>memmove</name>
         <value>0x9b00</value>
         <object_component_ref idref="oc-3b5"/>
      </symbol>
      <symbol id="sm-79b">
         <name>memset</name>
         <value>0x9cde</value>
         <object_component_ref idref="oc-187"/>
      </symbol>
      <symbol id="sm-7a7">
         <name>__mspabi_mpyi</name>
         <value>0x9cf2</value>
         <object_component_ref idref="oc-220"/>
      </symbol>
      <symbol id="sm-7b1">
         <name>__mspabi_mpyl</name>
         <value>0x99b0</value>
         <object_component_ref idref="oc-211"/>
      </symbol>
      <symbol id="sm-7ca">
         <name>_auto_init</name>
         <value>0x8f1c</value>
         <object_component_ref idref="oc-6b"/>
      </symbol>
      <symbol id="sm-7cc">
         <name>__TI_exit</name>
         <value>0x1</value>
      </symbol>
      <symbol id="sm-7cd">
         <name>__TI_args_main</name>
         <value>0x1</value>
      </symbol>
      <symbol id="sm-7ce">
         <name>__TI_INITARRAY_Base</name>
         <value>0x0</value>
      </symbol>
      <symbol id="sm-7cf">
         <name>__TI_INITARRAY_Limit</name>
         <value>0x0</value>
      </symbol>
   </symbol_table>
   <title>Link successful</title>
</link_info>
